 NssXMLSign

 Timestamp is 4296026f (Thu May 26 10:07:59 2005)

 Preferred load address is 10000000

 Start         Length     Name                   Class
 0001:00000000 001645feH .text                   CODE
 0001:00164600 00001ceaH .text$x                 CODE
 0001:001662f0 00000b23H .text$yc                CODE
 0001:00166e20 0000041fH .text$yd                CODE
 0002:00000000 00000654H .idata$5                DATA
 0002:00000660 000231d4H .rdata                  DATA
 0002:00023834 00000040H .rdata$debug            DATA
 0002:00023874 00000450H .rdata$r                DATA
 0002:00023cd0 000002f8H .rdata$sxdata           DATA
 0002:00023fc8 00000004H .rtc$IAA                DATA
 0002:00023fcc 000000c0H .rtc$IMZ                DATA
 0002:0002408c 00000004H .rtc$IZZ                DATA
 0002:00024090 00000004H .rtc$TAA                DATA
 0002:00024094 000000c0H .rtc$TMZ                DATA
 0002:00024154 00000004H .rtc$TZZ                DATA
 0002:00024158 00002770H .xdata$x                DATA
 0002:000268c8 00000004H ATL$__a                 DATA
 0002:000268cc 00000004H ATL$__z                 DATA
 0002:000268d0 00000118H .idata$2                DATA
 0002:000269e8 00000014H .idata$3                DATA
 0002:000269fc 00000654H .idata$4                DATA
 0002:00027050 000017caH .idata$6                DATA
 0002:00028820 000000a4H .edata                  DATA
 0003:00000000 00000004H .CRT$XCA                DATA
 0003:00000004 00000004H .CRT$XCAA               DATA
 0003:00000008 00000018H .CRT$XCC                DATA
 0003:00000020 0000007cH .CRT$XCL                DATA
 0003:0000009c 00000078H .CRT$XCU                DATA
 0003:00000114 00000004H .CRT$XCZ                DATA
 0003:00000118 00000004H .CRT$XIA                DATA
 0003:0000011c 00000010H .CRT$XIC                DATA
 0003:0000012c 00000004H .CRT$XIY                DATA
 0003:00000130 00000004H .CRT$XIZ                DATA
 0003:00000134 00000004H .CRT$XPA                DATA
 0003:00000138 00000004H .CRT$XPX                DATA
 0003:0000013c 00000004H .CRT$XPZ                DATA
 0003:00000140 00000004H .CRT$XTA                DATA
 0003:00000144 00000004H .CRT$XTB                DATA
 0003:00000148 00000004H .CRT$XTZ                DATA
 0003:00000150 000222a1H .data                   DATA
 0003:00022400 000032b8H .bss                    DATA
 0004:00000000 0000028cH .rsrc$01                DATA
 0004:00000290 00008038H .rsrc$02                DATA

  Address         Publics by Value              Rva+Base     Lib:Object

 0000:00000000       __except_list              00000000     <absolute>
 0000:000000be       ___safe_se_handler_count   000000be     <absolute>
 0000:00000000       ___ImageBase               10000000     <linker-defined>
 0001:00000000       ??0CCAMClient@@QAE@XZ      10001000 f   CAMClient.obj
 0001:00000040       ??1CCAMClient@@QAE@XZ      10001040 f   CAMClient.obj
 0001:00000060       ?validate@CCAMClient@@QAEJPAE0H0PAHPAPAE121@Z 10001060 f   CAMClient.obj
 0001:000002f0       ?full_recv@CCAMClient@@AAEHIPADH@Z 100012f0 f   CAMClient.obj
 0001:00000370       ?newBinString@CCAMClient@@AAEPAUBinString@@HPAD@Z 10001370 f   CAMClient.obj
 0001:000003d0       ?delBinString@CCAMClient@@AAEXPAUBinString@@@Z 100013d0 f   CAMClient.obj
 0001:00000420       ?serialize@CCAMClient@@AAEPAUBinString@@PAXHH@Z 10001420 f   CAMClient.obj
 0001:00000580       ?deserialize@CCAMClient@@AAEPADPAUBinString@@HH@Z 10001580 f   CAMClient.obj
 0001:00000600       ?get_ip_from_hostname@@YAKPAD@Z 10001600 f   CAMClient.obj
 0001:00000770       ?my_connect@CCAMClient@@AAEIPAD@Z 10001770 f   CAMClient.obj
 0001:00000920       ?send_header@CCAMClient@@AAEHIH@Z 10001920 f   CAMClient.obj
 0001:000009c0       ?read_header@CCAMClient@@AAEHI@Z 100019c0 f   CAMClient.obj
 0001:00000a40       ?read_msg@CCAMClient@@AAEPAUBinString@@I@Z 10001a40 f   CAMClient.obj
 0001:00000ad0       ?send_bs@CCAMClient@@AAEHIPAUBinString@@@Z 10001ad0 f   CAMClient.obj
 0001:00000b50       ?read_file@CCAMClient@@AAEHPAD0H@Z 10001b50 f   CAMClient.obj
 0001:00000bd0       ?copy_str_out@CCAMClient@@AAEXPAUBinString@@PAE@Z 10001bd0 f   CAMClient.obj
 0001:00000c90       ?copy_mem_out@CCAMClient@@AAEXPAUBinString@@PAE@Z 10001c90 f   CAMClient.obj
 0001:00000ce0       ??0CAtlWinModule@ATL@@QAE@XZ 10001ce0 f i CAMClient.obj
 0001:00000d40       ??0_ATL_WIN_MODULE70@ATL@@QAE@XZ 10001d40 f i CAMClient.obj
 0001:00000d80       ??0CComCriticalSection@ATL@@QAE@XZ 10001d80 f i CAMClient.obj
 0001:00000db0       ??0?$CSimpleArray@GV?$CSimpleArrayEqualHelper@G@ATL@@@ATL@@QAE@XZ 10001db0 f i CAMClient.obj
 0001:00000df0       ??1CAtlWinModule@ATL@@QAE@XZ 10001df0 f i CAMClient.obj
 0001:00000e50       ?Term@CAtlWinModule@ATL@@QAEXXZ 10001e50 f i CAMClient.obj
 0001:00000e90       ?GetModuleInstance@CAtlBaseModule@ATL@@QAEPAUHINSTANCE__@@XZ 10001e90 f i CAMClient.obj
 0001:00000eb0       ??1_ATL_WIN_MODULE70@ATL@@QAE@XZ 10001eb0 f i CAMClient.obj
 0001:00000ee0       ??1?$CSimpleArray@GV?$CSimpleArrayEqualHelper@G@ATL@@@ATL@@QAE@XZ 10001ee0 f i CAMClient.obj
 0001:00000f10       ?RemoveAll@?$CSimpleArray@GV?$CSimpleArrayEqualHelper@G@ATL@@@ATL@@QAEXXZ 10001f10 f i CAMClient.obj
 0001:00000f90       ?crVerifyCertificate@@YAHPAPAEIPAU_SYSTEMTIME@@PAUSECItemStr@@PAU_CERTVERIFICATIONPARAMS@@PAU_GLOBAL_SIG@@@Z 10001f90 f   CertVerify.obj
 0001:000032d0       ??_G?$list@PAEV?$allocator@PAE@std@@@std@@QAEPAXI@Z 100042d0 f i CertVerify.obj
 0001:00003310       ??0?$list@PAEV?$allocator@PAE@std@@@std@@QAE@XZ 10004310 f i CertVerify.obj
 0001:00003360       ??1?$list@PAEV?$allocator@PAE@std@@@std@@QAE@XZ 10004360 f i CertVerify.obj
 0001:00003390       ?begin@?$list@PAEV?$allocator@PAE@std@@@std@@QAE?AViterator@12@XZ 10004390 f i CertVerify.obj
 0001:000033d0       ?end@?$list@PAEV?$allocator@PAE@std@@@std@@QAE?AViterator@12@XZ 100043d0 f i CertVerify.obj
 0001:00003400       ?size@?$list@PAEV?$allocator@PAE@std@@@std@@QBEIXZ 10004400 f i CertVerify.obj
 0001:00003420       ?insert@?$list@PAEV?$allocator@PAE@std@@@std@@QAE?AViterator@12@V312@ABQAE@Z 10004420 f i CertVerify.obj
 0001:00003460       ??0iterator@?$list@PAEV?$allocator@PAE@std@@@std@@QAE@XZ 10004460 f i CertVerify.obj
 0001:00003490       ??Diterator@?$list@PAEV?$allocator@PAE@std@@@std@@QBEAAPAEXZ 10004490 f i CertVerify.obj
 0001:000034c0       ??Fiterator@?$list@PAEV?$allocator@PAE@std@@@std@@QAE?AV012@H@Z 100044c0 f i CertVerify.obj
 0001:00003530       ??0?$vector@PAUSECItemStr@@V?$allocator@PAUSECItemStr@@@std@@@std@@QAE@XZ 10004530 f i CertVerify.obj
 0001:00003580       ??1?$vector@PAUSECItemStr@@V?$allocator@PAUSECItemStr@@@std@@@std@@QAE@XZ 10004580 f i CertVerify.obj
 0001:000035b0       ?size@?$vector@PAUSECItemStr@@V?$allocator@PAUSECItemStr@@@std@@@std@@QBEIXZ 100045b0 f i CertVerify.obj
 0001:00003600       ?at@?$vector@PAUSECItemStr@@V?$allocator@PAUSECItemStr@@@std@@@std@@QAEAAPAUSECItemStr@@I@Z 10004600 f i CertVerify.obj
 0001:00003670       ?push_back@?$vector@PAUSECItemStr@@V?$allocator@PAUSECItemStr@@@std@@@std@@QAEXABQAUSECItemStr@@@Z 10004670 f i CertVerify.obj
 0001:00003700       ?clear@?$vector@PAUSECItemStr@@V?$allocator@PAUSECItemStr@@@std@@@std@@QAEXXZ 10004700 f i CertVerify.obj
 0001:00003730       ?_Nextnode@?$list@PAEV?$allocator@PAE@std@@@std@@KAAAPAU_Node@?$_List_nod@PAEV?$allocator@PAE@std@@@2@PAU342@@Z 10004730 f i CertVerify.obj
 0001:00003740       ?_Insert@?$list@PAEV?$allocator@PAE@std@@@std@@QAEXViterator@12@ABQAE@Z 10004740 f i CertVerify.obj
 0001:000037e0       ?_Buynode@?$list@PAEV?$allocator@PAE@std@@@std@@IAEPAU_Node@?$_List_nod@PAEV?$allocator@PAE@std@@@2@XZ 100047e0 f i CertVerify.obj
 0001:00003910       ?_Tidy@?$list@PAEV?$allocator@PAE@std@@@std@@IAEXXZ 10004910 f i CertVerify.obj
 0001:00003990       ??0?$_List_val@PAEV?$allocator@PAE@std@@@std@@IAE@V?$allocator@PAE@1@@Z 10004990 f i CertVerify.obj
 0001:000039e0       ??0?$allocator@PAE@std@@QAE@XZ 100049e0 f i CertVerify.obj
 0001:00003a00       ??0iterator@?$list@PAEV?$allocator@PAE@std@@@std@@QAE@PAU_Node@?$_List_nod@PAEV?$allocator@PAE@std@@@2@@Z 10004a00 f i CertVerify.obj
 0001:00003a30       ??Fiterator@?$list@PAEV?$allocator@PAE@std@@@std@@QAEAAV012@XZ 10004a30 f i CertVerify.obj
 0001:00003a60       ??0const_iterator@?$list@PAEV?$allocator@PAE@std@@@std@@QAE@XZ 10004a60 f i CertVerify.obj
 0001:00003a80       ??Dconst_iterator@?$list@PAEV?$allocator@PAE@std@@@std@@QBEABQAEXZ 10004a80 f i CertVerify.obj
 0001:00003ab0       ?capacity@?$vector@PAUSECItemStr@@V?$allocator@PAUSECItemStr@@@std@@@std@@QBEIXZ 10004ab0 f i CertVerify.obj
 0001:00003b00       ?begin@?$vector@PAUSECItemStr@@V?$allocator@PAUSECItemStr@@@std@@@std@@QAE?AViterator@12@XZ 10004b00 f i CertVerify.obj
 0001:00003b30       ?end@?$vector@PAUSECItemStr@@V?$allocator@PAUSECItemStr@@@std@@@std@@QAE?AViterator@12@XZ 10004b30 f i CertVerify.obj
 0001:00003b60       ?insert@?$vector@PAUSECItemStr@@V?$allocator@PAUSECItemStr@@@std@@@std@@QAE?AViterator@12@V312@ABQAUSECItemStr@@@Z 10004b60 f i CertVerify.obj
 0001:00003bf0       ?_Buy@?$vector@PAUSECItemStr@@V?$allocator@PAUSECItemStr@@@std@@@std@@IAE_NI@Z 10004bf0 f i CertVerify.obj
 0001:00003c80       ?_Tidy@?$vector@PAUSECItemStr@@V?$allocator@PAUSECItemStr@@@std@@@std@@IAEXXZ 10004c80 f i CertVerify.obj
 0001:00003d00       ?_Ufill@?$vector@PAUSECItemStr@@V?$allocator@PAUSECItemStr@@@std@@@std@@IAEPAPAUSECItemStr@@PAPAU3@IABQAU3@@Z 10004d00 f i CertVerify.obj
 0001:00003d40       ?_Xran@?$vector@PAUSECItemStr@@V?$allocator@PAUSECItemStr@@@std@@@std@@IBEXXZ 10004d40 f i CertVerify.obj
 0001:00003dc0       ??0out_of_range@std@@QAE@ABV?$basic_string@DU?$char_traits@D@std@@V?$allocator@D@2@@1@@Z 10004dc0 f i CertVerify.obj
 0001:00003e00       ??0logic_error@std@@QAE@ABV?$basic_string@DU?$char_traits@D@std@@V?$allocator@D@2@@1@@Z 10004e00 f i CertVerify.obj
 0001:00003e70       ?what@logic_error@std@@UBEPBDXZ 10004e70 f i CertVerify.obj
 0001:00003ea0       ??_Glogic_error@std@@UAEPAXI@Z 10004ea0 f i CertVerify.obj
 0001:00003ea0       ??_Elogic_error@std@@UAEPAXI@Z 10004ea0 f i CertVerify.obj
 0001:00003ee0       ??1logic_error@std@@UAE@XZ 10004ee0 f i CertVerify.obj
 0001:00003f50       ??1out_of_range@std@@UAE@XZ 10004f50 f i CertVerify.obj
 0001:00003f80       ??_Eout_of_range@std@@UAEPAXI@Z 10004f80 f i CertVerify.obj
 0001:00003f80       ??_Gout_of_range@std@@UAEPAXI@Z 10004f80 f i CertVerify.obj
 0001:00003fc0       ??0?$basic_string@DU?$char_traits@D@std@@V?$allocator@D@2@@std@@QAE@ABV01@@Z 10004fc0 f i CertVerify.obj
 0001:00004020       ??1?$basic_string@DU?$char_traits@D@std@@V?$allocator@D@2@@std@@QAE@XZ 10005020 f i CertVerify.obj
 0001:00004050       ?c_str@?$basic_string@DU?$char_traits@D@std@@V?$allocator@D@2@@std@@QBEPBDXZ 10005050 f i CertVerify.obj
 0001:00004080       ?assign@?$basic_string@DU?$char_traits@D@std@@V?$allocator@D@2@@std@@QAEAAV12@ABV12@II@Z 10005080 f i CertVerify.obj
 0001:00004150       ?copy@?$char_traits@D@std@@SAPADPADPBDI@Z 10005150 f i CertVerify.obj
 0001:00004170       ?_Tidy@?$basic_string@DU?$char_traits@D@std@@V?$allocator@D@2@@std@@IAEX_NI@Z 10005170 f i CertVerify.obj
 0001:00004200       ?_Myptr@?$basic_string@DU?$char_traits@D@std@@V?$allocator@D@2@@std@@QBEPBDXZ 10005200 f i CertVerify.obj
 0001:00004240       ??0?$_String_val@DV?$allocator@D@std@@@std@@IAE@V?$allocator@D@1@@Z 10005240 f i CertVerify.obj
 0001:00004270       ??0?$allocator@D@std@@QAE@ABV01@@Z 10005270 f i CertVerify.obj
 0001:00004290       ??0?$_Vector_val@PAUSECItemStr@@V?$allocator@PAUSECItemStr@@@std@@@std@@IAE@V?$allocator@PAUSECItemStr@@@1@@Z 10005290 f i CertVerify.obj
 0001:000042c0       ??0?$allocator@PAUSECItemStr@@@std@@QAE@XZ 100052c0 f i CertVerify.obj
 0001:000042e0       ??Diterator@?$vector@PAUSECItemStr@@V?$allocator@PAUSECItemStr@@@std@@@std@@QBEAAPAUSECItemStr@@XZ 100052e0 f i CertVerify.obj
 0001:00004310       ??Hiterator@?$vector@PAUSECItemStr@@V?$allocator@PAUSECItemStr@@@std@@@std@@QBE?AV012@H@Z 10005310 f i CertVerify.obj
 0001:00004390       ??0out_of_range@std@@QAE@ABV01@@Z 10005390 f i CertVerify.obj
 0001:000043d0       ??0logic_error@std@@QAE@ABV01@@Z 100053d0 f i CertVerify.obj
 0001:00004450       ??0?$basic_string@DU?$char_traits@D@std@@V?$allocator@D@2@@std@@QAE@PBD@Z 10005450 f i CertVerify.obj
 0001:000044b0       ?erase@?$basic_string@DU?$char_traits@D@std@@V?$allocator@D@2@@std@@QAEAAV12@II@Z 100054b0 f i CertVerify.obj
 0001:00004560       ?move@?$char_traits@D@std@@SAPADPADPBDI@Z 10005560 f i CertVerify.obj
 0001:00004580       ?size@?$basic_string@DU?$char_traits@D@std@@V?$allocator@D@2@@std@@QBEIXZ 10005580 f i CertVerify.obj
 0001:000045a0       ?_Eos@?$basic_string@DU?$char_traits@D@std@@V?$allocator@D@2@@std@@IAEXI@Z 100055a0 f i CertVerify.obj
 0001:000045f0       ?assign@?$char_traits@D@std@@SAXAADABD@Z 100055f0 f i CertVerify.obj
 0001:00004600       ?_Grow@?$basic_string@DU?$char_traits@D@std@@V?$allocator@D@2@@std@@IAE_NI_N@Z 10005600 f i CertVerify.obj
 0001:000046b0       ?_Myptr@?$basic_string@DU?$char_traits@D@std@@V?$allocator@D@2@@std@@QAEPADXZ 100056b0 f i CertVerify.obj
 0001:000046f0       ?deallocate@?$allocator@D@std@@QAEXPADI@Z 100056f0 f i CertVerify.obj
 0001:00004720       ?_Prevnode@?$list@PAEV?$allocator@PAE@std@@@std@@KAAAPAU_Node@?$_List_nod@PAEV?$allocator@PAE@std@@@2@PAU342@@Z 10005720 f i CertVerify.obj
 0001:00004730       ?_Myval@?$list@PAEV?$allocator@PAE@std@@@std@@KAAAPAEPAU_Node@?$_List_nod@PAEV?$allocator@PAE@std@@@2@@Z 10005730 f i CertVerify.obj
 0001:00004740       ?clear@?$list@PAEV?$allocator@PAE@std@@@std@@QAEXXZ 10005740 f i CertVerify.obj
 0001:00004800       ?_Buynode@?$list@PAEV?$allocator@PAE@std@@@std@@IAEPAU_Node@?$_List_nod@PAEV?$allocator@PAE@std@@@2@PAU342@0ABQAE@Z 10005800 f i CertVerify.obj
 0001:000048e0       ??2@YAPAXIPAX@Z            100058e0 f i CertVerify.obj
 0001:000048f0       ??3@YAXPAX0@Z              100058f0 f i CertVerify.obj
 0001:00004900       ?_Incsize@?$list@PAEV?$allocator@PAE@std@@@std@@IAEXI@Z 10005900 f i CertVerify.obj
 0001:000049a0       ??0length_error@std@@QAE@ABV?$basic_string@DU?$char_traits@D@std@@V?$allocator@D@2@@1@@Z 100059a0 f i CertVerify.obj
 0001:000049e0       ??1length_error@std@@UAE@XZ 100059e0 f i CertVerify.obj
 0001:00004a10       ??_Elength_error@std@@UAEPAXI@Z 10005a10 f i CertVerify.obj
 0001:00004a10       ??_Glength_error@std@@UAEPAXI@Z 10005a10 f i CertVerify.obj
 0001:00004a50       ??0?$_List_ptr@PAEV?$allocator@PAE@std@@@std@@IAE@V?$allocator@PAE@1@@Z 10005a50 f i CertVerify.obj
 0001:00004aa0       ??0?$allocator@PAE@std@@QAE@ABV01@@Z 10005aa0 f i CertVerify.obj
 0001:00004ac0       ?deallocate@?$allocator@U_Node@?$_List_nod@PAEV?$allocator@PAE@std@@@std@@@std@@QAEXPAU_Node@?$_List_nod@PAEV?$allocator@PAE@std@@@2@I@Z 10005ac0 f i CertVerify.obj
 0001:00004af0       ?allocate@?$allocator@U_Node@?$_List_nod@PAEV?$allocator@PAE@std@@@std@@@std@@QAEPAU_Node@?$_List_nod@PAEV?$allocator@PAE@std@@@2@I@Z 10005af0 f i CertVerify.obj
 0001:00004b20       ?construct@?$allocator@PAU_Node@?$_List_nod@PAEV?$allocator@PAE@std@@@std@@@std@@QAEXPAPAU_Node@?$_List_nod@PAEV?$allocator@PAE@std@@@2@ABQAU342@@Z 10005b20 f i CertVerify.obj
 0001:00004b50       ?destroy@?$allocator@PAU_Node@?$_List_nod@PAEV?$allocator@PAE@std@@@std@@@std@@QAEXPAPAU_Node@?$_List_nod@PAEV?$allocator@PAE@std@@@2@@Z 10005b50 f i CertVerify.obj
 0001:00004b80       ??0const_iterator@?$list@PAEV?$allocator@PAE@std@@@std@@QAE@PAU_Node@?$_List_nod@PAEV?$allocator@PAE@std@@@2@@Z 10005b80 f i CertVerify.obj
 0001:00004ba0       ??Fconst_iterator@?$list@PAEV?$allocator@PAE@std@@@std@@QAEAAV012@XZ 10005ba0 f i CertVerify.obj
 0001:00004be0       ?_Mynode@const_iterator@?$list@PAEV?$allocator@PAE@std@@@std@@QBEPAU_Node@?$_List_nod@PAEV?$allocator@PAE@std@@@3@XZ 10005be0 f i CertVerify.obj
 0001:00004c00       ?max_size@?$vector@PAUSECItemStr@@V?$allocator@PAUSECItemStr@@@std@@@std@@QBEIXZ 10005c00 f i CertVerify.obj
 0001:00004c30       ?_Destroy@?$vector@PAUSECItemStr@@V?$allocator@PAUSECItemStr@@@std@@@std@@IAEXPAPAUSECItemStr@@0@Z 10005c30 f i CertVerify.obj
 0001:00004c70       ?_Insert_n@?$vector@PAUSECItemStr@@V?$allocator@PAUSECItemStr@@@std@@@std@@IAEXViterator@12@IABQAUSECItemStr@@@Z 10005c70 f i CertVerify.obj
 0001:00004fe0       ?_Xlen@?$vector@PAUSECItemStr@@V?$allocator@PAUSECItemStr@@@std@@@std@@IBEXXZ 10005fe0 f i CertVerify.obj
 0001:00005060       ??0?$allocator@PAUSECItemStr@@@std@@QAE@ABV01@@Z 10006060 f i CertVerify.obj
 0001:00005080       ?deallocate@?$allocator@PAUSECItemStr@@@std@@QAEXPAPAUSECItemStr@@I@Z 10006080 f i CertVerify.obj
 0001:000050b0       ?allocate@?$allocator@PAUSECItemStr@@@std@@QAEPAPAUSECItemStr@@I@Z 100060b0 f i CertVerify.obj
 0001:000050e0       ??0iterator@?$vector@PAUSECItemStr@@V?$allocator@PAUSECItemStr@@@std@@@std@@QAE@PAPAUSECItemStr@@@Z 100060e0 f i CertVerify.obj
 0001:00005110       ??Yiterator@?$vector@PAUSECItemStr@@V?$allocator@PAUSECItemStr@@@std@@@std@@QAEAAV012@H@Z 10006110 f i CertVerify.obj
 0001:00005140       ??Giterator@?$vector@PAUSECItemStr@@V?$allocator@PAUSECItemStr@@@std@@@std@@QBEHABVconst_iterator@12@@Z 10006140 f i CertVerify.obj
 0001:00005180       ??Dconst_iterator@?$vector@PAUSECItemStr@@V?$allocator@PAUSECItemStr@@@std@@@std@@QBEABQAUSECItemStr@@XZ 10006180 f i CertVerify.obj
 0001:000051a0       ??0length_error@std@@QAE@ABV01@@Z 100061a0 f i CertVerify.obj
 0001:000051e0       ?assign@?$basic_string@DU?$char_traits@D@std@@V?$allocator@D@2@@std@@QAEAAV12@PBD@Z 100061e0 f i CertVerify.obj
 0001:00005220       ?length@?$char_traits@D@std@@SAIPBD@Z 10006220 f i CertVerify.obj
 0001:00005240       ?max_size@?$basic_string@DU?$char_traits@D@std@@V?$allocator@D@2@@std@@QBEIXZ 10006240 f i CertVerify.obj
 0001:000052a0       ?_Copy@?$basic_string@DU?$char_traits@D@std@@V?$allocator@D@2@@std@@IAEXII@Z 100062a0 f i CertVerify.obj
 0001:00005420       ??0?$allocator@D@std@@QAE@XZ 10006420 f i CertVerify.obj
 0001:00005440       ?max_size@?$list@PAEV?$allocator@PAE@std@@@std@@QBEIXZ 10006440 f i CertVerify.obj
 0001:00005470       ??0?$_List_nod@PAEV?$allocator@PAE@std@@@std@@IAE@V?$allocator@PAE@1@@Z 10006470 f i CertVerify.obj
 0001:000054a0       ?destroy@?$allocator@U_Node@?$_List_nod@PAEV?$allocator@PAE@std@@@std@@@std@@QAEXPAU_Node@?$_List_nod@PAEV?$allocator@PAE@std@@@2@@Z 100064a0 f i CertVerify.obj
 0001:000054d0       ?max_size@?$allocator@PAUSECItemStr@@@std@@QBEIXZ 100064d0 f i CertVerify.obj
 0001:00005520       ??0const_iterator@?$vector@PAUSECItemStr@@V?$allocator@PAUSECItemStr@@@std@@@std@@QAE@PAPAUSECItemStr@@@Z 10006520 f i CertVerify.obj
 0001:00005540       ??Gconst_iterator@?$vector@PAUSECItemStr@@V?$allocator@PAUSECItemStr@@@std@@@std@@QBEHABV012@@Z 10006540 f i CertVerify.obj
 0001:00005570       ??0_Node@?$_List_nod@PAEV?$allocator@PAE@std@@@std@@QAE@PAU012@0ABQAE@Z 10006570 f i CertVerify.obj
 0001:000055b0       ?assign@?$basic_string@DU?$char_traits@D@std@@V?$allocator@D@2@@std@@QAEAAV12@PBDI@Z 100065b0 f i CertVerify.obj
 0001:00005640       ?allocate@?$allocator@D@std@@QAEPADI@Z 10006640 f i CertVerify.obj
 0001:00005670       ?max_size@?$allocator@D@std@@QBEIXZ 10006670 f i CertVerify.obj
 0001:000056c0       ?max_size@?$allocator@PAE@std@@QBEIXZ 100066c0 f i CertVerify.obj
 0001:00005710       ?_Inside@?$basic_string@DU?$char_traits@D@std@@V?$allocator@D@2@@std@@IAE_NPBD@Z 10006710 f i CertVerify.obj
 0001:00005760       ??$_Uninitialized_fill_n@PAPAUSECItemStr@@IPAU1@V?$allocator@PAUSECItemStr@@@std@@@std@@YAXPAPAUSECItemStr@@IABQAU1@AAV?$allocator@PAUSECItemStr@@@0@@Z 10006760 f i CertVerify.obj
 0001:000057b0       ??$?0PAE@?$allocator@PAU_Node@?$_List_nod@PAEV?$allocator@PAE@std@@@std@@@std@@QAE@ABV?$allocator@PAE@1@@Z 100067b0 f i CertVerify.obj
 0001:000057d0       ??$_Allocate@U_Node@?$_List_nod@PAEV?$allocator@PAE@std@@@std@@@std@@YAPAU_Node@?$_List_nod@PAEV?$allocator@PAE@std@@@0@IPAU120@@Z 100067d0 f i CertVerify.obj
 0001:000057f0       ??$_Construct@PAU_Node@?$_List_nod@PAEV?$allocator@PAE@std@@@std@@PAU123@@std@@YAXPAPAU_Node@?$_List_nod@PAEV?$allocator@PAE@std@@@0@ABQAU120@@Z 100067f0 f i CertVerify.obj
 0001:00005850       ??$_Destroy@PAU_Node@?$_List_nod@PAEV?$allocator@PAE@std@@@std@@@std@@YAXPAPAU_Node@?$_List_nod@PAEV?$allocator@PAE@std@@@0@@Z 10006850 f i CertVerify.obj
 0001:00005860       ??$_Destroy_range@PAUSECItemStr@@V?$allocator@PAUSECItemStr@@@std@@@std@@YAXPAPAUSECItemStr@@0AAV?$allocator@PAUSECItemStr@@@0@@Z 10006860 f i CertVerify.obj
 0001:000058b0       ??$_Ucopy@PAPAUSECItemStr@@@?$vector@PAUSECItemStr@@V?$allocator@PAUSECItemStr@@@std@@@std@@IAEPAPAUSECItemStr@@PAPAU2@00@Z 100068b0 f i CertVerify.obj
 0001:000058f0       ??$fill@PAPAUSECItemStr@@PAU1@@std@@YAXPAPAUSECItemStr@@0ABQAU1@@Z 100068f0 f i CertVerify.obj
 0001:00005920       ??$copy_backward@PAPAUSECItemStr@@PAPAU1@@std@@YAPAPAUSECItemStr@@PAPAU1@00@Z 10006920 f i CertVerify.obj
 0001:00005970       ??$_Allocate@PAUSECItemStr@@@std@@YAPAPAUSECItemStr@@IPAPAU1@@Z 10006970 f i CertVerify.obj
 0001:00005990       ??$?0PAE@?$allocator@U_Node@?$_List_nod@PAEV?$allocator@PAE@std@@@std@@@std@@QAE@ABV?$allocator@PAE@1@@Z 10006990 f i CertVerify.obj
 0001:000059b0       ??$_Destroy@U_Node@?$_List_nod@PAEV?$allocator@PAE@std@@@std@@@std@@YAXPAU_Node@?$_List_nod@PAEV?$allocator@PAE@std@@@0@@Z 100069b0 f i CertVerify.obj
 0001:000059c0       ??$_Allocate@D@std@@YAPADIPAD@Z 100069c0 f i CertVerify.obj
 0001:000059e0       ??$_Ptr_cat@USECItemStr@@@std@@YA?AU_Scalar_ptr_iterator_tag@0@PAPAUSECItemStr@@0@Z 100069e0 f i CertVerify.obj
 0001:00005a30       ??$_Uninit_fill_n@PAUSECItemStr@@IPAU1@@std@@YAXPAPAUSECItemStr@@IABQAU1@AAV?$allocator@PAUSECItemStr@@@0@U_Scalar_ptr_iterator_tag@0@@Z 10006a30 f i CertVerify.obj
 0001:00005a50       ??$_Destroy_range@PAUSECItemStr@@V?$allocator@PAUSECItemStr@@@std@@@std@@YAXPAPAUSECItemStr@@0AAV?$allocator@PAUSECItemStr@@@0@U_Scalar_ptr_iterator_tag@0@@Z 10006a50 f i CertVerify.obj
 0001:00005a60       ??$_Uninitialized_copy@PAPAUSECItemStr@@PAPAU1@V?$allocator@PAUSECItemStr@@@std@@@std@@YAPAPAUSECItemStr@@PAPAU1@00AAV?$allocator@PAUSECItemStr@@@0@@Z 10006a60 f i CertVerify.obj
 0001:00005ab0       ??$_Copy_backward_opt@PAPAUSECItemStr@@PAPAU1@@std@@YAPAPAUSECItemStr@@PAPAU1@00U_Scalar_ptr_iterator_tag@0@@Z 10006ab0 f i CertVerify.obj
 0001:00005b00       ??$fill_n@PAPAUSECItemStr@@IPAU1@@std@@YAXPAPAUSECItemStr@@IABQAU1@@Z 10006b00 f i CertVerify.obj
 0001:00005b30       ??$_Uninit_copy@PAUSECItemStr@@PAU1@@std@@YAPAPAUSECItemStr@@PAPAU1@00AAV?$allocator@PAUSECItemStr@@@0@U_Scalar_ptr_iterator_tag@0@@Z 10006b30 f i CertVerify.obj
 0001:00005b80       ?FileEncoding@@YAXPAE@Z    10006b80 f   CharConversion.obj
 0001:00005bb0       ?PrintBstr@@YAXPAG@Z       10006bb0 f   CharConversion.obj
 0001:00005c30       ?UTF16LEToUTF8@@YAHPAEPAHPBE1@Z 10006c30 f   CharConversion.obj
 0001:00005f00       ?UTF8ToUTF16LE@@YAHPAEPAHPBE1@Z 10006f00 f   CharConversion.obj
 0001:00006260       ?HeapW2A@@YAPAEPAG@Z       10007260 f   CharConversion.obj
 0001:00006660       ?ldump@@YAXPADI@Z          10007660 f   CharConversion.obj
 0001:00006790       ?head@@YAXJ@Z              10007790 f   CharConversion.obj
 0001:00006800       ?dump@@YAXPADI@Z           10007800 f   CharConversion.obj
 0001:000068c0       ?_AtlGetThreadACPThunk@ATL@@YGIXZ 100078c0 f i config.obj
 0001:000069a0       ?InterlockedExchangePointer@@YGPAXPAPAXPAX@Z 100079a0 f i config.obj
 0001:000069d0       ?_AtlGetThreadACPFake@ATL@@YGIXZ 100079d0 f i config.obj
 0001:00006ad0       ?_AtlGetThreadACPReal@ATL@@YGIXZ 10007ad0 f i config.obj
 0001:00006ae0       ?GetEnvironmentVariableWThunk@ATL@@YGKPBGPAGK@Z 10007ae0 f i config.obj
 0001:00006b30       ?_AtlInstallStringThunk@ATL@@YAXPAPAXPAX1@Z 10007b30 f i config.obj
 0001:00006bb0       ?GetEnvironmentVariableWFake@ATL@@YGKPBGPAGK@Z 10007bb0 f i config.obj
 0001:00006e10       ?_AtlGetConversionACP@ATL@@YGIXZ 10007e10 f i config.obj
 0001:00006e30       ?CompareStringWThunk@ATL@@YGHKKPBGH0H@Z 10007e30 f i config.obj
 0001:00006e80       ?CompareStringWFake@ATL@@YGHKKPBGH0H@Z 10007e80 f i config.obj
 0001:000070d0       ?_AtlVerifyStackAvailable@_ATL_SAFE_ALLOCA_IMPL@ATL@@YA_NK@Z 100080d0 f i config.obj
 0001:000071b0       ?AtlW2AHelper@@YGPADPADPBGHI@Z 100081b0 f i config.obj
 0001:00007290       ?AtlThrow@ATL@@YGXJ@Z      10008290 f i config.obj
 0001:00007310       ??0CTraceFileAndLineInfo@ATL@@QAE@PBDH@Z 10008310 f i config.obj
 0001:00007340       ??RCTraceFileAndLineInfo@ATL@@QBAXKIPBDZZ 10008340 f i config.obj
 0001:00007390       ?TraceV@CTrace@ATL@@QBAXPBDHKI0PAD@Z 10008390 f i config.obj
 0001:000073d0       ??BCTraceCategory@ATL@@QBEKXZ 100083d0 f i config.obj
 0001:000073f0       ??0CAtlException@ATL@@QAE@J@Z 100083f0 f i config.obj
 0001:00007410       ?GetStringTypeExWThunk@ATL@@YGHKKPBGHPAG@Z 10008410 f i config.obj
 0001:00007460       ?GetStringTypeExWFake@ATL@@YGHKKPBGHPAG@Z 10008460 f i config.obj
 0001:000075c0       ?lstrcmpiWThunk@ATL@@YGHPBG0@Z 100085c0 f i config.obj
 0001:00007600       ?lstrcmpiWFake@ATL@@YGHPBG0@Z 10008600 f i config.obj
 0001:00007720       ?CharLowerWThunk@ATL@@YGPAGPAG@Z 10008720 f i config.obj
 0001:00007760       ?CharLowerWFake@ATL@@YGPAGPAG@Z 10008760 f i config.obj
 0001:00007890       ?AtlA2WHelper@@YGPAGPAGPBDHI@Z 10008890 f i config.obj
 0001:00007970       ?CharUpperWThunk@ATL@@YGPAGPAG@Z 10008970 f i config.obj
 0001:000079b0       ?CharUpperWFake@ATL@@YGPAGPAG@Z 100089b0 f i config.obj
 0001:00007ae0       ??0CConfig@@QAE@PAVCSignature@@@Z 10008ae0 f   config.obj
 0001:00007cf0       ??1CConfig@@UAE@XZ         10008cf0 f   config.obj
 0001:00007d40       ?getConfigDetailsFromDom@CConfig@@QAEXPAU_xmlNode@@@Z 10008d40 f   config.obj
 0001:00009560       ?getConfigDetails@CConfig@@QAEHPAU_GLOBAL_SIG@@@Z 1000a560 f   config.obj
 0001:000095f0       ?setConfigDetails@CConfig@@QAEHPAG@Z 1000a5f0 f   config.obj
 0001:00009760       ??_ECConfig@@UAEPAXI@Z     1000a760 f i config.obj
 0001:00009760       ??_GCConfig@@UAEPAXI@Z     1000a760 f i config.obj
 0001:000097a0       ?A2WBSTR@@YAPAGPBDH@Z      1000a7a0 f i config.obj
 0001:00009970       ??4CComBSTR@ATL@@QAEAAV01@PBG@Z 1000a970 f i config.obj
 0001:000099f0       ?SetCRLTimeOut@CRLCache@@QAEXK@Z 1000a9f0 f i config.obj
 0001:00009a10       ??_Estringdispid@CComTypeInfoHolder@ATL@@QAEPAXI@Z 1000aa10 f i config.obj
 0001:00009a90       ??1stringdispid@CComTypeInfoHolder@ATL@@QAE@XZ 1000aa90 f i config.obj
 0001:00009ac0       ??1CComBSTR@ATL@@QAE@XZ    1000aac0 f i config.obj
 0001:00009b00       ??_GCCAMClient@@QAEPAXI@Z  1000ab00 f i config.obj
 0001:00009b40       ??_GCRLCache@@QAEPAXI@Z    1000ab40 f i config.obj
 0001:00009b80       ??0CComBSTR@ATL@@QAE@XZ    1000ab80 f i config.obj
 0001:00009ba0       ?Length@CComBSTR@ATL@@QBEIXZ 1000aba0 f i config.obj
 0001:00009c00       ??0?$CW2AEX@$0IA@@ATL@@QAE@PBG@Z 1000ac00 f i config.obj
 0001:00009c40       ??1?$CW2AEX@$0IA@@ATL@@QAE@XZ 1000ac40 f i config.obj
 0001:00009c80       ??B?$CW2AEX@$0IA@@ATL@@QBEPADXZ 1000ac80 f i config.obj
 0001:00009ca0       ?Init@?$CW2AEX@$0IA@@ATL@@AAEXPBGI@Z 1000aca0 f i config.obj
 0001:00009d70       ?AtlThrowLastWin32@ATL@@YGXXZ 1000ad70 f i config.obj
 0001:00009de0       ??0?$CAtlSafeAllocBufferManager@VCCRTAllocator@ATL@@@_ATL_SAFE_ALLOCA_IMPL@ATL@@QAE@XZ 1000ade0 f i config.obj
 0001:00009e00       ?Allocate@?$CAtlSafeAllocBufferManager@VCCRTAllocator@ATL@@@_ATL_SAFE_ALLOCA_IMPL@ATL@@QAEPAXK@Z 1000ae00 f i config.obj
 0001:00009e60       ?Allocate@CCRTAllocator@ATL@@SAPAXI@Z 1000ae60 f i config.obj
 0001:00009e80       ??1?$CAtlSafeAllocBufferManager@VCCRTAllocator@ATL@@@_ATL_SAFE_ALLOCA_IMPL@ATL@@QAE@XZ 1000ae80 f i config.obj
 0001:00009ed0       ?Free@CCRTAllocator@ATL@@SAXPAX@Z 1000aed0 f i config.obj
 0001:00009ef0       ??0?$CTempBuffer@D$0IA@VCCRTAllocator@ATL@@@ATL@@QAE@XZ 1000aef0 f i config.obj
 0001:00009f10       ??1?$CTempBuffer@D$0IA@VCCRTAllocator@ATL@@@ATL@@QAE@XZ 1000af10 f i config.obj
 0001:00009f50       ??B?$CTempBuffer@D$0IA@VCCRTAllocator@ATL@@@ATL@@QBEPADXZ 1000af50 f i config.obj
 0001:00009f70       ?Allocate@?$CTempBuffer@D$0IA@VCCRTAllocator@ATL@@@ATL@@QAEPADI@Z 1000af70 f i config.obj
 0001:00009fa0       ?AllocateBytes@?$CTempBuffer@D$0IA@VCCRTAllocator@ATL@@@ATL@@QAEPADI@Z 1000afa0 f i config.obj
 0001:0000a010       ?FreeHeap@?$CTempBuffer@D$0IA@VCCRTAllocator@ATL@@@ATL@@AAEXXZ 1000b010 f i config.obj
 0001:0000a040       ?GetData@CAtlSafeAllocBufferNode@?$CAtlSafeAllocBufferManager@VCCRTAllocator@ATL@@@_ATL_SAFE_ALLOCA_IMPL@ATL@@QAEPAXXZ 1000b040 f i config.obj
 0001:0000a060       ?AllocateHeap@?$CTempBuffer@D$0IA@VCCRTAllocator@ATL@@@ATL@@AAEXI@Z 1000b060 f i config.obj
 0001:0000a0b0       ?GetTimeDifferenceInMinutes@@YAJPAU_SYSTEMTIME@@0@Z 1000b0b0 f   CRLCache.obj
 0001:0000a170       ??0CRLCache@@QAE@PAGPAU_GLOBAL_SIG@@@Z 1000b170 f   CRLCache.obj
 0001:0000a190       ??1CRLCache@@QAE@XZ        1000b190 f   CRLCache.obj
 0001:0000a1f0       ?FetchCRLFromCRLCache@CRLCache@@QAEPAPAU_DS_DATA_BLOB@@PAU_CRYPTOAPI_BLOB@@PAIPAU_GLOBAL_SIG@@@Z 1000b1f0 f   CRLCache.obj
 0001:0000a220       ?EnterCRLIntoCRLCache@CRLCache@@QAEXPAU_CRYPTOAPI_BLOB@@PAU_DS_DATA_BLOB@@PAU_GLOBAL_SIG@@@Z 1000b220 f   CRLCache.obj
 0001:0000a240       ?DeleteCRLFromCRLCache@CRLCache@@QAEXPAU_CRYPTOAPI_BLOB@@PAU_DS_DATA_BLOB@@PAU_GLOBAL_SIG@@@Z 1000b240 f   CRLCache.obj
 0001:0000a260       ??0CLicense@@QAE@XZ        1000b260 f   License.obj
 0001:0000a480       ??1CLicense@@UAE@XZ        1000b480 f   License.obj
 0001:0000a540       ?getLicenseDetails@CLicense@@QAEHPAU_GLOBAL_SIG@@@Z 1000b540 f   License.obj
 0001:0000b130       ?getHostOsType@CLicense@@SAJXZ 1000c130 f   License.obj
 0001:0000b210       ?verifyLicense@CLicense@@QAEHPAU_GLOBAL_SIG@@@Z 1000c210 f   License.obj
 0001:0000bbf0       ?Get_CRC_CheckSum@CLicense@@SAXPAXKPAK@Z 1000cbf0 f   License.obj
 0001:0000bc70       ?verifyFloatingLicense@CLicense@@QAEXPAEKPAU_GLOBAL_SIG@@@Z 1000cc70 f   License.obj
 0001:0000c990       ?floatingLicenseStatus@CLicense@@QAEHXZ 1000d990 f   License.obj
 0001:0000cab0       ?verifyTemplateSignature@CLicense@@QAEHPAEIPAU_GLOBAL_SIG@@@Z 1000dab0 f   License.obj
 0001:0000cf50       ?validateXmlWithSchema@CLicense@@QAEHPAEPAU_xmlDoc@@PAU_GLOBAL_SIG@@@Z 1000df50 f   License.obj
 0001:0000d000       ?verifyFormSchema@CLicense@@QAEHPAEPAU_xmlDoc@@PAU_GLOBAL_SIG@@@Z 1000e000 f   License.obj
 0001:0000d300       ?getFormSignAllowed@CLicense@@QAEHPAEIPAU_GLOBAL_SIG@@@Z 1000e300 f   License.obj
 0001:0000d660       ?verifyTemplateSchema@CLicense@@QAEHPAEPAU_GLOBAL_SIG@@@Z 1000e660 f   License.obj
 0001:0000d920       ??_GCLicense@@UAEPAXI@Z    1000e920 f i License.obj
 0001:0000d920       ??_ECLicense@@UAEPAXI@Z    1000e920 f i License.obj
 0001:0000d960       ??0?$basic_string@DU?$char_traits@D@std@@V?$allocator@D@2@@std@@QAE@XZ 1000e960 f i License.obj
 0001:0000d9b0       ??4?$basic_string@DU?$char_traits@D@std@@V?$allocator@D@2@@std@@QAEAAV01@PBD@Z 1000e9b0 f i License.obj
 0001:0000d9e0       ?length@?$basic_string@DU?$char_traits@D@std@@V?$allocator@D@2@@std@@QBEIXZ 1000e9e0 f i License.obj
 0001:0000da00       ??$?HDU?$char_traits@D@std@@V?$allocator@D@1@@std@@YA?AV?$basic_string@DU?$char_traits@D@std@@V?$allocator@D@2@@0@ABV10@0@Z 1000ea00 f i License.obj
 0001:0000daa0       ??$?9DU?$char_traits@D@std@@V?$allocator@D@1@@std@@YA_NABV?$basic_string@DU?$char_traits@D@std@@V?$allocator@D@2@@0@0@Z 1000eaa0 f i License.obj
 0001:0000dad0       ??Y?$basic_string@DU?$char_traits@D@std@@V?$allocator@D@2@@std@@QAEAAV01@ABV01@@Z 1000ead0 f i License.obj
 0001:0000db00       ?append@?$basic_string@DU?$char_traits@D@std@@V?$allocator@D@2@@std@@QAEAAV12@ABV12@@Z 1000eb00 f i License.obj
 0001:0000db30       ?append@?$basic_string@DU?$char_traits@D@std@@V?$allocator@D@2@@std@@QAEAAV12@ABV12@II@Z 1000eb30 f i License.obj
 0001:0000dc00       ??$?8DU?$char_traits@D@std@@V?$allocator@D@1@@std@@YA_NABV?$basic_string@DU?$char_traits@D@std@@V?$allocator@D@2@@0@0@Z 1000ec00 f i License.obj
 0001:0000dc20       ?compare@?$basic_string@DU?$char_traits@D@std@@V?$allocator@D@2@@std@@QBEHABV12@@Z 1000ec20 f i License.obj
 0001:0000dc70       ?compare@?$basic_string@DU?$char_traits@D@std@@V?$allocator@D@2@@std@@QBEHIIPBDI@Z 1000ec70 f i License.obj
 0001:0000dd50       ?compare@?$char_traits@D@std@@SAHPBD0I@Z 1000ed50 f i License.obj
 0001:0000dd70       ??0CShowSelectCert@@QAE@PAEPAPAU_CERT_DESCR@@J@Z 1000ed70 f   ShowSelectCert.obj
 0001:0000e0a0       ??1CShowSelectCert@@UAE@XZ 1000f0a0 f   ShowSelectCert.obj
 0001:0000e160       ?getCertificateData@CShowSelectCert@@QAEPADH@Z 1000f160 f   ShowSelectCert.obj
 0001:0000e1a0       ?OnClickedButton1@CShowSelectCert@@QAEJGGPAUHWND__@@AAH@Z 1000f1a0 f   ShowSelectCert.obj
 0001:0000e1e0       ?ProcessWindowMessage@CShowSelectCert@@UAEHPAUHWND__@@IIJAAJK@Z 1000f1e0 f i ShowSelectCert.obj
 0001:0000e450       ?OnInitDialog@CShowSelectCert@@QAEJIIJAAH@Z 1000f450 f i ShowSelectCert.obj
 0001:0000e630       ?OnOK@CShowSelectCert@@QAEJGGPAUHWND__@@AAH@Z 1000f630 f i ShowSelectCert.obj
 0001:0000e680       ?OnCancel@CShowSelectCert@@QAEJGGPAUHWND__@@AAH@Z 1000f680 f i ShowSelectCert.obj
 0001:0000e6c0       ?CreateHeader@CShowSelectCert@@QAEXXZ 1000f6c0 f i ShowSelectCert.obj
 0001:0000e890       ?SetCell@CShowSelectCert@@QAEXPAGHH@Z 1000f890 f i ShowSelectCert.obj
 0001:0000e980       ?OnClickList@CShowSelectCert@@QAEJHPAUtagNMHDR@@AAH@Z 1000f980 f i ShowSelectCert.obj
 0001:0000e9c0       ?setSelection@CShowSelectCert@@QAEXXZ 1000f9c0 f i ShowSelectCert.obj
 0001:0000ea80       ??_GCShowSelectCert@@UAEPAXI@Z 1000fa80 f i ShowSelectCert.obj
 0001:0000ea80       ??_ECShowSelectCert@@UAEPAXI@Z 1000fa80 f i ShowSelectCert.obj
 0001:0000eac0       ??BCComBSTR@ATL@@QBEPAGXZ  1000fac0 f i ShowSelectCert.obj
 0001:0000eae0       ?LoadStringA@CComBSTR@ATL@@QAE_NI@Z 1000fae0 f i ShowSelectCert.obj
 0001:0000eb30       ?LoadStringResource@CComBSTR@ATL@@SA_NIAAPAG@Z 1000fb30 f i ShowSelectCert.obj
 0001:0000ebc0       ?AtlGetStringResourceImage@ATL@@YAPBUATLSTRINGRESOURCEIMAGE@1@I@Z 1000fbc0 f i ShowSelectCert.obj
 0001:0000ec50       ?AtlGetStringResourceImage@ATL@@YAPBUATLSTRINGRESOURCEIMAGE@1@PAUHINSTANCE__@@I@Z 1000fc50 f i ShowSelectCert.obj
 0001:0000ecb0       ?_AtlGetStringResourceImage@ATL@@YAPBUATLSTRINGRESOURCEIMAGE@1@PAUHINSTANCE__@@PAUHRSRC__@@I@Z 1000fcb0 f i ShowSelectCert.obj
 0001:0000eda0       ??1?$CAxDialogImpl@VCShowSelectCert@@VCWindow@ATL@@@ATL@@UAE@XZ 1000fda0 f i ShowSelectCert.obj
 0001:0000edd0       ??0?$CAxDialogImpl@VCShowSelectCert@@VCWindow@ATL@@@ATL@@QAE@XZ 1000fdd0 f i ShowSelectCert.obj
 0001:0000ee00       ?GetDialogProc@?$CAxDialogImpl@VCShowSelectCert@@VCWindow@ATL@@@ATL@@UAEP6GHPAUHWND__@@IIJ@ZXZ 1000fe00 f i ShowSelectCert.obj
 0001:0000ee20       ?EndDialog@?$CAxDialogImpl@VCShowSelectCert@@VCWindow@ATL@@@ATL@@QAEHH@Z 1000fe20 f i ShowSelectCert.obj
 0001:0000eed0       ?CreateActiveXControls@?$CAxDialogImpl@VCShowSelectCert@@VCWindow@ATL@@@ATL@@UAEJI@Z 1000fed0 f i ShowSelectCert.obj
 0001:0000f540       ?GetResourceInstance@CAtlBaseModule@ATL@@QAEPAUHINSTANCE__@@XZ 10010540 f i ShowSelectCert.obj
 0001:0000f560       ?AtlHresultFromLastError@ATL@@YAJXZ 10010560 f i ShowSelectCert.obj
 0001:0000f5c0       ??0?$CDialogImplBaseT@VCWindow@ATL@@@ATL@@QAE@XZ 100105c0 f i ShowSelectCert.obj
 0001:0000f5f0       ?MapDialogRect@?$CDialogImplBaseT@VCWindow@ATL@@@ATL@@QAEHPAUtagRECT@@@Z 100105f0 f i ShowSelectCert.obj
 0001:0000f670       ??0_U_RECT@ATL@@QAE@PAUtagRECT@@@Z 10010670 f i ShowSelectCert.obj
 0001:0000f690       ??0_U_MENUorID@ATL@@QAE@I@Z 10010690 f i ShowSelectCert.obj
 0001:0000f6b0       ?IsDialogEx@_DialogSplitHelper@ATL@@SAHPBUDLGTEMPLATE@@@Z 100106b0 f i ShowSelectCert.obj
 0001:0000f6d0       ?DlgTemplateItemCount@_DialogSplitHelper@ATL@@SAAAGPAUDLGTEMPLATE@@@Z 100106d0 f i ShowSelectCert.obj
 0001:0000f700       ?FindFirstDlgItem@_DialogSplitHelper@ATL@@SAPAUDLGITEMTEMPLATE@@PBUDLGTEMPLATE@@@Z 10010700 f i ShowSelectCert.obj
 0001:0000f840       ?FindNextDlgItem@_DialogSplitHelper@ATL@@SAPAUDLGITEMTEMPLATE@@PAU3@H@Z 10010840 f i ShowSelectCert.obj
 0001:0000f920       ?FindCreateData@_DialogSplitHelper@ATL@@SAKKPAEPAPAE@Z 10010920 f i ShowSelectCert.obj
 0001:0000f9f0       ?IsActiveXControl@_DialogSplitHelper@ATL@@SA_NPAUDLGITEMTEMPLATE@@H@Z 100109f0 f i ShowSelectCert.obj
 0001:0000fa40       ?ParseInitData@_DialogSplitHelper@ATL@@SAJPAUIStream@@PAPAG@Z 10010a40 f i ShowSelectCert.obj
 0001:0000fd70       ??0CComBSTR@ATL@@QAE@H@Z   10010d70 f i ShowSelectCert.obj
 0001:0000fdd0       ?Detach@CComBSTR@ATL@@QAEPAGXZ 10010dd0 f i ShowSelectCert.obj
 0001:0000fe00       ?Detach@CWindow@ATL@@QAEPAUHWND__@@XZ 10010e00 f i ShowSelectCert.obj
 0001:0000fe30       ??BCWindow@ATL@@QBEPAUHWND__@@XZ 10010e30 f i ShowSelectCert.obj
 0001:0000fe50       ?SendMessageA@CWindow@ATL@@QAEJIIJ@Z 10010e50 f i ShowSelectCert.obj
 0001:0000fed0       ??0?$CAxWindow2T@VCWindow@ATL@@@ATL@@QAE@PAUHWND__@@@Z 10010ed0 f i ShowSelectCert.obj
 0001:0000ff00       ?Create@?$CAxWindow2T@VCWindow@ATL@@@ATL@@QAEPAUHWND__@@PAU3@V_U_RECT@2@PBDKKV_U_MENUorID@2@PAX@Z 10010f00 f i ShowSelectCert.obj
 0001:0000ff50       ?Create@CWindow@ATL@@QAEPAUHWND__@@PBDPAU3@V_U_RECT@2@0KKV_U_MENUorID@2@PAX@Z 10010f50 f i ShowSelectCert.obj
 0001:00010010       ?CreateControlLic@?$CAxWindow2T@VCWindow@ATL@@@ATL@@QAEJPBGPAUIStream@@PAPAUIUnknown@@PAG@Z 10011010 f i ShowSelectCert.obj
 0001:00010050       ?SetWindowPos@CWindow@ATL@@QAEHPAUHWND__@@HHHHI@Z 10011050 f i ShowSelectCert.obj
 0001:000100e0       ?GetWndClassName@?$CAxWindow2T@VCWindow@ATL@@@ATL@@SAPBDXZ 100110e0 f i ShowSelectCert.obj
 0001:000100f0       ?CreateControlLicEx@?$CAxWindow2T@VCWindow@ATL@@@ATL@@QAEJPBGPAUIStream@@PAPAUIUnknown@@2ABU_GUID@@PAU4@PAG@Z 100110f0 f i ShowSelectCert.obj
 0001:00010300       ??1?$CComPtr@UIUnknown@@@ATL@@QAE@XZ 10011300 f i ShowSelectCert.obj
 0001:00010330       ??0?$CAxWindowT@VCWindow@ATL@@@ATL@@QAE@PAUHWND__@@@Z 10011330 f i ShowSelectCert.obj
 0001:00010370       ??0CWindow@ATL@@QAE@PAUHWND__@@@Z 10011370 f i ShowSelectCert.obj
 0001:00010390       ??1?$CComPtr@UIAxWinHostWindowLic@@@ATL@@QAE@XZ 10011390 f i ShowSelectCert.obj
 0001:000103c0       ?Detach@?$CComPtrBase@UIUnknown@@@ATL@@QAEPAUIUnknown@@XZ 100113c0 f i ShowSelectCert.obj
 0001:000103f0       ??0?$CComPtr@UIAxWinHostWindowLic@@@ATL@@QAE@XZ 100113f0 f i ShowSelectCert.obj
 0001:00010420       ??1?$CComPtrBase@UIAxWinHostWindowLic@@@ATL@@QAE@XZ 10011420 f i ShowSelectCert.obj
 0001:00010460       ??I?$CComPtrBase@UIAxWinHostWindowLic@@@ATL@@QAEPAPAUIAxWinHostWindowLic@@XZ 10011460 f i ShowSelectCert.obj
 0001:000104b0       ??C?$CComPtrBase@UIAxWinHostWindowLic@@@ATL@@QBEPAV?$_NoAddRefReleaseOnCComPtr@UIAxWinHostWindowLic@@@1@XZ 100114b0 f i ShowSelectCert.obj
 0001:00010500       ??0?$CComPtrBase@UIAxWinHostWindowLic@@@ATL@@IAE@XZ 10011500 f i ShowSelectCert.obj
 0001:00010520       ?DialogProc@?$CAxDialogImpl@VCShowSelectCert@@VCWindow@ATL@@@ATL@@SGHPAUHWND__@@IIJ@Z 10011520 f i ShowSelectCert.obj
 0001:000105c0       ??$QueryHost@UIAxWinHostWindowLic@@@?$CAxWindowT@VCWindow@ATL@@@ATL@@QAEJPAPAUIAxWinHostWindowLic@@@Z 100115c0 f i ShowSelectCert.obj
 0001:000105f0       ??$QueryInterface@UIUnknown@@@?$CComPtrBase@UIAxWinHostWindowLic@@@ATL@@QBEJPAPAUIUnknown@@@Z 100115f0 f i ShowSelectCert.obj
 0001:00010660       ?GetIDD@?$CAxDialogImpl@VCShowSelectCert@@VCWindow@ATL@@@ATL@@QAEHXZ 10011660 f i ShowSelectCert.obj
 0001:00010680       ?DestroyWindow@?$CAxDialogImpl@VCShowSelectCert@@VCWindow@ATL@@@ATL@@QAEHXZ 10011680 f i ShowSelectCert.obj
 0001:00010720       ?QueryHost@?$CAxWindowT@VCWindow@ATL@@@ATL@@QAEJABU_GUID@@PAPAX@Z 10011720 f i ShowSelectCert.obj
 0001:00010860       ?GetWindow@CWindow@ATL@@QBE?AV12@I@Z 10011860 f i ShowSelectCert.obj
 0001:000108e0       ?GetDlgItem@CWindow@ATL@@QBE?AV12@H@Z 100118e0 f i ShowSelectCert.obj
 0001:00010960       ?SetWindowContextHelpId@CWindow@ATL@@QAEHK@Z 10011960 f i ShowSelectCert.obj
 0001:000109e0       ?CenterWindow@CWindow@ATL@@QAEHPAUHWND__@@@Z 100119e0 f i ShowSelectCert.obj
 0001:00010d30       ?GetStyle@CWindow@ATL@@QBEKXZ 10011d30 f i ShowSelectCert.obj
 0001:00010da0       ??1?$CComPtr@UIStream@@@ATL@@QAE@XZ 10011da0 f i ShowSelectCert.obj
 0001:00010dd0       ??0?$CComPtr@UIUnknown@@@ATL@@QAE@XZ 10011dd0 f i ShowSelectCert.obj
 0001:00010e00       ??1?$CComPtrBase@UIUnknown@@@ATL@@QAE@XZ 10011e00 f i ShowSelectCert.obj
 0001:00010e40       ??I?$CComPtrBase@UIUnknown@@@ATL@@QAEPAPAUIUnknown@@XZ 10011e40 f i ShowSelectCert.obj
 0001:00010e90       ??C?$CComPtrBase@UIUnknown@@@ATL@@QBEPAV?$_NoAddRefReleaseOnCComPtr@UIUnknown@@@1@XZ 10011e90 f i ShowSelectCert.obj
 0001:00010ee0       ??1?$CDialogImplBaseT@VCWindow@ATL@@@ATL@@UAE@XZ 10011ee0 f i ShowSelectCert.obj
 0001:00010f10       ?OnFinalMessage@?$CDialogImplBaseT@VCWindow@ATL@@@ATL@@UAEXPAUHWND__@@@Z 10011f10 f i ShowSelectCert.obj
 0001:00010f30       ??1?$CWindowImplRoot@VCWindow@ATL@@@ATL@@UAE@XZ 10011f30 f i ShowSelectCert.obj
 0001:00010ff0       ??0?$CComPtr@UIStream@@@ATL@@QAE@XZ 10011ff0 f i ShowSelectCert.obj
 0001:00011020       ??1?$CComPtrBase@UIStream@@@ATL@@QAE@XZ 10012020 f i ShowSelectCert.obj
 0001:00011060       ??B?$CComPtrBase@UIStream@@@ATL@@QBEPAUIStream@@XZ 10012060 f i ShowSelectCert.obj
 0001:00011080       ??I?$CComPtrBase@UIStream@@@ATL@@QAEPAPAUIStream@@XZ 10012080 f i ShowSelectCert.obj
 0001:000110d0       ??1CWndProcThunk@ATL@@QAE@XZ 100120d0 f i ShowSelectCert.obj
 0001:00011100       ??1CDynamicStdCallThunk@ATL@@QAE@XZ 10012100 f i ShowSelectCert.obj
 0001:00011150       ??0?$CComPtrBase@UIUnknown@@@ATL@@IAE@XZ 10012150 f i ShowSelectCert.obj
 0001:00011170       ??0?$CWindowImplRoot@VCWindow@ATL@@@ATL@@QAE@XZ 10012170 f i ShowSelectCert.obj
 0001:000111d0       ??0?$CComPtrBase@UIStream@@@ATL@@IAE@XZ 100121d0 f i ShowSelectCert.obj
 0001:000111f0       ??0CMessageMap@ATL@@QAE@XZ 100121f0 f i ShowSelectCert.obj
 0001:00011210       ??0CWndProcThunk@ATL@@QAE@XZ 10012210 f i ShowSelectCert.obj
 0001:00011240       ??0CDynamicStdCallThunk@ATL@@QAE@XZ 10012240 f i ShowSelectCert.obj
 0001:00011260       ?DialogProc@?$CDialogImplBaseT@VCWindow@ATL@@@ATL@@SGHPAUHWND__@@IIJ@Z 10012260 f i ShowSelectCert.obj
 0001:00011430       ?SetWindowLongPtrA@@YAJPAUHWND__@@HJ@Z 10012430 f i ShowSelectCert.obj
 0001:00011460       ??0_ATL_MSG@ATL@@QAE@PAUHWND__@@IIJH@Z 10012460 f i ShowSelectCert.obj
 0001:000114d0       ??0CSignature@@QAE@XZ      100124d0 f   Signature.obj
 0001:00012be0       ??1CSignature@@QAE@XZ      10013be0 f   Signature.obj
 0001:00012ea0       ?Empty@CSignature@@QAEXXZ  10013ea0 f   Signature.obj
 0001:00013be0       ?FreeUriArr@CSignature@@QAEXXZ 10014be0 f   Signature.obj
 0001:00013d70       ?AddRef@CSignature@@UAGKXZ 10014d70 f   Signature.obj
 0001:00013d90       ?Release@CSignature@@UAGKXZ 10014d90 f   Signature.obj
 0001:00013e00       ?get_EnvelopingFlag@CSignature@@UAGJPAF@Z 10014e00 f   Signature.obj
 0001:00013e30       ?put_EnvelopingFlag@CSignature@@UAGJF@Z 10014e30 f   Signature.obj
 0001:00013e60       ?get_RecipientCertificateStore@CSignature@@UAGJPAPAG@Z 10014e60 f   Signature.obj
 0001:00013ea0       ?put_RecipientCertificateStore@CSignature@@UAGJPAG@Z 10014ea0 f   Signature.obj
 0001:00014130       ?get_SignerCertificate@CSignature@@UAGJJPAPAG@Z 10015130 f   Signature.obj
 0001:00014200       ?put_SignerCertificate@CSignature@@UAGJJPAG@Z 10015200 f   Signature.obj
 0001:00014260       ?get_SignatureID@CSignature@@UAGJJPAPAG@Z 10015260 f   Signature.obj
 0001:00014330       ?put_SignatureID@CSignature@@UAGJJPAG@Z 10015330 f   Signature.obj
 0001:00014370       ?get_Properties@CSignature@@UAGJJJPAPAG@Z 10015370 f   Signature.obj
 0001:00014520       ?put_Properties@CSignature@@UAGJJJPAG@Z 10015520 f   Signature.obj
 0001:000145b0       ?get_IncludeCamResponse@CSignature@@UAGJPAH@Z 100155b0 f   Signature.obj
 0001:000145d0       ?put_IncludeCamResponse@CSignature@@UAGJH@Z 100155d0 f   Signature.obj
 0001:000145f0       ?get_Base64EncodeXML@CSignature@@UAGJPAH@Z 100155f0 f   Signature.obj
 0001:00014610       ?put_Base64EncodeXML@CSignature@@UAGJH@Z 10015610 f   Signature.obj
 0001:00014630       ?get_Base64DecodeXML@CSignature@@UAGJPAH@Z 10015630 f   Signature.obj
 0001:00014650       ?put_Base64DecodeXML@CSignature@@UAGJH@Z 10015650 f   Signature.obj
 0001:00014670       ?get_DocumentURI@CSignature@@UAGJJJPAPAG@Z 10015670 f   Signature.obj
 0001:00014860       ?get_DigestObjectStatus@CSignature@@UAGJJJPAH@Z 10015860 f   Signature.obj
 0001:00014950       ?get_Language@CSignature@@UAGJPAPAG@Z 10015950 f   Signature.obj
 0001:00014990       ?put_Language@CSignature@@UAGJPAG@Z 10015990 f   Signature.obj
 0001:000158c0       ?get_SignatureStatus@CSignature@@UAGJJPAH@Z 100168c0 f   Signature.obj
 0001:00015980       ?get_PhysicalSignatureUsage@CSignature@@UAGJPAJ@Z 10016980 f   Signature.obj
 0001:000159b0       ?put_PhysicalSignatureUsage@CSignature@@UAGJJ@Z 100169b0 f   Signature.obj
 0001:00015a80       ?get_PhysicalSignatureFile@CSignature@@UAGJPAPAG@Z 10016a80 f   Signature.obj
 0001:00015b20       ?put_PhysicalSignatureFile@CSignature@@UAGJPAG@Z 10016b20 f   Signature.obj
 0001:00015c90       ?get_CapturedSignatureFile@CSignature@@UAGJPAPAG@Z 10016c90 f   Signature.obj
 0001:00015d30       ?xsRemoveBstrPath@CSignature@@QAEPAEPAG@Z 10016d30 f   Signature.obj
 0001:00015f90       ?Sign@CSignature@@UAGJPAGPAPAG@Z 10016f90 f   Signature.obj
 0001:00016dd0       ?SaveXMLSignature@CSignature@@UAGJPAG@Z 10017dd0 f   Signature.obj
 0001:00016f80       ?Verify@CSignature@@UAGJPAGPAH@Z 10017f80 f   Signature.obj
 0001:00017080       ?VerifyDetached@CSignature@@UAGJPAGPAH@Z 10018080 f   Signature.obj
 0001:00017110       ?GetError@CSignature@@UAGJPAPAG@Z 10018110 f   Signature.obj
 0001:000171a0       ?GetLastError@CSignature@@UAGJPAJ@Z 100181a0 f   Signature.obj
 0001:000171d0       ?GetX509Certificate@CSignature@@UAGJPAGPAPAG@Z 100181d0 f   Signature.obj
 0001:000173e0       ?ViewCertificate@CSignature@@UAGJPAG@Z 100183e0 f   Signature.obj
 0001:000175f0       ?get_CertificateCount@CSignature@@UAGJPAJ@Z 100185f0 f   Signature.obj
 0001:00017610       ?GetCertificateInfo@CSignature@@UAGJJJPAPAG@Z 10018610 f   Signature.obj
 0001:00017a80       ?SetActiveCertificate@CSignature@@UAGJPAGPAH@Z 10018a80 f   Signature.obj
 0001:00017e10       ?get_SignedDocumentPath@CSignature@@UAGJJJPAPAG@Z 10018e10 f   Signature.obj
 0001:00017fc0       ?FetchSignatureStatus@CSignature@@QAEXHH@Z 10018fc0 f   Signature.obj
 0001:00018ba0       ?get_SignerSubject@CSignature@@UAGJPAGPAPAG@Z 10019ba0 f   Signature.obj
 0001:00018dc0       ?get_CertIssuer@CSignature@@UAGJPAGPAPAG@Z 10019dc0 f   Signature.obj
 0001:00018fe0       ?get_CertExpiry@CSignature@@UAGJPAGPAPAG@Z 10019fe0 f   Signature.obj
 0001:000191f0       ?get_CertSerialNumber@CSignature@@UAGJPAGPAPAG@Z 1001a1f0 f   Signature.obj
 0001:00019450       ?FileExists@CSignature@@UAGJPAGPAH@Z 1001a450 f   Signature.obj
 0001:00019590       ?get_FailedUriCount@CSignature@@UAGJPAJ@Z 1001a590 f   Signature.obj
 0001:000195b0       ?get_TotalUriCount@CSignature@@UAGJPAJ@Z 1001a5b0 f   Signature.obj
 0001:000195d0       ?get_FailedUriFullPath@CSignature@@UAGJJPAPAG@Z 1001a5d0 f   Signature.obj
 0001:000196c0       ?put_FailedUriFullPath@CSignature@@UAGJJPAG@Z 1001a6c0 f   Signature.obj
 0001:000198c0       ?get_FailedUri@CSignature@@UAGJJPAPAG@Z 1001a8c0 f   Signature.obj
 0001:000199b0       ?get_SignatureCount@CSignature@@UAGJPAJ@Z 1001a9b0 f   Signature.obj
 0001:000199d0       ?SignXMLStr@CSignature@@UAGJPAG0PAPAG@Z 1001a9d0 f   Signature.obj
 0001:0001a600       ?xsDereferenceBstrURI@CSignature@@QAEPAEPAGPAK@Z 1001b600 f   Signature.obj
 0001:0001a890       ?ReadAll@CSignature@@UAGJPAGPAPAG@Z 1001b890 f   Signature.obj
 0001:0001aa50       ?ReadAllBin@CSignature@@QAEHPAGPAPAEPAK@Z 1001ba50 f   Signature.obj
 0001:0001aad0       ?SaveXMLStr@CSignature@@UAGJPAG0PAPAG@Z 1001bad0 f   Signature.obj
 0001:0001b000       ?SignHTML@CSignature@@UAGJPAUIDispatch@@PAPAG@Z 1001c000 f   Signature.obj
 0001:0001b860       ?SecureXMLVerify@CSignature@@UAGJPAGPAPAG@Z 1001c860 f   Signature.obj
 0001:0001ccf0       ?SetCSP@CSignature@@UAGJPAG@Z 1001dcf0 f   Signature.obj
 0001:0001ce30       ?GetSignedHTML@CSignature@@UAGJPAGPAPAG@Z 1001de30 f   Signature.obj
 0001:0001d0c0       ?SignFile@CSignature@@UAGJPAG0@Z 1001e0c0 f   Signature.obj
 0001:0001daf0       ?GetSignedFileObject@CSignature@@UAGJPAG0PAPAG@Z 1001eaf0 f   Signature.obj
 0001:0001e350       ?SetStoreName@CSignature@@UAGJPAG@Z 1001f350 f   Signature.obj
 0001:0001ea50       ?GetStoreName@CSignature@@UAGJPAPAG@Z 1001fa50 f   Signature.obj
 0001:0001ea80       ?SignXMLEnveloped@CSignature@@UAGJPAG0PAPAG@Z 1001fa80 f   Signature.obj
 0001:0001f630       ?GetVersion@CSignature@@UAGJPAPAG@Z 10020630 f   Signature.obj
 0001:0001f690       ?GetLicenseStatus@CSignature@@UAGJPAJ@Z 10020690 f   Signature.obj
 0001:0001f810       ?GetPropertyCount@CSignature@@UAGJJPAJ@Z 10020810 f   Signature.obj
 0001:0001f850       ?QueryStatus@CSignature@@UAGJPBU_GUID@@KQAU_tagOLECMD@@PAU_tagOLECMDTEXT@@@Z 10020850 f   Signature.obj
 0001:0001f8b0       ?Exec@CSignature@@UAGJPBU_GUID@@KKPAUtagVARIANT@@1@Z 100208b0 f   Signature.obj
 0001:00020030       ?SetSite@CSignature@@UAGJPAUIUnknown@@@Z 10021030 f   Signature.obj
 0001:00020150       ?GetSite@CSignature@@UAGJABU_GUID@@PAPAX@Z 10021150 f   Signature.obj
 0001:000201a0       ?ViewAnyCertificate@CSignature@@UAGJPAG@Z 100211a0 f   Signature.obj
 0001:000202c0       ?SelectActiveCertificate@CSignature@@UAGJPAPAG@Z 100212c0 f   Signature.obj
 0001:00020620       ?VerifyXMLStr@CSignature@@UAGJPAGPAH@Z 10021620 f   Signature.obj
 0001:00020aa0       ?SetActivePFXFileCert@CSignature@@UAGJPAG0PAPAG@Z 10021aa0 f   Signature.obj
 0001:00020ee0       ?PFXExportCertificate@CSignature@@UAGJPAG0PAPAG@Z 10021ee0 f   Signature.obj
 0001:00021360       ?CreateSigFromTmplBlob@CSignature@@QAEHPAU_xmlDoc@@PADPAPAEPAH@Z 10022360 f   Signature.obj
 0001:00024950       ?PFXExportActiveCertificate@CSignature@@UAGJPAGPAPAG@Z 10025950 f   Signature.obj
 0001:000249e0       ?get_HostName@CSignature@@UAGJPAPAG@Z 100259e0 f   Signature.obj
 0001:00024ad0       ?get_TimeStampURL@CSignature@@UAGJPAPAG@Z 10025ad0 f   Signature.obj
 0001:00024b00       ?put_TimeStampURL@CSignature@@UAGJPAG@Z 10025b00 f   Signature.obj
 0001:00024b30       ?get_TimeStamping@CSignature@@UAGJPAH@Z 10025b30 f   Signature.obj
 0001:00024b50       ?put_TimeStamping@CSignature@@UAGJH@Z 10025b50 f   Signature.obj
 0001:00024ba0       ?get_HostOsType@CSignature@@UAGJPAJ@Z 10025ba0 f   Signature.obj
 0001:00024bc0       ?get_CrlChecking@CSignature@@UAGJPAH@Z 10025bc0 f   Signature.obj
 0001:00024be0       ?put_CrlChecking@CSignature@@UAGJH@Z 10025be0 f   Signature.obj
 0001:00024c30       ?get_SigCertStatus@CSignature@@UAGJJPAGJPAJ@Z 10025c30 f   Signature.obj
 0001:000255d0       ?VerifyX509CertCRL@CSignature@@UAGJPAG0JPAH@Z 100265d0 f   Signature.obj
 0001:00025950       ?VerifyPFXCertCRL@CSignature@@UAGJPAG00JPAH@Z 10026950 f   Signature.obj
 0001:00025ed0       ?GuidToString@@YAXPAU_GUID@@PAD@Z 10026ed0 f   Signature.obj
 0001:00025fb0       ?AddPhysicalSignature@CSignature@@QAEXPAU_xmlNode@@0PAD@Z 10026fb0 f   Signature.obj
 0001:00026ba0       ?GetPhysicalSignatureFromTablet@CSignature@@QAEHPADH0@Z 10027ba0 f   Signature.obj
 0001:00026e50       ?GetPhysicalSignatureFromMouse@CSignature@@QAEHPADH0@Z 10027e50 f   Signature.obj
 0001:00027050       ?AddWindowImage@CSignature@@QAEXPAU_xmlNode@@0PAD@Z 10028050 f   Signature.obj
 0001:00027460       ?get_AddWindowImage@CSignature@@UAGJPAH@Z 10028460 f   Signature.obj
 0001:00027480       ?put_AddWindowImage@CSignature@@UAGJH@Z 10028480 f   Signature.obj
 0001:000274a0       ?SignXMLXpathStr@CSignature@@UAGJPAG00PAPAG@Z 100284a0 f   Signature.obj
 0001:000286b0       ?get_UseHMAC@CSignature@@UAGJPAH@Z 100296b0 f   Signature.obj
 0001:000286d0       ?put_UseHMAC@CSignature@@UAGJH@Z 100296d0 f   Signature.obj
 0001:000286f0       ?get_HMACPassword@CSignature@@UAGJPAPAG@Z 100296f0 f   Signature.obj
 0001:00028720       ?put_HMACPassword@CSignature@@UAGJPAG@Z 10029720 f   Signature.obj
 0001:000288b0       ?ChangeOrAddProperty@CSignature@@UAGJPAG0@Z 100298b0 f   Signature.obj
 0001:00028b70       ?put_DetailedVerificationFlag@CSignature@@UAGJH@Z 10029b70 f   Signature.obj
 0001:00028b90       ?CaptureLiveSignature@CSignature@@UAGJPAPAG@Z 10029b90 f   Signature.obj
 0001:00028f90       ?SignDataStr@CSignature@@UAGJPAGPAPAG@Z 10029f90 f   Signature.obj
 0001:000298e0       ?put_ExcludeSignerCertificate@CSignature@@UAGJH@Z 1002a8e0 f   Signature.obj
 0001:00029900       ?put_OverwriteFile@CSignature@@UAGJH@Z 1002a900 f   Signature.obj
 0001:00029920       ?CoSignXMLStr@CSignature@@UAGJPAGPAPAG@Z 1002a920 f   Signature.obj
 0001:0002a860       ?CoSignFile@CSignature@@UAGJPAG0PAPAG@Z 1002b860 f   Signature.obj
 0001:0002aa80       ?SignFiles@CSignature@@UAGJUtagVARIANT@@PAGPAPAG@Z 1002ba80 f   Signature.obj
 0001:0002b740       ?GetBstrArrayFromVariant@CSignature@@QAEPAPAGUtagVARIANT@@PAI@Z 1002c740 f   Signature.obj
 0001:0002bfe0       ?put_ConfigFileName@CSignature@@UAGJPAG@Z 1002cfe0 f   Signature.obj
 0001:0002c100       ?put_CRLLocation@CSignature@@UAGJUtagVARIANT@@@Z 1002d100 f   Signature.obj
 0001:0002c350       ?VerifyActiveCertificate@CSignature@@UAGJPAH@Z 1002d350 f   Signature.obj
 0001:0002c560       ?put_CertificatePolicy@CSignature@@UAGJUtagVARIANT@@@Z 1002d560 f   Signature.obj
 0001:0002c7a0       ?get_AuthorityConstrainedPolicy@CSignature@@UAGJPAUtagVARIANT@@@Z 1002d7a0 f   Signature.obj
 0001:0002c950       ?get_UserConstrainedPolicy@CSignature@@UAGJPAUtagVARIANT@@@Z 1002d950 f   Signature.obj
 0001:0002cb00       ?put_CertificatePolicyChecking@CSignature@@UAGJH@Z 1002db00 f   Signature.obj
 0001:0002cb50       ?put_CertificateChainValidation@CSignature@@UAGJH@Z 1002db50 f   Signature.obj
 0001:0002cbd0       ?put_CertificatePathLengthChecking@CSignature@@UAGJH@Z 1002dbd0 f   Signature.obj
 0001:0002cc20       ?put_DoDCompliance@CSignature@@UAGJH@Z 1002dc20 f   Signature.obj
 0001:0002ccc0       ?get_CertificatePolicyExplicit@CSignature@@UAGJPAH@Z 1002dcc0 f   Signature.obj
 0001:0002ccf0       ?put_CertificatePolicyExplicit@CSignature@@UAGJH@Z 1002dcf0 f   Signature.obj
 0001:0002cd40       ?put_CertificateTrustExplicit@CSignature@@UAGJH@Z 1002dd40 f   Signature.obj
 0001:0002cd90       ?put_RecipientCertificates@CSignature@@UAGJUtagVARIANT@@@Z 1002dd90 f   Signature.obj
 0001:0002cfd0       ?EncryptStr@CSignature@@UAGJPAGPAPAG@Z 1002dfd0 f   Signature.obj
 0001:0002d230       ?DecryptStr@CSignature@@UAGJPAGPAPAG@Z 1002e230 f   Signature.obj
 0001:0002d390       ?DecryptBlob@CSignature@@IAEHPAU_DS_DATA_BLOB@@0@Z 1002e390 f   Signature.obj
 0001:0002d420       ?EncryptFileA@CSignature@@UAGJPAG0PAPAG@Z 1002e420 f   Signature.obj
 0001:0002d6e0       ?DecryptFileA@CSignature@@UAGJPAG0PAPAG@Z 1002e6e0 f   Signature.obj
 0001:0002dc90       ?EncryptBlob@CSignature@@QAEPAEPAU_DS_DATA_BLOB@@PAK@Z 1002ec90 f   Signature.obj
 0001:0002e460       ?put_TrustedRoots@CSignature@@UAGJUtagVARIANT@@@Z 1002f460 f   Signature.obj
 0001:0002ea90       ?put_RecipientCertificateFiles@CSignature@@UAGJUtagVARIANT@@@Z 1002fa90 f   Signature.obj
 0001:0002f080       ?CheckCertificateValidity@CSignature@@QAEHPAEPAU_SYSTEMTIME@@PAU_DS_DATA_BLOB@@PAU_CERTVERIFICATIONPARAMS@@PAU_GLOBAL_SIG@@@Z 10030080 f   Signature.obj
 0001:0002f550       ?put_DetachedObjects@CSignature@@UAGJUtagVARIANT@@@Z 10030550 f   Signature.obj
 0001:0002f790       ?put_AttachedObjects@CSignature@@UAGJUtagVARIANT@@@Z 10030790 f   Signature.obj
 0001:0002f8b0       ?ReadAllBase64@CSignature@@UAGJPAGPAPAG@Z 100308b0 f   Signature.obj
 0001:0002fb50       ?put_DecryptionPFXCertFile@CSignature@@UAGJPAG@Z 10030b50 f   Signature.obj
 0001:0002fb70       ?put_DecryptUsingPFXFileCert@CSignature@@UAGJH@Z 10030b70 f   Signature.obj
 0001:0002fb90       ?put_DecryptionPFXPassword@CSignature@@UAGJPAG@Z 10030b90 f   Signature.obj
 0001:0002fc40       ?put_XpathNamespace@CSignature@@UAGJUtagVARIANT@@@Z 10030c40 f   Signature.obj
 0001:0002fe80       ?get_CamServerHost@CSignature@@UAGJPAPAG@Z 10030e80 f   Signature.obj
 0001:0002feb0       ?put_CamServerHost@CSignature@@UAGJPAG@Z 10030eb0 f   Signature.obj
 0001:0002ff00       ?get_CamServerPort@CSignature@@UAGJPAG@Z 10030f00 f   Signature.obj
 0001:0002ff20       ?put_CamServerPort@CSignature@@UAGJG@Z 10030f20 f   Signature.obj
 0001:0002ff40       ?get_UseCam@CSignature@@UAGJPAH@Z 10030f40 f   Signature.obj
 0001:0002ff60       ?put_UseCam@CSignature@@UAGJH@Z 10030f60 f   Signature.obj
 0001:000300c0       ?get_AgencyId@CSignature@@UAGJPAPAG@Z 100310c0 f   Signature.obj
 0001:000300f0       ?put_AgencyId@CSignature@@UAGJPAG@Z 100310f0 f   Signature.obj
 0001:00030170       ?crVerifyCertificateUsingCam@CSignature@@QAEHPAPAEIPAU_SYSTEMTIME@@PAGPAU_CERTVERIFICATIONPARAMS@@PAU_GLOBAL_SIG@@@Z 10031170 f   Signature.obj
 0001:00030500       ?get_CamValidationResponse@CSignature@@UAGJPAPAG@Z 10031500 f   Signature.obj
 0001:00030540       ?crVerifyCertificateUsingOcsp@CSignature@@QAEHPAPAEIPAU_SYSTEMTIME@@PAGPAU_CERTVERIFICATIONPARAMS@@PAU_GLOBAL_SIG@@@Z 10031540 f   Signature.obj
 0001:00030ab0       ?GetSigPropValueByName@CSignature@@UAGJJPAGPAPAG@Z 10031ab0 f   Signature.obj
 0001:00030c70       ?Base64DecodeBufferToFile@CSignature@@UAGJPAG0PAPAG@Z 10031c70 f   Signature.obj
 0001:00031340       ?Base64DecodeFileToFile@CSignature@@UAGJPAG0PAPAG@Z 10032340 f   Signature.obj
 0001:00031430       ?GunZipFile@CSignature@@UAGJPAG0PAPAG@Z 10032430 f   Signature.obj
 0001:00031870       ?FreeBufferLinkedList@CSignature@@QAEXPAUBufferLinkedList@@@Z 10032870 f   Signature.obj
 0001:00031900       ?get_CertSerialNumberFormat@CSignature@@UAGJPAJ@Z 10032900 f   Signature.obj
 0001:00031930       ?put_CertSerialNumberFormat@CSignature@@UAGJJ@Z 10032930 f   Signature.obj
 0001:00031960       ?Base64BinToPlainHex@CSignature@@QAEPAEPAE@Z 10032960 f   Signature.obj
 0001:00031ad0       ?HexToUnsignedChar@@YAEE@Z 10032ad0 f   Signature.obj
 0001:00031c00       ?HexStrToUnsignedChar@@YAEPAE@Z 10032c00 f   Signature.obj
 0001:00031c50       ?PlainHexToBase64Bin@CSignature@@QAEPAEPAE@Z 10032c50 f   Signature.obj
 0001:00031e00       ?SecureXMLVerifyFileToBuffer@CSignature@@UAGJPAGPAPAG@Z 10032e00 f   Signature.obj
 0001:00031ec0       ?SecureXMLVerifyFileToFile@CSignature@@UAGJPAG0PAPAG@Z 10032ec0 f   Signature.obj
 0001:00031ff0       ?DeleteSignatureFromXMLStr@CSignature@@UAGJPAG0PAPAG@Z 10032ff0 f   Signature.obj
 0001:00032470       ?DeleteSignatureFromFile@CSignature@@UAGJPAG00PAPAG@Z 10033470 f   Signature.obj
 0001:000325a0       ?put_AllowedCertIssuerNames@CSignature@@UAGJUtagVARIANT@@@Z 100335a0 f   Signature.obj
 0001:00032e30       ?get_CRLCacheDbConnectionString@CSignature@@UAGJPAPAG@Z 10033e30 f   Signature.obj
 0001:00032e60       ?put_CRLCacheDbConnectionString@CSignature@@UAGJPAG@Z 10033e60 f   Signature.obj
 0001:00032e90       ?get_UseCRLCache@CSignature@@UAGJPAH@Z 10033e90 f   Signature.obj
 0001:00032ec0       ?put_UseCRLCache@CSignature@@UAGJH@Z 10033ec0 f   Signature.obj
 0001:00033060       ?put_CRLCacheTimeoutInMinutes@CSignature@@UAGJK@Z 10034060 f   Signature.obj
 0001:000330a0       ?put_CanonicalizationMethod@CSignature@@UAGJK@Z 100340a0 f   Signature.obj
 0001:000330d0       ?get_NetscapeStorePassword@CSignature@@UAGJPAPAG@Z 100340d0 f   Signature.obj
 0001:00033100       ?put_NetscapeStorePassword@CSignature@@UAGJPAG@Z 10034100 f   Signature.obj
 0001:000331a0       ?SetActivePEMFileCert@CSignature@@UAGJPAG0PAPAG@Z 100341a0 f   Signature.obj
 0001:00033400       ?get_SecureXMLPath@CSignature@@UAGJPAPAG@Z 10034400 f   Signature.obj
 0001:00033430       ?get_SignedDocumentCount@CSignature@@UAGJJPAJ@Z 10034430 f   Signature.obj
 0001:000334b0       ?SignXMLByteArray@CSignature@@UAGJUtagVARIANT@@PAGPAU2@@Z 100344b0 f   Signature.obj
 0001:00033f80       ?SaveXMLByteArray@CSignature@@UAGJUtagVARIANT@@PAGPAPAG@Z 10034f80 f   Signature.obj
 0001:000344a0       ?ReadAllByteArray@CSignature@@UAGJPAGPAUtagVARIANT@@@Z 100354a0 f   Signature.obj
 0001:00034660       ?VerifyXMLByteArray@CSignature@@UAGJUtagVARIANT@@PAH@Z 10035660 f   Signature.obj
 0001:00034960       ?SecureXMLVerifyByteArray@CSignature@@UAGJUtagVARIANT@@PAU2@@Z 10035960 f   Signature.obj
 0001:00035d60       ?SignXMLXpathByteArray@CSignature@@UAGJUtagVARIANT@@PAG1PAU2@@Z 10036d60 f   Signature.obj
 0001:00036d60       ?SignXMLEnvelopedByteArray@CSignature@@UAGJUtagVARIANT@@PAGPAU2@@Z 10037d60 f   Signature.obj
 0001:00037880       ?Base64DecodeByteArrayToFile@CSignature@@UAGJUtagVARIANT@@PAGPAPAG@Z 10038880 f   Signature.obj
 0001:00037e50       ?Base64DecodeByteArrayToByteArray@CSignature@@UAGJUtagVARIANT@@PAU2@@Z 10038e50 f   Signature.obj
 0001:000380f0       ?Base64EncodeByteArrayToByteArray@CSignature@@UAGJUtagVARIANT@@PAU2@@Z 100390f0 f   Signature.obj
 0001:000383a0       ?Base64EncodeByteArrayToFile@CSignature@@UAGJUtagVARIANT@@PAGPAPAG@Z 100393a0 f   Signature.obj
 0001:000388d0       ?Base64EncodeStrToFile@CSignature@@UAGJPAG0PAPAG@Z 100398d0 f   Signature.obj
 0001:00038fd0       ?Base64EncodeStrToStr@CSignature@@UAGJPAGPAPAG@Z 10039fd0 f   Signature.obj
 0001:000392b0       ?SetActivePFXB64Data@CSignature@@UAGJPAG0PAPAG@Z 1003a2b0 f   Signature.obj
 0001:00039780       ?put_FloatingLicense@CSignature@@UAGJPAG@Z 1003a780 f   Signature.obj
 0001:000399c0       ?get_FloatingLicense@CSignature@@UAGJPAPAG@Z 1003a9c0 f   Signature.obj
 0001:000399f0       _localTimeToUtcTime        1003a9f0 f   Signature.obj
 0001:00039c00       ?get_LicensedUserCount@CSignature@@UAGJPAJ@Z 1003ac00 f   Signature.obj
 0001:00039c30       ?put_IncludeCRLInSignature@CSignature@@UAGJH@Z 1003ac30 f   Signature.obj
 0001:00039c50       ?get_UsedCRLList@CSignature@@UAGJPAUtagVARIANT@@@Z 1003ac50 f   Signature.obj
 0001:00039e00       ?GetErrorDetail@CSignature@@UAGJJPAPAG@Z 1003ae00 f   Signature.obj
 0001:00039e60       ?put_PhysicalSignatureB64Str@CSignature@@UAGJPAG@Z 1003ae60 f   Signature.obj
 0001:00039ed0       ?GetSignedInfoDigest@CSignature@@UAGJPAG0PAPAG@Z 1003aed0 f   Signature.obj
 0001:0003aba0       ?GetX509CertificateChain@CSignature@@UAGJPAGPAPAG@Z 1003bba0 f   Signature.obj
 0001:0003b1e0       ?getSignerCertChain@CSignature@@QAEPAPAEPAI@Z 1003c1e0 f   Signature.obj
 0001:0003b470       ?put_SignerCertificateChain@CSignature@@UAGJPAG@Z 1003c470 f   Signature.obj
 0001:0003b5c0       ?get_SignatureImageId@CSignature@@UAGJPAPAG@Z 1003c5c0 f   Signature.obj
 0001:0003b5f0       ?put_SignatureImageId@CSignature@@UAGJPAG@Z 1003c5f0 f   Signature.obj
 0001:0003b650       ?SignSignedInfoDigest@CSignature@@UAGJPAG0PAPAG@Z 1003c650 f   Signature.obj
 0001:0003c2a0       ?ApplySignatureValue@CSignature@@UAGJPAGPAPAG@Z 1003d2a0 f   Signature.obj
 0001:0003d290       ?GetSignedInfoDigestFromByteArray@CSignature@@UAGJUtagVARIANT@@PAGPAPAG@Z 1003e290 f   Signature.obj
 0001:0003dd90       ?ApplySignatureValueGetByteArray@CSignature@@UAGJPAGPAUtagVARIANT@@@Z 1003ed90 f   Signature.obj
 0001:0003ef80       ?GetSignedDocumentB64Str@CSignature@@UAGJJJPAPAG@Z 1003ff80 f   Signature.obj
 0001:0003f0b0       ?GetSignedDocumentByteArray@CSignature@@UAGJJJPAUtagVARIANT@@@Z 100400b0 f   Signature.obj
 0001:0003f3c0       ?get_CertValidationTransactionId@CSignature@@UAGJPAPAG@Z 100403c0 f   Signature.obj
 0001:0003f430       ?put_CertValidationTransactionId@CSignature@@UAGJPAG@Z 10040430 f   Signature.obj
 0001:0003f550       ?get_IgnoreIncompleteSignature@CSignature@@UAGJPAH@Z 10040550 f   Signature.obj
 0001:0003f570       ?put_IgnoreIncompleteSignature@CSignature@@UAGJH@Z 10040570 f   Signature.obj
 0001:0003f590       ?get_SignatureIndexToVerify@CSignature@@UAGJPAJ@Z 10040590 f   Signature.obj
 0001:0003f5b0       ?put_SignatureIndexToVerify@CSignature@@UAGJJ@Z 100405b0 f   Signature.obj
 0001:0003f5d0       ?get_UseOcsp@CSignature@@UAGJPAH@Z 100405d0 f   Signature.obj
 0001:0003f5f0       ?put_UseOcsp@CSignature@@UAGJH@Z 100405f0 f   Signature.obj
 0001:0003f820       ?get_OcspTrustedRespSignerCertPath@CSignature@@UAGJPAPAG@Z 10040820 f   Signature.obj
 0001:0003f850       ?put_OcspTrustedRespSignerCertPath@CSignature@@UAGJPAG@Z 10040850 f   Signature.obj
 0001:0003f880       ?get_OcspReqSignerPFXCertPath@CSignature@@UAGJPAPAG@Z 10040880 f   Signature.obj
 0001:0003f8b0       ?put_OcspReqSignerPFXCertPath@CSignature@@UAGJPAG@Z 100408b0 f   Signature.obj
 0001:0003f980       ?get_OcspReqSignerPFXCertPassword@CSignature@@UAGJPAPAG@Z 10040980 f   Signature.obj
 0001:0003f9b0       ?put_OcspReqSignerPFXCertPassword@CSignature@@UAGJPAG@Z 100409b0 f   Signature.obj
 0001:0003f9e0       ?get_OcspResponderURL@CSignature@@UAGJPAPAG@Z 100409e0 f   Signature.obj
 0001:0003fa10       ?put_OcspResponderURL@CSignature@@UAGJPAG@Z 10040a10 f   Signature.obj
 0001:0003fa40       ?get_OcspTextResponse@CSignature@@UAGJPAPAG@Z 10040a40 f   Signature.obj
 0001:0003fa70       ?get_OcspB64Response@CSignature@@UAGJPAPAG@Z 10040a70 f   Signature.obj
 0001:0003faa0       ?get_CertRevocationDate@CSignature@@UAGJPAPAG@Z 10040aa0 f   Signature.obj
 0001:0003fad0       ?get_IncludeOcspResponse@CSignature@@UAGJPAJ@Z 10040ad0 f   Signature.obj
 0001:0003faf0       ?put_IncludeOcspResponse@CSignature@@UAGJJ@Z 10040af0 f   Signature.obj
 0001:0003fb10       ?ShowFileSignature@CSignature@@QAEJPAD0HPAUtagRECT@@0@Z 10040b10 f   Signature.obj
 0001:0003fd20       ?CaptureCurrentWindowImage@CSignature@@QAEHPAD0@Z 10040d20 f   Signature.obj
 0001:0003ff00       ?put_ProxyHost@CSignature@@UAGJPAG@Z 10040f00 f   Signature.obj
 0001:0003ff30       ?put_ProxyPort@CSignature@@UAGJG@Z 10040f30 f   Signature.obj
 0001:0003ff50       ?put_ProxyUserName@CSignature@@UAGJPAG@Z 10040f50 f   Signature.obj
 0001:0003ff80       ?put_ProxyPassword@CSignature@@UAGJPAG@Z 10040f80 f   Signature.obj
 0001:0003ffb0       ?put_InclusiveNamespacePrefixList@CSignature@@UAGJUtagVARIANT@@@Z 10040fb0 f   Signature.obj
 0001:00040240       ?PrepareSignatureEnvelopeFromObjects@CSignature@@QAEPAU_xmlDoc@@PADPAPAU_xmlNode@@1@Z 10041240 f   Signature.obj
 0001:00040b60       ?createSgts@CSignature@@QAEPAGXZ 10041b60 f   Signature.obj
 0001:00041540       ?get_TimeStampFormat@CSignature@@UAGJPAJ@Z 10042540 f   Signature.obj
 0001:00041560       ?put_TimeStampFormat@CSignature@@UAGJJ@Z 10042560 f   Signature.obj
 0001:00041580       ?get_TimeStampCritical@CSignature@@UAGJPAJ@Z 10042580 f   Signature.obj
 0001:000415a0       ?put_TimeStampCritical@CSignature@@UAGJJ@Z 100425a0 f   Signature.obj
 0001:000415c0       ?setConfigFile@CConfig@@QAEXPAD@Z 100425c0 f i Signature.obj
 0001:00041610       ??0CConfig@@QAE@XZ         10042610 f i Signature.obj
 0001:00041640       ??4CComBSTR@ATL@@QAEAAV01@PBD@Z 10042640 f i Signature.obj
 0001:000416b0       ?SetResourceInstance@CComModule@ATL@@QAEPAUHINSTANCE__@@PAU3@@Z 100426b0 f i Signature.obj
 0001:000416e0       ?SetResourceInstance@CAtlBaseModule@ATL@@QAEPAUHINSTANCE__@@PAU3@@Z 100426e0 f i Signature.obj
 0001:00041710       ?GetResourceInstance@CComModule@ATL@@QAEPAUHINSTANCE__@@XZ 10042710 f i Signature.obj
 0001:00041730       ?setLicenseFile@CLicense@@QAEXPAD@Z 10042730 f i Signature.obj
 0001:00041750       ??0_bstr_t@@QAE@PBD@Z      10042750 f i Signature.obj
 0001:00041800       ??1_bstr_t@@QAE@XZ         10042800 f i Signature.obj
 0001:00041830       ??B_bstr_t@@QBEPBGXZ       10042830 f i Signature.obj
 0001:00041880       ?_Free@_bstr_t@@AAEXXZ     10042880 f i Signature.obj
 0001:000418c0       ??0Data_t@_bstr_t@@QAE@PBD@Z 100428c0 f i Signature.obj
 0001:00041910       ?Release@Data_t@_bstr_t@@QAEKXZ 10042910 f i Signature.obj
 0001:00041990       ?GetWString@Data_t@_bstr_t@@QAEAAPAGXZ 10042990 f i Signature.obj
 0001:000419b0       ??2Data_t@_bstr_t@@SAPAXI@Z 100429b0 f i Signature.obj
 0001:000419d0       ??_GData_t@_bstr_t@@AAEPAXI@Z 100429d0 f i Signature.obj
 0001:00041a10       ??1Data_t@_bstr_t@@AAE@XZ  10042a10 f i Signature.obj
 0001:00041a40       ?_Free@Data_t@_bstr_t@@AAEXXZ 10042a40 f i Signature.obj
 0001:00041ab0       ??0SigException@@QAE@PAD@Z 10042ab0 f i Signature.obj
 0001:00041af0       ?what@SigException@@UBEPBDXZ 10042af0 f i Signature.obj
 0001:00041b10       ??_GSigException@@UAEPAXI@Z 10042b10 f i Signature.obj
 0001:00041b10       ??_ESigException@@UAEPAXI@Z 10042b10 f i Signature.obj
 0001:00041b50       ??1SigException@@UAE@XZ    10042b50 f i Signature.obj
 0001:00041b80       ??0?$IDispatchImpl@UISignature@@$1?IID_ISignature@@3U_GUID@@B$1?LIBID_XMLSIGNLib@@3U3@B$00$0A@VCComTypeInfoHolder@ATL@@@ATL@@QAE@XZ 10042b80 f i Signature.obj
 0001:00041bb0       ??0IOleCommandTarget@@QAE@XZ 10042bb0 f i Signature.obj
 0001:00041be0       ??4CConfig@@QAEAAV0@ABV0@@Z 10042be0 f i Signature.obj
 0001:00041c20       ??0SigException@@QAE@ABV0@@Z 10042c20 f i Signature.obj
 0001:00041c70       ??0ISignature@@QAE@XZ      10042c70 f i Signature.obj
 0001:00041ca0       ?Empty@CComBSTR@ATL@@QAEXXZ 10042ca0 f i Signature.obj
 0001:00041ce0       ??_G?$list@PAUTempFilePathInfo@@V?$allocator@PAUTempFilePathInfo@@@std@@@std@@QAEPAXI@Z 10042ce0 f i Signature.obj
 0001:00041d20       ??_GCSignature@@QAEPAXI@Z  10042d20 f i Signature.obj
 0001:00041d60       ?Copy@CComBSTR@ATL@@QBEPAGXZ 10042d60 f i Signature.obj
 0001:00041dc0       ?getSignAllowed@CLicense@@QAEHXZ 10042dc0 f i Signature.obj
 0001:00041e00       ?checkLicense@CLicense@@QAEHXZ 10042e00 f i Signature.obj
 0001:00041e40       ??B_bstr_t@@QBEPAGXZ       10042e40 f i Signature.obj
 0001:00041e90       ??B_bstr_t@@QBEPADXZ       10042e90 f i Signature.obj
 0001:00041ee0       ?GetString@Data_t@_bstr_t@@QBEPBDXZ 10042ee0 f i Signature.obj
 0001:00041f20       ??0_variant_t@@QAE@_N@Z    10042f20 f i Signature.obj
 0001:00041f50       ??1_variant_t@@QAE@XZ      10042f50 f i Signature.obj
 0001:00041f90       ?CheckError@_com_util@@YAXJ@Z 10042f90 f i Signature.obj
 0001:00041fb0       ??0_bstr_t@@QAE@ABV_variant_t@@@Z 10042fb0 f i Signature.obj
 0001:00042090       ??4_bstr_t@@QAEAAV0@PBG@Z  10043090 f i Signature.obj
 0001:00042170       ??0Data_t@_bstr_t@@QAE@PBG@Z 10043170 f i Signature.obj
 0001:000421e0       ??0_variant_t@@QAE@XZ      100431e0 f i Signature.obj
 0001:00042220       ?ChangeType@_variant_t@@QAEXGPBV1@@Z 10043220 f i Signature.obj
 0001:00042290       ?ExportNetscapeCert@ICertStore@NetscapeCert@@QAE?AV_bstr_t@@V3@@Z 10043290 f i Signature.obj
 0001:00042390       ??0_bstr_t@@QAE@PAG_N@Z    10043390 f i Signature.obj
 0001:00042440       ??0Data_t@_bstr_t@@QAE@PAG_N@Z 10043440 f i Signature.obj
 0001:000424d0       ?getVerifyAllowed@CLicense@@QAEHXZ 100434d0 f i Signature.obj
 0001:00042510       ??0?$CComObjectRootEx@VCComSingleThreadModel@ATL@@@ATL@@QAE@XZ 10043510 f i Signature.obj
 0001:00042540       ??0CComObjectRootBase@ATL@@QAE@XZ 10043540 f i Signature.obj
 0001:00042560       ??0IUnknown@@QAE@XZ        10043560 f i Signature.obj
 0001:00042580       ?getEncryptAllowed@CLicense@@QAEHXZ 10043580 f i Signature.obj
 0001:000425c0       ?getDecryptAllowed@CLicense@@QAEHXZ 100435c0 f i Signature.obj
 0001:00042600       ?getSecureSignAllowed@CLicense@@QAEHXZ 10043600 f i Signature.obj
 0001:00042640       ?getSecureSignProfessionalAllowed@CLicense@@QAEHXZ 10043640 f i Signature.obj
 0001:00042680       ?getSecureSignEnterpriseAllowed@CLicense@@QAEHXZ 10043680 f i Signature.obj
 0001:000426c0       ?getSecureSignServerAllowed@CLicense@@QBEHXZ 100436c0 f i Signature.obj
 0001:000426e0       ?endl@std@@YAAAV?$basic_ostream@DU?$char_traits@D@std@@@1@AAV21@@Z 100436e0 f i Signature.obj
 0001:00042710       ??1?$CComPtr@UIHTMLDocument2@@@ATL@@QAE@XZ 10043710 f i Signature.obj
 0001:00042740       ??_D?$basic_ofstream@DU?$char_traits@D@std@@@std@@QAEXXZ 10043740 f i Signature.obj
 0001:00042780       ??0CComBSTR@ATL@@QAE@PBD@Z 10043780 f i Signature.obj
 0001:000427e0       ?selectCertificate@CShowSelectCert@@QAEPADXZ 100437e0 f i Signature.obj
 0001:00042960       ??0_bstr_t@@QAE@PBG@Z      10043960 f i Signature.obj
 0001:00042a10       ?MessageBoxA@CWindow@ATL@@QAEHPBD0I@Z 10043a10 f i Signature.obj
 0001:00042a90       ?SwapUnicodeBytes@CSignature@@SAHPAUSECItemStr@@@Z 10043a90 f i Signature.obj
 0001:00042b30       ??0IObjectWithSite@@QAE@XZ 10043b30 f i Signature.obj
 0001:00042b60       ??0IDispatch@@QAE@XZ       10043b60 f i Signature.obj
 0001:00042b90       ??0NtpServerResponse@@QAE@XZ 10043b90 f i Signature.obj
 0001:00042be0       ?CaptureMouseSignature@ICaptureImage@SigWinImage@@QAE?AV_bstr_t@@V3@@Z 10043be0 f i Signature.obj
 0001:00042ce0       ??0CComVariant@ATL@@QAE@XZ 10043ce0 f i Signature.obj
 0001:00042d20       ??1CComVariant@ATL@@QAE@XZ 10043d20 f i Signature.obj
 0001:00042d50       ?Clear@CComVariant@ATL@@QAEJXZ 10043d50 f i Signature.obj
 0001:00042d90       ?GetIDispatchProperty@CSignature@@QAE_NQAUIDispatch@@PBDAAVCComVariant@ATL@@@Z 10043d90 f i Signature.obj
 0001:00042fd0       ??0CComVariant@ATL@@QAE@ABUtagVARIANT@@@Z 10043fd0 f i Signature.obj
 0001:00043010       ??4CComVariant@ATL@@QAEAAV01@ABV01@@Z 10044010 f i Signature.obj
 0001:00043040       ?InternalCopy@CComVariant@ATL@@QAEXPBUtagVARIANT@@@Z 10044040 f i Signature.obj
 0001:00043090       ?Copy@CComVariant@ATL@@QAEJPBUtagVARIANT@@@Z 10044090 f i Signature.obj
 0001:000430d0       ?ANSIToUnicode@CSignature@@QAEPAGPBD@Z 100440d0 f i Signature.obj
 0001:00043160       ??0CComBSTR@ATL@@QAE@PBG@Z 10044160 f i Signature.obj
 0001:000431c0       ??0_bstr_t@@QAE@XZ         100441c0 f i Signature.obj
 0001:000431e0       ?verify@IOcspClient@ocspAX@@QAEGV_bstr_t@@@Z 100441e0 f i Signature.obj
 0001:000432d0       ?GetTextResponse@IOcspClient@ocspAX@@QAE?AV_bstr_t@@XZ 100442d0 f i Signature.obj
 0001:00043390       ?GetBase64Response@IOcspClient@ocspAX@@QAE?AV_bstr_t@@XZ 10044390 f i Signature.obj
 0001:00043450       ?GetRevocationTime@IOcspClient@ocspAX@@QAE?AV_bstr_t@@XZ 10044450 f i Signature.obj
 0001:00043510       ?GetRevocationReason@IOcspClient@ocspAX@@QAE?AV_bstr_t@@XZ 10044510 f i Signature.obj
 0001:000435d0       ?GetOcspNonce@IOcspClient@ocspAX@@QAE?AV_bstr_t@@XZ 100445d0 f i Signature.obj
 0001:00043690       ?PutOcspNonce@IOcspClient@ocspAX@@QAEXV_bstr_t@@@Z 10044690 f i Signature.obj
 0001:00043730       ?PutResponderCAFileName@IOcspClient@ocspAX@@QAEXV_bstr_t@@@Z 10044730 f i Signature.obj
 0001:000437d0       ?PutCheckCertificate@IOcspClient@ocspAX@@QAEXV_bstr_t@@@Z 100447d0 f i Signature.obj
 0001:00043870       ?PutIssuerCertificate@IOcspClient@ocspAX@@QAEXV_bstr_t@@@Z 10044870 f i Signature.obj
 0001:00043910       ?PutSignerPFXCertificate@IOcspClient@ocspAX@@QAEXV_bstr_t@@@Z 10044910 f i Signature.obj
 0001:000439b0       ?PutSignerPFXPassword@IOcspClient@ocspAX@@QAEXV_bstr_t@@@Z 100449b0 f i Signature.obj
 0001:00043a50       ?GetresponderUrl@IOcspClient@ocspAX@@QAE?AV_bstr_t@@XZ 10044a50 f i Signature.obj
 0001:00043b10       ?PutproxyHost@IOcspClient@ocspAX@@QAEXV_bstr_t@@@Z 10044b10 f i Signature.obj
 0001:00043bb0       ?PutproxyPort@IOcspClient@ocspAX@@QAEXG@Z 10044bb0 f i Signature.obj
 0001:00043c10       ?PutproxyUsername@IOcspClient@ocspAX@@QAEXV_bstr_t@@@Z 10044c10 f i Signature.obj
 0001:00043cb0       ?PutproxyPassword@IOcspClient@ocspAX@@QAEXV_bstr_t@@@Z 10044cb0 f i Signature.obj
 0001:00043d50       ?GetCertificateList@ICertStore@NetscapeCert@@QAEPADPAK@Z 10044d50 f i Signature.obj
 0001:00043df0       ?PutNetscapeStorePassword@ICertStore@NetscapeCert@@QAEXV_bstr_t@@@Z 10044df0 f i Signature.obj
 0001:00043e90       ?CovertToPFX@IPemObject@PemUtil@@QAE?AV_bstr_t@@V3@0@Z 10044e90 f i Signature.obj
 0001:00043fa0       ??0CBufferVariant@@QAE@XZ  10044fa0 f i Signature.obj
 0001:00043ff0       ??_GCBufferVariant@@UAEPAXI@Z 10044ff0 f i Signature.obj
 0001:00043ff0       ??_ECBufferVariant@@UAEPAXI@Z 10044ff0 f i Signature.obj
 0001:00044030       ??1CBufferVariant@@UAE@XZ  10045030 f i Signature.obj
 0001:00044090       ??BCBufferVariant@@QBEPAXXZ 10045090 f i Signature.obj
 0001:000440b0       ??4CBufferVariant@@QAEAAV0@ABUtagVARIANT@@@Z 100450b0 f i Signature.obj
 0001:000440e0       ?AssignData@CBufferVariant@@QAEXPBXJ@Z 100450e0 f i Signature.obj
 0001:00044110       ?SetLength@CBufferVariant@@QAEXJ@Z 10045110 f i Signature.obj
 0001:00044210       ?Copy@CBufferVariant@@QAE?AUtagVARIANT@@XZ 10045210 f i Signature.obj
 0001:000442c0       ?MyVariantCopy@CBufferVariant@@QAEXPAUtagVARIANT@@0@Z 100452c0 f i Signature.obj
 0001:00044340       ?GetLength@CBufferVariant@@QAEJXZ 10045340 f i Signature.obj
 0001:00044410       ?BuildByteArrayFromVariant@CBufferVariant@@AAEXPBUtagVARIANT@@@Z 10045410 f i Signature.obj
 0001:00044580       ?BuildByteArrayFromData@CBufferVariant@@AAEXPBXJ@Z 10045580 f i Signature.obj
 0001:000445d0       ??BCBufferVariant@@QBEPBXXZ 100455d0 f i Signature.obj
 0001:000445f0       ??BCBufferVariant@@QBEPBEXZ 100455f0 f i Signature.obj
 0001:00044610       ??4CBufferVariant@@QAEAAV0@PBD@Z 10045610 f i Signature.obj
 0001:00044650       ??BCBufferVariant@@QBEPAEXZ 10045650 f i Signature.obj
 0001:00044670       ?getLicensedUserCount@CLicense@@QBEHXZ 10045670 f i Signature.obj
 0001:00044690       ??BCBufferVariant@@QBEPADXZ 10045690 f i Signature.obj
 0001:000446b0       ?PutPhysicalSignatureFile@ICaptureImage@SigWinImage@@QAEXV_bstr_t@@@Z 100456b0 f i Signature.obj
 0001:00044750       ?ShowFileSignature@ICaptureImage@SigWinImage@@QAE?AV_bstr_t@@V3@@Z 10045750 f i Signature.obj
 0001:00044850       ?CaptureCurrentWindowImage@ICaptureImage@SigWinImage@@QAE?AV_bstr_t@@XZ 10045850 f i Signature.obj
 0001:00044910       ?getMaintExpiryYear@CLicense@@QBEHXZ 10045910 f i Signature.obj
 0001:00044930       ?getMaintExpiryMonth@CLicense@@QBEHXZ 10045930 f i Signature.obj
 0001:00044950       ?getMaintExpiryDay@CLicense@@QBEHXZ 10045950 f i Signature.obj
 0001:00044970       ?isClientLinux@CLicense@@QBEHXZ 10045970 f i Signature.obj
 0001:00044990       ?isClientWindows@CLicense@@QBEHXZ 10045990 f i Signature.obj
 0001:000449b0       ?isClientSolaris@CLicense@@QBEHXZ 100459b0 f i Signature.obj
 0001:000449d0       ?isClientMac@CLicense@@QBEHXZ 100459d0 f i Signature.obj
 0001:000449f0       ??B?$CSimpleStringT@D$0A@@ATL@@QBEPBDXZ 100459f0 f i Signature.obj
 0001:00044a10       ??0?$CStringT@DV?$StrTraitATL@DV?$ChTraitsCRT@D@ATL@@@ATL@@@ATL@@QAE@XZ 10045a10 f i Signature.obj
 0001:00044a40       ??1?$CStringT@DV?$StrTraitATL@DV?$ChTraitsCRT@D@ATL@@@ATL@@@ATL@@QAE@XZ 10045a40 f i Signature.obj
 0001:00044a70       ?Format@?$CStringT@DV?$StrTraitATL@DV?$ChTraitsCRT@D@ATL@@@ATL@@@ATL@@QAAXPBDZZ 10045a70 f i Signature.obj
 0001:00044ae0       ?AtlIsValidString@ATL@@YAHPBDI@Z 10045ae0 f i Signature.obj
 0001:00044b20       ??4?$basic_string@DU?$char_traits@D@std@@V?$allocator@D@2@@std@@QAEAAV01@ABV01@@Z 10045b20 f i Signature.obj
 0001:00044b50       ??Y?$basic_string@DU?$char_traits@D@std@@V?$allocator@D@2@@std@@QAEAAV01@PBD@Z 10045b50 f i Signature.obj
 0001:00044b80       ?rfind@?$basic_string@DU?$char_traits@D@std@@V?$allocator@D@2@@std@@QBEIDI@Z 10045b80 f i Signature.obj
 0001:00044bb0       ?substr@?$basic_string@DU?$char_traits@D@std@@V?$allocator@D@2@@std@@QBE?AV12@II@Z 10045bb0 f i Signature.obj
 0001:00044c00       ?compare@?$basic_string@DU?$char_traits@D@std@@V?$allocator@D@2@@std@@QBEHPBD@Z 10045c00 f i Signature.obj
 0001:00044c40       ??6?$basic_ostream@DU?$char_traits@D@std@@@std@@QAEAAV01@P6AAAV01@AAV01@@Z@Z 10045c40 f i Signature.obj
 0001:00044c80       ?put@?$basic_ostream@DU?$char_traits@D@std@@@std@@QAEAAV12@D@Z 10045c80 f i Signature.obj
 0001:00044df0       ?eq_int_type@?$char_traits@D@std@@SA_NABH0@Z 10045df0 f i Signature.obj
 0001:00044e10       ?eof@?$char_traits@D@std@@SAHXZ 10045e10 f i Signature.obj
 0001:00044e20       ?flush@?$basic_ostream@DU?$char_traits@D@std@@@std@@QAEAAV12@XZ 10045e20 f i Signature.obj
[...]
 0001:00165c40       $L224166                   10166c40 f   Signature.obj
 0001:00165c48       __ehhandler$??$use_facet@V?$ctype@D@std@@@std@@YAABV?$ctype@D@0@ABVlocale@0@@Z 10166c48 f   Signature.obj
 0001:00165c60       $L224190                   10166c60 f   Signature.obj
 0001:00165c7c       __ehhandler$?_Getcat@?$ctype@D@std@@SAIPAPBVfacet@locale@2@@Z 10166c7c f   Signature.obj
 0001:00165c90       $L224200                   10166c90 f   Signature.obj
 0001:00165c98       $L224201                   10166c98 f   Signature.obj
 0001:00165ca3       __ehhandler$??0?$ctype@D@std@@QAE@PBF_NI@Z 10166ca3 f   Signature.obj
 0001:00165cb0       $L224252                   10166cb0 f   Signature.obj
 0001:00165cb8       __ehhandler$??1?$ctype@D@std@@MAE@XZ 10166cb8 f   Signature.obj
 0001:00165cd0       $L224262                   10166cd0 f   Signature.obj
 0001:00165cd8       $L224263                   10166cd8 f   Signature.obj
 0001:00165cf1       __ehhandler$??$?HDU?$char_traits@D@std@@V?$allocator@D@1@@std@@YA?AV?$basic_string@DU?$char_traits@D@std@@V?$allocator@D@2@@0@ABV10@PBD@Z 10166cf1 f   Signature.obj
 0001:00165d00       $L224287                   10166d00 f   Signature.obj
 0001:00165d08       __ehhandler$??$?6U?$char_traits@D@std@@@std@@YAAAV?$basic_ostream@DU?$char_traits@D@std@@@0@AAV10@PBD@Z 10166d08 f   Signature.obj
 0001:00165d20       $L224324                   10166d20 f   Signature.obj
 0001:00165d28       __ehhandler$??$use_facet@V?$codecvt@DDH@std@@@std@@YAABV?$codecvt@DDH@0@ABVlocale@0@@Z 10166d28 f   Signature.obj
 0001:00165d40       $L224374                   10166d40 f   Signature.obj
 0001:00165d5c       __ehhandler$?_Getcat@?$codecvt@DDH@std@@SAIPAPBVfacet@locale@2@@Z 10166d5c f   Signature.obj
 0001:00165d70       $L224384                   10166d70 f   Signature.obj
 0001:00165d78       $L224385                   10166d78 f   Signature.obj
 0001:00165d83       __ehhandler$??0?$codecvt@DDH@std@@QAE@I@Z 10166d83 f   Signature.obj
 0001:00165d90       $L162707                   10166d90 f   Sntp.obj
 0001:00165d9e       __ehhandler$?GetServerTime@CSNTPClient@@QAEHPBDAAUNtpServerResponse@@H@Z 10166d9e f   Sntp.obj
 0001:00165db0       $L207650                   10166db0 f   XMLSign.obj
 0001:00165dbb       __ehhandler$?CreateInstance@?$CComCreator@V?$CComObjectCached@VCComClassFactory@ATL@@@ATL@@@ATL@@SGJPAXABU_GUID@@PAPAX@Z 10166dbb f   XMLSign.obj
 0001:00165dd0       $L207683                   10166dd0 f   XMLSign.obj
 0001:00165dd8       __ehhandler$??0?$CComObjectCached@VCComClassFactory@ATL@@@ATL@@QAE@PAX@Z 10166dd8 f   XMLSign.obj
 0001:00165df0       __ehhandler$?CreateInstance@?$CComCreator@V?$CComObject@VCSignature@@@ATL@@@ATL@@SGJPAXABU_GUID@@PAPAX@Z 10166df0 f   XMLSign.obj
 0001:00165e00       $L207804                   10166e00 f   XMLSign.obj
 0001:00165e0b       __ehhandler$?CreateInstance@?$CComCreator@V?$CComAggObject@VCSignature@@@ATL@@@ATL@@SGJPAXABU_GUID@@PAPAX@Z 10166e0b f   XMLSign.obj
 0001:00165e20       $L207817                   10166e20 f   XMLSign.obj
 0001:00165e28       $L207818                   10166e28 f   XMLSign.obj
 0001:00165e33       __ehhandler$??1?$CComObjectCached@VCComClassFactory@ATL@@@ATL@@UAE@XZ 10166e33 f   XMLSign.obj
 0001:00165e40       $L207883                   10166e40 f   XMLSign.obj
 0001:00165e48       $L207884                   10166e48 f   XMLSign.obj
 0001:00165e53       $L207885                   10166e53 f   XMLSign.obj
 0001:00165e5e       $L207886                   10166e5e f   XMLSign.obj
 0001:00165e69       $L207887                   10166e69 f   XMLSign.obj
 0001:00165e74       $L207888                   10166e74 f   XMLSign.obj
 0001:00165e7f       $L207889                   10166e7f f   XMLSign.obj
 0001:00165e8a       __ehhandler$?GetTI@CComTypeInfoHolder@ATL@@QAEJK@Z 10166e8a f   XMLSign.obj
 0001:00165ea0       $L207932                   10166ea0 f   XMLSign.obj
 0001:00165eab       $L207933                   10166eab f   XMLSign.obj
 0001:00165eb3       __ehhandler$?LoadNameCache@CComTypeInfoHolder@ATL@@QAEJPAUITypeInfo@@@Z 10166eb3 f   XMLSign.obj
 0001:00165ec0       $L207992                   10166ec0 f   XMLSign.obj
 0001:00165ecb       __ehhandler$??0?$CComAggObject@VCSignature@@@ATL@@QAE@PAX@Z 10166ecb f   XMLSign.obj
 0001:00165ee0       $L208020                   10166ee0 f   XMLSign.obj
 0001:00165eeb       __ehhandler$??1?$CComAggObject@VCSignature@@@ATL@@UAE@XZ 10166eeb f   XMLSign.obj
 0001:00165f00       __ehhandler$_AddLog        10166f00 f   xmlsigd_nss:DebugLog.obj
 0001:00165f0a       __ehhandler$_AddLogDetail  10166f0a f   xmlsigd_nss:DebugLog.obj
 0001:00165f20       __ehhandler$?_Buynode@?$list@PAUAllocInfo@@V?$allocator@PAUAllocInfo@@@std@@@std@@IAEPAU_Node@?$_List_nod@PAUAllocInfo@@V?$allocator@PAUAllocInfo@@@std@@@2@XZ 10166f20 f   xmlsigd_nss:DebugLog.obj
 0001:00165f30       $L101201                   10166f30 f   xmlsigd_nss:DebugLog.obj
 0001:00165f41       __ehhandler$?_Buynode@?$list@PAUAllocInfo@@V?$allocator@PAUAllocInfo@@@std@@@std@@IAEPAU_Node@?$_List_nod@PAUAllocInfo@@V?$allocator@PAUAllocInfo@@@std@@@2@PAU342@0ABQAUAllocInfo@@@Z 10166f41 f   xmlsigd_nss:DebugLog.obj
 0001:00165f50       $L101218                   10166f50 f   xmlsigd_nss:DebugLog.obj
 0001:00165f58       __ehhandler$?_Incsize@?$list@PAUAllocInfo@@V?$allocator@PAUAllocInfo@@@std@@@std@@IAEXI@Z 10166f58 f   xmlsigd_nss:DebugLog.obj
 0001:00165f70       $L12204                    10166f70 f   libcpmtd:string.obj
 0001:00165f78       __ehhandler$?_Xlen@_String_base@std@@QBEXXZ 10166f78 f   libcpmtd:string.obj
 0001:00165f90       $L12264                    10166f90 f   libcpmtd:string.obj
 0001:00165f98       __ehhandler$?_Xran@_String_base@std@@QBEXXZ 10166f98 f   libcpmtd:string.obj
 0001:00165fb0       $L9002                     10166fb0 f   libcpmtd:ios.obj
 0001:00165fb8       $L9003                     10166fb8 f   libcpmtd:ios.obj
 0001:00165fc3       $L9004                     10166fc3 f   libcpmtd:ios.obj
 0001:00165fce       __ehhandler$?clear@ios_base@std@@QAEXH_N@Z 10166fce f   libcpmtd:ios.obj
 0001:00165fe0       $L9020                     10166fe0 f   libcpmtd:ios.obj
 0001:00165fe8       __ehhandler$??0runtime_error@std@@QAE@ABV?$basic_string@DU?$char_traits@D@std@@V?$allocator@D@2@@1@@Z 10166fe8 f   libcpmtd:ios.obj
 0001:00166000       $L9034                     10167000 f   libcpmtd:ios.obj
 0001:00166008       __ehhandler$??1runtime_error@std@@UAE@XZ 10167008 f   libcpmtd:ios.obj
 0001:00166020       $L9052                     10167020 f   libcpmtd:ios.obj
 0001:00166028       __ehhandler$??0runtime_error@std@@QAE@ABV01@@Z 10167028 f   libcpmtd:ios.obj
 0001:00166040       $L9081                     10167040 f   libcpmtd:ios.obj
 0001:00166048       __ehhandler$?imbue@ios_base@std@@QAE?AVlocale@2@ABV32@@Z 10167048 f   libcpmtd:ios.obj
 0001:00166060       $L9101                     10167060 f   libcpmtd:ios.obj
 0001:00166079       __ehhandler$?register_callback@ios_base@std@@QAEXP6AXW4event@12@AAV12@H@ZH@Z 10167079 f   libcpmtd:ios.obj
 0001:00166090       $L9122                     10167090 f   libcpmtd:ios.obj
 0001:0016609e       $L9123                     1016709e f   libcpmtd:ios.obj
 0001:001660b7       __ehhandler$?_Findarr@ios_base@std@@AAEAAU_Iosarray@12@H@Z 101670b7 f   libcpmtd:ios.obj
 0001:001660d0       $L13285                    101670d0 f   libcpmtd:locale0.obj
 0001:001660e9       __ehhandler$?empty@locale@std@@SA?AV12@XZ 101670e9 f   libcpmtd:locale0.obj
 0001:00166100       $L13317                    10167100 f   libcpmtd:locale0.obj
 0001:00166119       $L13319                    10167119 f   libcpmtd:locale0.obj
 0001:00166132       $L13321                    10167132 f   libcpmtd:locale0.obj
 0001:0016614b       __ehhandler$??8locale@std@@QBE_NABV01@@Z 1016714b f   libcpmtd:locale0.obj
 0001:00166160       $L13335                    10167160 f   libcpmtd:locale0.obj
 0001:00166168       $L13336                    10167168 f   libcpmtd:locale0.obj
 0001:00166181       __ehhandler$?name@locale@std@@QBE?AV?$basic_string@DU?$char_traits@D@std@@V?$allocator@D@2@@2@XZ 10167181 f   libcpmtd:locale0.obj
 0001:00166190       $L13361                    10167190 f   libcpmtd:locale0.obj
 0001:00166198       $L13362                    10167198 f   libcpmtd:locale0.obj
 0001:001661b4       $L13363                    101671b4 f   libcpmtd:locale0.obj
 0001:001661bc       $L13364                    101671bc f   libcpmtd:locale0.obj
 0001:001661ce       __ehhandler$?_Init@locale@std@@CAPAV_Locimp@12@XZ 101671ce f   libcpmtd:locale0.obj
 0001:001661e0       $L13389                    101671e0 f   libcpmtd:locale0.obj
 0001:001661fc       __ehhandler$?_Register@facet@locale@std@@QAEXXZ 101671fc f   libcpmtd:locale0.obj
 0001:00166210       $L13400                    10167210 f   libcpmtd:locale0.obj
 0001:00166218       __ehhandler$??0_Locimp@locale@std@@AAE@_N@Z 10167218 f   libcpmtd:locale0.obj
 0001:00166230       $L13418                    10167230 f   libcpmtd:locale0.obj
 0001:00166238       $L13419                    10167238 f   libcpmtd:locale0.obj
 0001:00166243       $L13420                    10167243 f   libcpmtd:locale0.obj
 0001:0016624b       __ehhandler$??1_Locimp@locale@std@@MAE@XZ 1016724b f   libcpmtd:locale0.obj
 0001:00166260       $L13431                    10167260 f   libcpmtd:locale0.obj
 0001:00166268       $L13432                    10167268 f   libcpmtd:locale0.obj
 0001:00166273       $L13433                    10167273 f   libcpmtd:locale0.obj
 0001:0016627e       $L13434                    1016727e f   libcpmtd:locale0.obj
 0001:00166289       $L13435                    10167289 f   libcpmtd:locale0.obj
 0001:00166294       __ehhandler$??0_Locinfo@std@@QAE@PBD@Z 10167294 f   libcpmtd:locale0.obj
 0001:001662a0       $L13444                    101672a0 f   libcpmtd:locale0.obj
 0001:001662a8       $L13445                    101672a8 f   libcpmtd:locale0.obj
 0001:001662b3       $L13446                    101672b3 f   libcpmtd:locale0.obj
 0001:001662be       $L13447                    101672be f   libcpmtd:locale0.obj
 0001:001662c9       $L13448                    101672c9 f   libcpmtd:locale0.obj
 0001:001662d4       __ehhandler$??1_Locinfo@std@@QAE@XZ 101672d4 f   libcpmtd:locale0.obj
 0001:001662e0       __ehhandler$?ConvertBSTRToString@_com_util@@YGPADPAG@Z 101672e0 f   comsuppd:comutil.obj
 0001:001662f0       _$E1                       101672f0 f   CAMClient.obj
 0001:00166320       _$E1                       10167320 f   CertVerify.obj
 0001:00166350       _$E1                       10167350 f   CharConversion.obj
 0001:00166380       _$E1                       10167380 f   config.obj
 0001:001663b0       _$E1                       101673b0 f   CRLCache.obj
 0001:001663e0       _$E1                       101673e0 f   License.obj
 0001:00166410       _$E1                       10167410 f   ShowSelectCert.obj
 0001:00166440       _$E1                       10167440 f   Signature.obj
 0001:00166470       _$E4                       10167470 f   Signature.obj
 0001:001664a0       _$E7                       101674a0 f   Signature.obj
 0001:001664d0       _$E10                      101674d0 f   Signature.obj
 0001:00166500       _$E13                      10167500 f   Signature.obj
 0001:00166530       _$E16                      10167530 f   Signature.obj
 0001:00166560       _$E19                      10167560 f   Signature.obj
 0001:00166590       _$E22                      10167590 f   Signature.obj
 0001:001665c0       _$E25                      101675c0 f   Signature.obj
 0001:001665f0       _$E28                      101675f0 f   Signature.obj
 0001:00166620       _$E31                      10167620 f   Signature.obj
 0001:00166650       _$E34                      10167650 f   Signature.obj
 0001:00166670       _$E1                       10167670 f   Sntp.obj
 0001:001666a0       _$E1                       101676a0 f   StdAfx.obj
 0001:001666d0       _$E1                       101676d0 f   XMLSign.obj
 0001:00166700       _$E4                       10167700 f   XMLSign.obj
 0001:00166730       _$E5                       10167730 f   atlsd:atlbase.obj
 0001:00166750       _$E1                       10167750 f   atlsd:atlbase.obj
 0001:00166770       _$E5                       10167770 f   atlsd:atltrace.obj
 0001:00166790       _$E7                       10167790 f   atlsd:atltrace.obj
 0001:001667b0       _$E9                       101677b0 f   atlsd:atltrace.obj
 0001:001667d0       _$E11                      101677d0 f   atlsd:atltrace.obj
 0001:001667f0       _$E13                      101677f0 f   atlsd:atltrace.obj
 0001:00166810       _$E15                      10167810 f   atlsd:atltrace.obj
 0001:00166830       _$E17                      10167830 f   atlsd:atltrace.obj
 0001:00166850       _$E19                      10167850 f   atlsd:atltrace.obj
 0001:00166870       _$E21                      10167870 f   atlsd:atltrace.obj
 0001:00166890       _$E23                      10167890 f   atlsd:atltrace.obj
 0001:001668b0       _$E25                      101678b0 f   atlsd:atltrace.obj
 0001:001668d0       _$E27                      101678d0 f   atlsd:atltrace.obj
 0001:001668f0       _$E29                      101678f0 f   atlsd:atltrace.obj
 0001:00166910       _$E31                      10167910 f   atlsd:atltrace.obj
 0001:00166930       _$E33                      10167930 f   atlsd:atltrace.obj
 0001:00166950       _$E35                      10167950 f   atlsd:atltrace.obj
 0001:00166970       _$E37                      10167970 f   atlsd:atltrace.obj
 0001:00166990       _$E39                      10167990 f   atlsd:atltrace.obj
 0001:001669b0       _$E41                      101679b0 f   atlsd:atltrace.obj
 0001:001669d0       _$E43                      101679d0 f   atlsd:atltrace.obj
 0001:001669f0       _$E45                      101679f0 f   atlsd:atltrace.obj
 0001:00166a10       _$E47                      10167a10 f   atlsd:atltrace.obj
 0001:00166a30       _$E49                      10167a30 f   atlsd:atltrace.obj
 0001:00166a50       _$E51                      10167a50 f   atlsd:atltrace.obj
 0001:00166a70       _$E53                      10167a70 f   atlsd:atltrace.obj
 0001:00166a90       _$E55                      10167a90 f   atlsd:atltrace.obj
 0001:00166ab0       _$E57                      10167ab0 f   atlsd:atltrace.obj
 0001:00166ad0       _$E1                       10167ad0 f   atlsd:atltrace.obj
 0001:00166af0       _$E5                       10167af0 f   atlsd:Externs.obj
 0001:00166b10       _$E8                       10167b10 f   atlsd:Externs.obj
 0001:00166b20       _$E10                      10167b20 f   atlsd:Externs.obj
 0001:00166b50       _$E1                       10167b50 f   atlsd:Externs.obj
 0001:00166b70       _$E1                       10167b70 f   atlsd:AtlDebugAPI.obj
 0001:00166b90       _$E1                       10167b90 f   atlsd:atltime.obj
 0001:00166bb0       _$E5                       10167bb0 f   atlsd:atlstr.obj
 0001:00166be0       _$E8                       10167be0 f   atlsd:atlstr.obj
 0001:00166c10       _$E1                       10167c10 f   atlsd:atlstr.obj
 0001:00166c30       _$E5                       10167c30 f   atlsd:atlcommodule.obj
 0001:00166c50       _$E1                       10167c50 f   atlsd:atlcommodule.obj
 0001:00166c70       _$E1                       10167c70 f   atlsd:atlfuncs.obj
 0001:00166c90       _$E1                       10167c90 f   atlsd:Allocate.obj
 0001:00166cb0       _$E1                       10167cb0 f   atlsd:AtlTraceModuleManager.obj
 0001:00166cd0       _$E1                       10167cd0 f   libcpmtd:xlock.obj
 0001:00166cf0       _$E1                       10167cf0 f   libcpmtd:locale0.obj
 0001:00166d10       _$E4                       10167d10 f   libcpmtd:locale0.obj
 0001:00166d30       _$E6                       10167d30 f   libcpmtd:locale0.obj
 0001:00166d50       _$E8                       10167d50 f   libcpmtd:locale0.obj
 0001:00166d70       _$E10                      10167d70 f   libcpmtd:locale0.obj
 0001:00166d90       _$E12                      10167d90 f   libcpmtd:locale0.obj
 0001:00166db0       _$E1                       10167db0 f   libcpmtd:iosptrs.obj
 0001:00166dd0       _$E4                       10167dd0 f   libcpmtd:iosptrs.obj
 0001:00166df0       _$E1                       10167df0 f   comsuppd:comutil.obj
 0001:00166e20       _$E2                       10167e20 f   CAMClient.obj
 0001:00166e40       _$E2                       10167e40 f   CertVerify.obj
 0001:00166e60       _$E2                       10167e60 f   CharConversion.obj
 0001:00166e80       _$E2                       10167e80 f   config.obj
 0001:00166ea0       _$E2                       10167ea0 f   CRLCache.obj
 0001:00166ec0       _$E2                       10167ec0 f   License.obj
 0001:00166ee0       _$E2                       10167ee0 f   ShowSelectCert.obj
 0001:00166f00       _$E2                       10167f00 f   Signature.obj
 0001:00166f20       _$E5                       10167f20 f   Signature.obj
 0001:00166f40       _$E8                       10167f40 f   Signature.obj
 0001:00166f60       _$E11                      10167f60 f   Signature.obj
 0001:00166f80       _$E14                      10167f80 f   Signature.obj
 0001:00166fa0       _$E17                      10167fa0 f   Signature.obj
 0001:00166fc0       _$E20                      10167fc0 f   Signature.obj
 0001:00166fe0       _$E23                      10167fe0 f   Signature.obj
 0001:00167000       _$E26                      10168000 f   Signature.obj
 0001:00167020       _$E29                      10168020 f   Signature.obj
 0001:00167040       _$E32                      10168040 f   Signature.obj
 0001:00167060       _$E2                       10168060 f   Sntp.obj
 0001:00167080       _$E2                       10168080 f   StdAfx.obj
 0001:001670a0       _$E2                       101680a0 f   XMLSign.obj
 0001:001670c0       _$E5                       101680c0 f   XMLSign.obj
 0001:001670e0       _$E6                       101680e0 f   atlsd:atlbase.obj
 0001:001670f0       _$E2                       101680f0 f   atlsd:atlbase.obj
 0001:00167100       _$E2                       10168100 f   atlsd:atltrace.obj
 0001:00167110       _$E6                       10168110 f   atlsd:Externs.obj
 0001:00167120       _$E11                      10168120 f   atlsd:Externs.obj
 0001:00167130       _$E2                       10168130 f   atlsd:Externs.obj
 0001:00167140       _$E2                       10168140 f   atlsd:AtlDebugAPI.obj
 0001:00167150       _$E2                       10168150 f   atlsd:atltime.obj
 0001:00167160       _$E6                       10168160 f   atlsd:atlstr.obj
 0001:00167170       _$E9                       10168170 f   atlsd:atlstr.obj
 0001:00167180       _$E2                       10168180 f   atlsd:atlstr.obj
 0001:00167190       _$E6                       10168190 f   atlsd:atlcommodule.obj
 0001:001671a0       _$E2                       101681a0 f   atlsd:atlcommodule.obj
 0001:001671b0       _$E2                       101681b0 f   atlsd:atlfuncs.obj
 0001:001671c0       _$E2                       101681c0 f   atlsd:Allocate.obj
 0001:001671d0       _$E2                       101681d0 f   atlsd:AtlTraceModuleManager.obj
 0001:001671e0       _$E2                       101681e0 f   libcpmtd:xlock.obj
 0001:001671f0       _$E2                       101681f0 f   libcpmtd:locale0.obj
 0001:00167200       _$E2                       10168200 f   libcpmtd:nomemory.obj
 0001:00167210       _$E2                       10168210 f   libcpmtd:iosptrs.obj
 0001:00167220       _$E5                       10168220 f   libcpmtd:iosptrs.obj
 0001:00167230       _$E2                       10168230 f   comsuppd:comutil.obj
