 XMLSign

 Timestamp is 4682b4a5 (Wed Jun 27 15:04:05 2007)

 Preferred load address is 10000000

 Start         Length     Name                   Class
 0001:00000000 0017b786H .text                   CODE
 0001:0017b790 000022caH .text$x                 CODE
 0001:0017da60 00000bb3H .text$yc                CODE
 0001:0017e620 0000047fH .text$yd                CODE
 0002:00000000 000005e4H .idata$5                DATA
 0002:000005f0 00040f38H .rdata                  DATA
 0002:00041528 0000003dH .rdata$debug            DATA
 0002:00041568 00000450H .rdata$r                DATA
 0002:000419b8 00000004H .rtc$IAA                DATA
 0002:000419bc 000000b8H .rtc$IMZ                DATA
 0002:00041a74 00000004H .rtc$IZZ                DATA
 0002:00041a78 00000004H .rtc$TAA                DATA
 0002:00041a7c 000000b8H .rtc$TMZ                DATA
 0002:00041b34 00000004H .rtc$TZZ                DATA
 0002:00041b38 00003004H .xdata$x                DATA
 0002:00044b3c 00000004H ATL$__a                 DATA
 0002:00044b40 00000004H ATL$__z                 DATA
 0002:00044b44 000000f0H .idata$2                DATA
 0002:00044c34 00000014H .idata$3                DATA
 0002:00044c48 000005e4H .idata$4                DATA
 0002:0004522c 000015aeH .idata$6                DATA
 0002:000467e0 000000a4H .edata                  DATA
 0003:00000000 00000004H .CRT$XCA                DATA
 0003:00000004 00000004H .CRT$XCAA               DATA
 0003:00000008 00000018H .CRT$XCC                DATA
 0003:00000020 0000007cH .CRT$XCL                DATA
 0003:0000009c 00000084H .CRT$XCU                DATA
 0003:00000120 00000004H .CRT$XCZ                DATA
 0003:00000124 00000004H .CRT$XIA                DATA
 0003:00000128 00000010H .CRT$XIC                DATA
 0003:00000138 00000004H .CRT$XIY                DATA
 0003:0000013c 00000004H .CRT$XIZ                DATA
 0003:00000140 00000004H .CRT$XPA                DATA
 0003:00000144 00000004H .CRT$XPX                DATA
 0003:00000148 00000004H .CRT$XPZ                DATA
 0003:0000014c 00000004H .CRT$XTA                DATA
 0003:00000150 00000004H .CRT$XTB                DATA
 0003:00000154 00000004H .CRT$XTZ                DATA
 0003:00000160 000222a8H .data                   DATA
 0003:00022420 000032d8H .bss                    DATA
 0004:00000000 0000028cH .rsrc$01                DATA
 0004:00000290 00008198H .rsrc$02                DATA

  Address         Publics by Value              Rva+Base     Lib:Object

 0000:00000000       __except_list              00000000     <absolute>
 0000:00000000       ___safe_se_handler_count   00000000     <absolute>
 0000:00000000       ___safe_se_handler_table   00000000     <absolute>
 0000:00000000       ___ImageBase               10000000     <linker-defined>
 0001:00000000       ??0CCAMClient@@QAE@XZ      10001000 f   CAMClient.obj
 0001:00000040       ??1CCAMClient@@QAE@XZ      10001040 f   CAMClient.obj
 0001:00000060       ?validate@CCAMClient@@QAEJPAE0H0PAHPAPAE121@Z 10001060 f   CAMClient.obj
 0001:00000330       ?full_recv@CCAMClient@@AAEHIPADH@Z 10001330 f   CAMClient.obj
 0001:000003b0       ?newBinString@CCAMClient@@AAEPAUBinString@@HPAD@Z 100013b0 f   CAMClient.obj
 0001:00000430       ?delBinString@CCAMClient@@AAEXPAUBinString@@@Z 10001430 f   CAMClient.obj
 0001:00000490       ?serialize@CCAMClient@@AAEPAUBinString@@PAXHH@Z 10001490 f   CAMClient.obj
 0001:000005f0       ?deserialize@CCAMClient@@AAEPADPAUBinString@@HH@Z 100015f0 f   CAMClient.obj
 0001:00000670       ?get_ip_from_hostname@@YAKPAD@Z 10001670 f   CAMClient.obj
 0001:000007e0       ?my_connect@CCAMClient@@AAEIPAD@Z 100017e0 f   CAMClient.obj
 0001:00000990       ?send_header@CCAMClient@@AAEHIH@Z 10001990 f   CAMClient.obj
 0001:00000a30       ?read_header@CCAMClient@@AAEHI@Z 10001a30 f   CAMClient.obj
 0001:00000ab0       ?read_msg@CCAMClient@@AAEPAUBinString@@I@Z 10001ab0 f   CAMClient.obj
 0001:00000b40       ?send_bs@CCAMClient@@AAEHIPAUBinString@@@Z 10001b40 f   CAMClient.obj
 0001:00000bc0       ?read_file@CCAMClient@@AAEHPAD0H@Z 10001bc0 f   CAMClient.obj
 0001:00000c40       ?copy_str_out@CCAMClient@@AAEXPAUBinString@@PAE@Z 10001c40 f   CAMClient.obj
 0001:00000d00       ?copy_mem_out@CCAMClient@@AAEXPAUBinString@@PAE@Z 10001d00 f   CAMClient.obj
 0001:00000d50       ??0CAtlWinModule@ATL@@QAE@XZ 10001d50 f i CAMClient.obj
 0001:00000db0       ??0_ATL_WIN_MODULE70@ATL@@QAE@XZ 10001db0 f i CAMClient.obj
 0001:00000df0       ??0CComCriticalSection@ATL@@QAE@XZ 10001df0 f i CAMClient.obj
 0001:00000e20       ??0?$CSimpleArray@GV?$CSimpleArrayEqualHelper@G@ATL@@@ATL@@QAE@XZ 10001e20 f i CAMClient.obj
 0001:00000e60       ??1CAtlWinModule@ATL@@QAE@XZ 10001e60 f i CAMClient.obj
 0001:00000ec0       ?Term@CAtlWinModule@ATL@@QAEXXZ 10001ec0 f i CAMClient.obj
 0001:00000f00       ?GetModuleInstance@CAtlBaseModule@ATL@@QAEPAUHINSTANCE__@@XZ 10001f00 f i CAMClient.obj
 0001:00000f20       ??1_ATL_WIN_MODULE70@ATL@@QAE@XZ 10001f20 f i CAMClient.obj
 0001:00000f50       ??1?$CSimpleArray@GV?$CSimpleArrayEqualHelper@G@ATL@@@ATL@@QAE@XZ 10001f50 f i CAMClient.obj
 0001:00000f80       ?RemoveAll@?$CSimpleArray@GV?$CSimpleArrayEqualHelper@G@ATL@@@ATL@@QAEXXZ 10001f80 f i CAMClient.obj
 0001:00001000       ?crVerifyCertificate@@YAHPAPAEIPAU_SYSTEMTIME@@PAGPAU_CERTVERIFICATIONPARAMS@@PAU_GLOBAL_SIG@@@Z 10002000 f   CertVerify.obj
 0001:00003d60       ??_G?$list@PAEV?$allocator@PAE@std@@@std@@QAEPAXI@Z 10004d60 f i CertVerify.obj
 0001:00003da0       ??0?$list@PAEV?$allocator@PAE@std@@@std@@QAE@XZ 10004da0 f i CertVerify.obj
 0001:00003df0       ??1?$list@PAEV?$allocator@PAE@std@@@std@@QAE@XZ 10004df0 f i CertVerify.obj
 0001:00003e20       ?begin@?$list@PAEV?$allocator@PAE@std@@@std@@QAE?AViterator@12@XZ 10004e20 f i CertVerify.obj
 0001:00003e60       ?end@?$list@PAEV?$allocator@PAE@std@@@std@@QAE?AViterator@12@XZ 10004e60 f i CertVerify.obj
 0001:00003e90       ?size@?$list@PAEV?$allocator@PAE@std@@@std@@QBEIXZ 10004e90 f i CertVerify.obj
 0001:00003eb0       ?insert@?$list@PAEV?$allocator@PAE@std@@@std@@QAE?AViterator@12@V312@ABQAE@Z 10004eb0 f i CertVerify.obj
 0001:00003ef0       ??0iterator@?$list@PAEV?$allocator@PAE@std@@@std@@QAE@XZ 10004ef0 f i CertVerify.obj
 0001:00003f20       ??Diterator@?$list@PAEV?$allocator@PAE@std@@@std@@QBEAAPAEXZ 10004f20 f i CertVerify.obj
 0001:00003f50       ??Fiterator@?$list@PAEV?$allocator@PAE@std@@@std@@QAE?AV012@H@Z 10004f50 f i CertVerify.obj
 0001:00003fc0       ??0?$vector@PAU_DS_DATA_BLOB@@V?$allocator@PAU_DS_DATA_BLOB@@@std@@@std@@QAE@XZ 10004fc0 f i CertVerify.obj
 0001:00004010       ??1?$vector@PAU_DS_DATA_BLOB@@V?$allocator@PAU_DS_DATA_BLOB@@@std@@@std@@QAE@XZ 10005010 f i CertVerify.obj
 0001:00004040       ?size@?$vector@PAU_DS_DATA_BLOB@@V?$allocator@PAU_DS_DATA_BLOB@@@std@@@std@@QBEIXZ 10005040 f i CertVerify.obj
 0001:00004090       ?at@?$vector@PAU_DS_DATA_BLOB@@V?$allocator@PAU_DS_DATA_BLOB@@@std@@@std@@QAEAAPAU_DS_DATA_BLOB@@I@Z 10005090 f i CertVerify.obj
 0001:00004100       ?push_back@?$vector@PAU_DS_DATA_BLOB@@V?$allocator@PAU_DS_DATA_BLOB@@@std@@@std@@QAEXABQAU_DS_DATA_BLOB@@@Z 10005100 f i CertVerify.obj
 0001:00004190       ?_Nextnode@?$list@PAEV?$allocator@PAE@std@@@std@@KAAAPAU_Node@?$_List_nod@PAEV?$allocator@PAE@std@@@2@PAU342@@Z 10005190 f i CertVerify.obj
 0001:000041a0       ?_Insert@?$list@PAEV?$allocator@PAE@std@@@std@@QAEXViterator@12@ABQAE@Z 100051a0 f i CertVerify.obj
 0001:00004240       ?_Buynode@?$list@PAEV?$allocator@PAE@std@@@std@@IAEPAU_Node@?$_List_nod@PAEV?$allocator@PAE@std@@@2@XZ 10005240 f i CertVerify.obj
 0001:00004370       ?_Tidy@?$list@PAEV?$allocator@PAE@std@@@std@@IAEXXZ 10005370 f i CertVerify.obj
 0001:000043f0       ??0?$_List_val@PAEV?$allocator@PAE@std@@@std@@IAE@V?$allocator@PAE@1@@Z 100053f0 f i CertVerify.obj
 0001:00004440       ??0?$allocator@PAE@std@@QAE@XZ 10005440 f i CertVerify.obj
 0001:00004460       ??0iterator@?$list@PAEV?$allocator@PAE@std@@@std@@QAE@PAU_Node@?$_List_nod@PAEV?$allocator@PAE@std@@@2@@Z 10005460 f i CertVerify.obj
 0001:00004490       ??Fiterator@?$list@PAEV?$allocator@PAE@std@@@std@@QAEAAV012@XZ 10005490 f i CertVerify.obj
 0001:000044c0       ??0const_iterator@?$list@PAEV?$allocator@PAE@std@@@std@@QAE@XZ 100054c0 f i CertVerify.obj
 0001:000044e0       ??Dconst_iterator@?$list@PAEV?$allocator@PAE@std@@@std@@QBEABQAEXZ 100054e0 f i CertVerify.obj
 0001:00004510       ?capacity@?$vector@PAU_DS_DATA_BLOB@@V?$allocator@PAU_DS_DATA_BLOB@@@std@@@std@@QBEIXZ 10005510 f i CertVerify.obj
 0001:00004560       ?begin@?$vector@PAU_DS_DATA_BLOB@@V?$allocator@PAU_DS_DATA_BLOB@@@std@@@std@@QAE?AViterator@12@XZ 10005560 f i CertVerify.obj
 0001:00004590       ?end@?$vector@PAU_DS_DATA_BLOB@@V?$allocator@PAU_DS_DATA_BLOB@@@std@@@std@@QAE?AViterator@12@XZ 10005590 f i CertVerify.obj
 0001:000045c0       ?insert@?$vector@PAU_DS_DATA_BLOB@@V?$allocator@PAU_DS_DATA_BLOB@@@std@@@std@@QAE?AViterator@12@V312@ABQAU_DS_DATA_BLOB@@@Z 100055c0 f i CertVerify.obj
 0001:00004650       ?_Buy@?$vector@PAU_DS_DATA_BLOB@@V?$allocator@PAU_DS_DATA_BLOB@@@std@@@std@@IAE_NI@Z 10005650 f i CertVerify.obj
 0001:000046e0       ?_Tidy@?$vector@PAU_DS_DATA_BLOB@@V?$allocator@PAU_DS_DATA_BLOB@@@std@@@std@@IAEXXZ 100056e0 f i CertVerify.obj
 0001:00004760       ?_Ufill@?$vector@PAU_DS_DATA_BLOB@@V?$allocator@PAU_DS_DATA_BLOB@@@std@@@std@@IAEPAPAU_DS_DATA_BLOB@@PAPAU3@IABQAU3@@Z 10005760 f i CertVerify.obj
 0001:000047a0       ?_Xran@?$vector@PAU_DS_DATA_BLOB@@V?$allocator@PAU_DS_DATA_BLOB@@@std@@@std@@IBEXXZ 100057a0 f i CertVerify.obj
 0001:00004820       ??0out_of_range@std@@QAE@ABV?$basic_string@DU?$char_traits@D@std@@V?$allocator@D@2@@1@@Z 10005820 f i CertVerify.obj
 0001:00004860       ??0logic_error@std@@QAE@ABV?$basic_string@DU?$char_traits@D@std@@V?$allocator@D@2@@1@@Z 10005860 f i CertVerify.obj
 0001:000048d0       ?what@logic_error@std@@UBEPBDXZ 100058d0 f i CertVerify.obj
 0001:00004900       ??_Glogic_error@std@@UAEPAXI@Z 10005900 f i CertVerify.obj
 0001:00004900       ??_Elogic_error@std@@UAEPAXI@Z 10005900 f i CertVerify.obj
 0001:00004940       ??1logic_error@std@@UAE@XZ 10005940 f i CertVerify.obj
 0001:000049b0       ??1out_of_range@std@@UAE@XZ 100059b0 f i CertVerify.obj
 0001:000049e0       ??_Gout_of_range@std@@UAEPAXI@Z 100059e0 f i CertVerify.obj
 0001:000049e0       ??_Eout_of_range@std@@UAEPAXI@Z 100059e0 f i CertVerify.obj
 0001:00004a20       ??0?$basic_string@DU?$char_traits@D@std@@V?$allocator@D@2@@std@@QAE@ABV01@@Z 10005a20 f i CertVerify.obj
 0001:00004a80       ??1?$basic_string@DU?$char_traits@D@std@@V?$allocator@D@2@@std@@QAE@XZ 10005a80 f i CertVerify.obj
 0001:00004ab0       ?c_str@?$basic_string@DU?$char_traits@D@std@@V?$allocator@D@2@@std@@QBEPBDXZ 10005ab0 f i CertVerify.obj
 0001:00004ae0       ?assign@?$basic_string@DU?$char_traits@D@std@@V?$allocator@D@2@@std@@QAEAAV12@ABV12@II@Z 10005ae0 f i CertVerify.obj
 0001:00004bb0       ?copy@?$char_traits@D@std@@SAPADPADPBDI@Z 10005bb0 f i CertVerify.obj
 0001:00004bd0       ?_Tidy@?$basic_string@DU?$char_traits@D@std@@V?$allocator@D@2@@std@@IAEX_NI@Z 10005bd0 f i CertVerify.obj
 0001:00004c60       ?_Myptr@?$basic_string@DU?$char_traits@D@std@@V?$allocator@D@2@@std@@QBEPBDXZ 10005c60 f i CertVerify.obj
 0001:00004ca0       ??0?$_String_val@DV?$allocator@D@std@@@std@@IAE@V?$allocator@D@1@@Z 10005ca0 f i CertVerify.obj
 0001:00004cd0       ??0?$allocator@D@std@@QAE@ABV01@@Z 10005cd0 f i CertVerify.obj
 0001:00004cf0       ??0?$_Vector_val@PAU_DS_DATA_BLOB@@V?$allocator@PAU_DS_DATA_BLOB@@@std@@@std@@IAE@V?$allocator@PAU_DS_DATA_BLOB@@@1@@Z 10005cf0 f i CertVerify.obj
 0001:00004d20       ??0?$allocator@PAU_DS_DATA_BLOB@@@std@@QAE@XZ 10005d20 f i CertVerify.obj
 0001:00004d40       ??Diterator@?$vector@PAU_DS_DATA_BLOB@@V?$allocator@PAU_DS_DATA_BLOB@@@std@@@std@@QBEAAPAU_DS_DATA_BLOB@@XZ 10005d40 f i CertVerify.obj
 0001:00004d70       ??Hiterator@?$vector@PAU_DS_DATA_BLOB@@V?$allocator@PAU_DS_DATA_BLOB@@@std@@@std@@QBE?AV012@H@Z 10005d70 f i CertVerify.obj
 0001:00004df0       ??0out_of_range@std@@QAE@ABV01@@Z 10005df0 f i CertVerify.obj
 0001:00004e30       ??0logic_error@std@@QAE@ABV01@@Z 10005e30 f i CertVerify.obj
 0001:00004eb0       ??0?$basic_string@DU?$char_traits@D@std@@V?$allocator@D@2@@std@@QAE@PBD@Z 10005eb0 f i CertVerify.obj
 0001:00004f10       ?erase@?$basic_string@DU?$char_traits@D@std@@V?$allocator@D@2@@std@@QAEAAV12@II@Z 10005f10 f i CertVerify.obj
 0001:00004fc0       ?move@?$char_traits@D@std@@SAPADPADPBDI@Z 10005fc0 f i CertVerify.obj
 0001:00004fe0       ?size@?$basic_string@DU?$char_traits@D@std@@V?$allocator@D@2@@std@@QBEIXZ 10005fe0 f i CertVerify.obj
 0001:00005000       ?_Eos@?$basic_string@DU?$char_traits@D@std@@V?$allocator@D@2@@std@@IAEXI@Z 10006000 f i CertVerify.obj
 0001:00005050       ?assign@?$char_traits@D@std@@SAXAADABD@Z 10006050 f i CertVerify.obj
 0001:00005060       ?_Grow@?$basic_string@DU?$char_traits@D@std@@V?$allocator@D@2@@std@@IAE_NI_N@Z 10006060 f i CertVerify.obj
 0001:00005110       ?_Myptr@?$basic_string@DU?$char_traits@D@std@@V?$allocator@D@2@@std@@QAEPADXZ 10006110 f i CertVerify.obj
 0001:00005150       ?deallocate@?$allocator@D@std@@QAEXPADI@Z 10006150 f i CertVerify.obj
 0001:00005180       ?_Prevnode@?$list@PAEV?$allocator@PAE@std@@@std@@KAAAPAU_Node@?$_List_nod@PAEV?$allocator@PAE@std@@@2@PAU342@@Z 10006180 f i CertVerify.obj
 0001:00005190       ?_Myval@?$list@PAEV?$allocator@PAE@std@@@std@@KAAAPAEPAU_Node@?$_List_nod@PAEV?$allocator@PAE@std@@@2@@Z 10006190 f i CertVerify.obj
 0001:000051a0       ?clear@?$list@PAEV?$allocator@PAE@std@@@std@@QAEXXZ 100061a0 f i CertVerify.obj
 0001:00005260       ?_Buynode@?$list@PAEV?$allocator@PAE@std@@@std@@IAEPAU_Node@?$_List_nod@PAEV?$allocator@PAE@std@@@2@PAU342@0ABQAE@Z 10006260 f i CertVerify.obj
 0001:00005340       ??2@YAPAXIPAX@Z            10006340 f i CertVerify.obj
 0001:00005350       ??3@YAXPAX0@Z              10006350 f i CertVerify.obj
 0001:00005360       ?_Incsize@?$list@PAEV?$allocator@PAE@std@@@std@@IAEXI@Z 10006360 f i CertVerify.obj
 0001:00005400       ??0length_error@std@@QAE@ABV?$basic_string@DU?$char_traits@D@std@@V?$allocator@D@2@@1@@Z 10006400 f i CertVerify.obj
 0001:00005440       ??1length_error@std@@UAE@XZ 10006440 f i CertVerify.obj
 0001:00005470       ??_Elength_error@std@@UAEPAXI@Z 10006470 f i CertVerify.obj
 0001:00005470       ??_Glength_error@std@@UAEPAXI@Z 10006470 f i CertVerify.obj
 0001:000054b0       ??0?$_List_ptr@PAEV?$allocator@PAE@std@@@std@@IAE@V?$allocator@PAE@1@@Z 100064b0 f i CertVerify.obj
 0001:00005500       ??0?$allocator@PAE@std@@QAE@ABV01@@Z 10006500 f i CertVerify.obj
 0001:00005520       ?deallocate@?$allocator@U_Node@?$_List_nod@PAEV?$allocator@PAE@std@@@std@@@std@@QAEXPAU_Node@?$_List_nod@PAEV?$allocator@PAE@std@@@2@I@Z 10006520 f i CertVerify.obj
 0001:00005550       ?allocate@?$allocator@U_Node@?$_List_nod@PAEV?$allocator@PAE@std@@@std@@@std@@QAEPAU_Node@?$_List_nod@PAEV?$allocator@PAE@std@@@2@I@Z 10006550 f i CertVerify.obj
 0001:00005580       ?construct@?$allocator@PAU_Node@?$_List_nod@PAEV?$allocator@PAE@std@@@std@@@std@@QAEXPAPAU_Node@?$_List_nod@PAEV?$allocator@PAE@std@@@2@ABQAU342@@Z 10006580 f i CertVerify.obj
 0001:000055b0       ?destroy@?$allocator@PAU_Node@?$_List_nod@PAEV?$allocator@PAE@std@@@std@@@std@@QAEXPAPAU_Node@?$_List_nod@PAEV?$allocator@PAE@std@@@2@@Z 100065b0 f i CertVerify.obj
 0001:000055e0       ??0const_iterator@?$list@PAEV?$allocator@PAE@std@@@std@@QAE@PAU_Node@?$_List_nod@PAEV?$allocator@PAE@std@@@2@@Z 100065e0 f i CertVerify.obj
 0001:00005600       ??Fconst_iterator@?$list@PAEV?$allocator@PAE@std@@@std@@QAEAAV012@XZ 10006600 f i CertVerify.obj
 0001:00005640       ?_Mynode@const_iterator@?$list@PAEV?$allocator@PAE@std@@@std@@QBEPAU_Node@?$_List_nod@PAEV?$allocator@PAE@std@@@3@XZ 10006640 f i CertVerify.obj
 0001:00005660       ?max_size@?$vector@PAU_DS_DATA_BLOB@@V?$allocator@PAU_DS_DATA_BLOB@@@std@@@std@@QBEIXZ 10006660 f i CertVerify.obj
 0001:00005690       ?_Destroy@?$vector@PAU_DS_DATA_BLOB@@V?$allocator@PAU_DS_DATA_BLOB@@@std@@@std@@IAEXPAPAU_DS_DATA_BLOB@@0@Z 10006690 f i CertVerify.obj
 0001:000056d0       ?_Insert_n@?$vector@PAU_DS_DATA_BLOB@@V?$allocator@PAU_DS_DATA_BLOB@@@std@@@std@@IAEXViterator@12@IABQAU_DS_DATA_BLOB@@@Z 100066d0 f i CertVerify.obj
 0001:00005a40       ?_Xlen@?$vector@PAU_DS_DATA_BLOB@@V?$allocator@PAU_DS_DATA_BLOB@@@std@@@std@@IBEXXZ 10006a40 f i CertVerify.obj
 0001:00005ac0       ??0?$allocator@PAU_DS_DATA_BLOB@@@std@@QAE@ABV01@@Z 10006ac0 f i CertVerify.obj
 0001:00005ae0       ?deallocate@?$allocator@PAU_DS_DATA_BLOB@@@std@@QAEXPAPAU_DS_DATA_BLOB@@I@Z 10006ae0 f i CertVerify.obj
 0001:00005b10       ?allocate@?$allocator@PAU_DS_DATA_BLOB@@@std@@QAEPAPAU_DS_DATA_BLOB@@I@Z 10006b10 f i CertVerify.obj
 0001:00005b40       ??0iterator@?$vector@PAU_DS_DATA_BLOB@@V?$allocator@PAU_DS_DATA_BLOB@@@std@@@std@@QAE@PAPAU_DS_DATA_BLOB@@@Z 10006b40 f i CertVerify.obj
 0001:00005b70       ??Yiterator@?$vector@PAU_DS_DATA_BLOB@@V?$allocator@PAU_DS_DATA_BLOB@@@std@@@std@@QAEAAV012@H@Z 10006b70 f i CertVerify.obj
 0001:00005ba0       ??Giterator@?$vector@PAU_DS_DATA_BLOB@@V?$allocator@PAU_DS_DATA_BLOB@@@std@@@std@@QBEHABVconst_iterator@12@@Z 10006ba0 f i CertVerify.obj
 0001:00005be0       ??Dconst_iterator@?$vector@PAU_DS_DATA_BLOB@@V?$allocator@PAU_DS_DATA_BLOB@@@std@@@std@@QBEABQAU_DS_DATA_BLOB@@XZ 10006be0 f i CertVerify.obj
 0001:00005c00       ??0length_error@std@@QAE@ABV01@@Z 10006c00 f i CertVerify.obj
 0001:00005c40       ?assign@?$basic_string@DU?$char_traits@D@std@@V?$allocator@D@2@@std@@QAEAAV12@PBD@Z 10006c40 f i CertVerify.obj
 0001:00005c80       ?length@?$char_traits@D@std@@SAIPBD@Z 10006c80 f i CertVerify.obj
 0001:00005ca0       ?max_size@?$basic_string@DU?$char_traits@D@std@@V?$allocator@D@2@@std@@QBEIXZ 10006ca0 f i CertVerify.obj
 0001:00005d00       ?_Copy@?$basic_string@DU?$char_traits@D@std@@V?$allocator@D@2@@std@@IAEXII@Z 10006d00 f i CertVerify.obj
 0001:00005e80       ??0?$allocator@D@std@@QAE@XZ 10006e80 f i CertVerify.obj
 0001:00005ea0       ?max_size@?$list@PAEV?$allocator@PAE@std@@@std@@QBEIXZ 10006ea0 f i CertVerify.obj
 0001:00005ed0       ??0?$_List_nod@PAEV?$allocator@PAE@std@@@std@@IAE@V?$allocator@PAE@1@@Z 10006ed0 f i CertVerify.obj
 0001:00005f00       ?destroy@?$allocator@U_Node@?$_List_nod@PAEV?$allocator@PAE@std@@@std@@@std@@QAEXPAU_Node@?$_List_nod@PAEV?$allocator@PAE@std@@@2@@Z 10006f00 f i CertVerify.obj
 0001:00005f30       ?max_size@?$allocator@PAU_DS_DATA_BLOB@@@std@@QBEIXZ 10006f30 f i CertVerify.obj
 0001:00005f80       ??0const_iterator@?$vector@PAU_DS_DATA_BLOB@@V?$allocator@PAU_DS_DATA_BLOB@@@std@@@std@@QAE@PAPAU_DS_DATA_BLOB@@@Z 10006f80 f i CertVerify.obj
 0001:00005fa0       ??Gconst_iterator@?$vector@PAU_DS_DATA_BLOB@@V?$allocator@PAU_DS_DATA_BLOB@@@std@@@std@@QBEHABV012@@Z 10006fa0 f i CertVerify.obj
 0001:00005fd0       ??0_Node@?$_List_nod@PAEV?$allocator@PAE@std@@@std@@QAE@PAU012@0ABQAE@Z 10006fd0 f i CertVerify.obj
 0001:00006010       ?assign@?$basic_string@DU?$char_traits@D@std@@V?$allocator@D@2@@std@@QAEAAV12@PBDI@Z 10007010 f i CertVerify.obj
 0001:000060a0       ?allocate@?$allocator@D@std@@QAEPADI@Z 100070a0 f i CertVerify.obj
 0001:000060d0       ?max_size@?$allocator@D@std@@QBEIXZ 100070d0 f i CertVerify.obj
 0001:00006120       ?max_size@?$allocator@PAE@std@@QBEIXZ 10007120 f i CertVerify.obj
 0001:00006170       ?_Inside@?$basic_string@DU?$char_traits@D@std@@V?$allocator@D@2@@std@@IAE_NPBD@Z 10007170 f i CertVerify.obj
 0001:000061c0       ??$_Uninitialized_fill_n@PAPAU_DS_DATA_BLOB@@IPAU1@V?$allocator@PAU_DS_DATA_BLOB@@@std@@@std@@YAXPAPAU_DS_DATA_BLOB@@IABQAU1@AAV?$allocator@PAU_DS_DATA_BLOB@@@0@@Z 100071c0 f i CertVerify.obj
 0001:00006210       ??$?0PAE@?$allocator@PAU_Node@?$_List_nod@PAEV?$allocator@PAE@std@@@std@@@std@@QAE@ABV?$allocator@PAE@1@@Z 10007210 f i CertVerify.obj
 0001:00006230       ??$_Allocate@U_Node@?$_List_nod@PAEV?$allocator@PAE@std@@@std@@@std@@YAPAU_Node@?$_List_nod@PAEV?$allocator@PAE@std@@@0@IPAU120@@Z 10007230 f i CertVerify.obj
 0001:00006250       ??$_Construct@PAU_Node@?$_List_nod@PAEV?$allocator@PAE@std@@@std@@PAU123@@std@@YAXPAPAU_Node@?$_List_nod@PAEV?$allocator@PAE@std@@@0@ABQAU120@@Z 10007250 f i CertVerify.obj
 0001:000062b0       ??$_Destroy@PAU_Node@?$_List_nod@PAEV?$allocator@PAE@std@@@std@@@std@@YAXPAPAU_Node@?$_List_nod@PAEV?$allocator@PAE@std@@@0@@Z 100072b0 f i CertVerify.obj
 0001:000062c0       ??$_Destroy_range@PAU_DS_DATA_BLOB@@V?$allocator@PAU_DS_DATA_BLOB@@@std@@@std@@YAXPAPAU_DS_DATA_BLOB@@0AAV?$allocator@PAU_DS_DATA_BLOB@@@0@@Z 100072c0 f i CertVerify.obj
 0001:00006310       ??$_Ucopy@PAPAU_DS_DATA_BLOB@@@?$vector@PAU_DS_DATA_BLOB@@V?$allocator@PAU_DS_DATA_BLOB@@@std@@@std@@IAEPAPAU_DS_DATA_BLOB@@PAPAU2@00@Z 10007310 f i CertVerify.obj
 0001:00006350       ??$fill@PAPAU_DS_DATA_BLOB@@PAU1@@std@@YAXPAPAU_DS_DATA_BLOB@@0ABQAU1@@Z 10007350 f i CertVerify.obj
 0001:00006380       ??$copy_backward@PAPAU_DS_DATA_BLOB@@PAPAU1@@std@@YAPAPAU_DS_DATA_BLOB@@PAPAU1@00@Z 10007380 f i CertVerify.obj
 0001:000063d0       ??$_Allocate@PAU_DS_DATA_BLOB@@@std@@YAPAPAU_DS_DATA_BLOB@@IPAPAU1@@Z 100073d0 f i CertVerify.obj
 0001:000063f0       ??$?0PAE@?$allocator@U_Node@?$_List_nod@PAEV?$allocator@PAE@std@@@std@@@std@@QAE@ABV?$allocator@PAE@1@@Z 100073f0 f i CertVerify.obj
 0001:00006410       ??$_Destroy@U_Node@?$_List_nod@PAEV?$allocator@PAE@std@@@std@@@std@@YAXPAU_Node@?$_List_nod@PAEV?$allocator@PAE@std@@@0@@Z 10007410 f i CertVerify.obj
 0001:00006420       ??$_Allocate@D@std@@YAPADIPAD@Z 10007420 f i CertVerify.obj
 0001:00006440       ??$_Ptr_cat@U_DS_DATA_BLOB@@@std@@YA?AU_Scalar_ptr_iterator_tag@0@PAPAU_DS_DATA_BLOB@@0@Z 10007440 f i CertVerify.obj
 0001:00006490       ??$_Uninit_fill_n@PAU_DS_DATA_BLOB@@IPAU1@@std@@YAXPAPAU_DS_DATA_BLOB@@IABQAU1@AAV?$allocator@PAU_DS_DATA_BLOB@@@0@U_Scalar_ptr_iterator_tag@0@@Z 10007490 f i CertVerify.obj
 0001:000064b0       ??$_Destroy_range@PAU_DS_DATA_BLOB@@V?$allocator@PAU_DS_DATA_BLOB@@@std@@@std@@YAXPAPAU_DS_DATA_BLOB@@0AAV?$allocator@PAU_DS_DATA_BLOB@@@0@U_Scalar_ptr_iterator_tag@0@@Z 100074b0 f i CertVerify.obj
 0001:000064c0       ??$_Uninitialized_copy@PAPAU_DS_DATA_BLOB@@PAPAU1@V?$allocator@PAU_DS_DATA_BLOB@@@std@@@std@@YAPAPAU_DS_DATA_BLOB@@PAPAU1@00AAV?$allocator@PAU_DS_DATA_BLOB@@@0@@Z 100074c0 f i CertVerify.obj
 0001:00006510       ??$_Copy_backward_opt@PAPAU_DS_DATA_BLOB@@PAPAU1@@std@@YAPAPAU_DS_DATA_BLOB@@PAPAU1@00U_Scalar_ptr_iterator_tag@0@@Z 10007510 f i CertVerify.obj
 0001:00006560       ??$fill_n@PAPAU_DS_DATA_BLOB@@IPAU1@@std@@YAXPAPAU_DS_DATA_BLOB@@IABQAU1@@Z 10007560 f i CertVerify.obj
 0001:00006590       ??$_Uninit_copy@PAU_DS_DATA_BLOB@@PAU1@@std@@YAPAPAU_DS_DATA_BLOB@@PAPAU1@00AAV?$allocator@PAU_DS_DATA_BLOB@@@0@U_Scalar_ptr_iterator_tag@0@@Z 10007590 f i CertVerify.obj
 0001:000065e0       ?FileEncoding@@YAXPAE@Z    100075e0 f   CharConversion.obj
 0001:00006610       ?PrintBstr@@YAXPAG@Z       10007610 f   CharConversion.obj
 0001:000066a0       ?UTF16LEToUTF8@@YAHPAEPAHPBE1@Z 100076a0 f   CharConversion.obj
 0001:00006970       ?UTF8ToUTF16LE@@YAHPAEPAHPBE1@Z 10007970 f   CharConversion.obj
 0001:00006cd0       ?UTF16BEToUTF8@@YAHPAEPAHPBE1@Z 10007cd0 f   CharConversion.obj
 0001:00006fb0       ?UTF8ToUTF16BE@@YAHPAEPAHPBE1@Z 10007fb0 f   CharConversion.obj
 0001:00007300       ?HeapW2A@@YAPAEPAG@Z       10008300 f   CharConversion.obj
 0001:00007520       ?ldump@@YAXPADI@Z          10008520 f   CharConversion.obj
 0001:00007650       ?head@@YAXJ@Z              10008650 f   CharConversion.obj
 0001:000076c0       ?dump@@YAXPADI@Z           100086c0 f   CharConversion.obj
 0001:00007780       ?_AtlGetThreadACPThunk@ATL@@YGIXZ 10008780 f i config.obj
 0001:00007860       ?InterlockedExchangePointer@@YGPAXPAPAXPAX@Z 10008860 f i config.obj
 0001:00007890       ?_AtlGetThreadACPFake@ATL@@YGIXZ 10008890 f i config.obj
 0001:00007990       ?_AtlGetThreadACPReal@ATL@@YGIXZ 10008990 f i config.obj
 0001:000079a0       ??_Estringdispid@CComTypeInfoHolder@ATL@@QAEPAXI@Z 100089a0 f i config.obj
 0001:00007a20       ??1stringdispid@CComTypeInfoHolder@ATL@@QAE@XZ 10008a20 f i config.obj
 0001:00007a50       ??1CComBSTR@ATL@@QAE@XZ    10008a50 f i config.obj
 0001:00007a90       ?GetEnvironmentVariableWThunk@ATL@@YGKPBGPAGK@Z 10008a90 f i config.obj
 0001:00007ae0       ?_AtlInstallStringThunk@ATL@@YAXPAPAXPAX1@Z 10008ae0 f i config.obj
 0001:00007b60       ?GetEnvironmentVariableWFake@ATL@@YGKPBGPAGK@Z 10008b60 f i config.obj
 0001:00007dc0       ?_AtlGetConversionACP@ATL@@YGIXZ 10008dc0 f i config.obj
 0001:00007de0       ?CompareStringWThunk@ATL@@YGHKKPBGH0H@Z 10008de0 f i config.obj
 0001:00007e30       ?CompareStringWFake@ATL@@YGHKKPBGH0H@Z 10008e30 f i config.obj
 0001:00008080       ?_AtlVerifyStackAvailable@_ATL_SAFE_ALLOCA_IMPL@ATL@@YA_NK@Z 10009080 f i config.obj
 0001:00008160       ?AtlW2AHelper@@YGPADPADPBGHI@Z 10009160 f i config.obj
 0001:00008240       ?AtlThrow@ATL@@YGXJ@Z      10009240 f i config.obj
 0001:000082c0       ??0CTraceFileAndLineInfo@ATL@@QAE@PBDH@Z 100092c0 f i config.obj
 0001:000082f0       ??RCTraceFileAndLineInfo@ATL@@QBAXKIPBDZZ 100092f0 f i config.obj
 0001:00008340       ?TraceV@CTrace@ATL@@QBAXPBDHKI0PAD@Z 10009340 f i config.obj
 0001:00008380       ??BCTraceCategory@ATL@@QBEKXZ 10009380 f i config.obj
 0001:000083a0       ??0CAtlException@ATL@@QAE@J@Z 100093a0 f i config.obj
 0001:000083c0       ?GetStringTypeExWThunk@ATL@@YGHKKPBGHPAG@Z 100093c0 f i config.obj
 0001:00008410       ?GetStringTypeExWFake@ATL@@YGHKKPBGHPAG@Z 10009410 f i config.obj
 0001:00008570       ?lstrcmpiWThunk@ATL@@YGHPBG0@Z 10009570 f i config.obj
 0001:000085b0       ?lstrcmpiWFake@ATL@@YGHPBG0@Z 100095b0 f i config.obj
 0001:000086d0       ?CharLowerWThunk@ATL@@YGPAGPAG@Z 100096d0 f i config.obj
 0001:00008710       ?CharLowerWFake@ATL@@YGPAGPAG@Z 10009710 f i config.obj
 0001:00008840       ?AtlA2WHelper@@YGPAGPAGPBDHI@Z 10009840 f i config.obj
 0001:00008920       ?CharUpperWThunk@ATL@@YGPAGPAG@Z 10009920 f i config.obj
 0001:00008960       ?CharUpperWFake@ATL@@YGPAGPAG@Z 10009960 f i config.obj
 0001:00008a90       ??0CConfig@@QAE@PAVCSignature@@@Z 10009a90 f   config.obj
 0001:00008ca0       ??1CConfig@@UAE@XZ         10009ca0 f   config.obj
 0001:00008d00       ?getConfigDetailsFromDom@CConfig@@QAEXPAU_xmlNode@@@Z 10009d00 f   config.obj
 0001:0000a6a0       ?getConfigDetails@CConfig@@QAEHPAU_GLOBAL_SIG@@@Z 1000b6a0 f   config.obj
 0001:0000a730       ?setConfigDetails@CConfig@@QAEHPAG@Z 1000b730 f   config.obj
 0001:0000a8b0       ??_GCConfig@@UAEPAXI@Z     1000b8b0 f i config.obj
 0001:0000a8b0       ??_ECConfig@@UAEPAXI@Z     1000b8b0 f i config.obj
 0001:0000a8f0       ?A2WBSTR@@YAPAGPBDH@Z      1000b8f0 f i config.obj
 0001:0000aac0       ??4CComBSTR@ATL@@QAEAAV01@PBG@Z 1000bac0 f i config.obj
 0001:0000ab40       ?SetCRLTimeOut@CRLCache@@QAEXK@Z 1000bb40 f i config.obj
 0001:0000ab60       ??_GCCAMClient@@QAEPAXI@Z  1000bb60 f i config.obj
 0001:0000aba0       ??_GCRLCache@@QAEPAXI@Z    1000bba0 f i config.obj
 0001:0000abe0       ??0CComBSTR@ATL@@QAE@XZ    1000bbe0 f i config.obj
 0001:0000ac00       ?Length@CComBSTR@ATL@@QBEIXZ 1000bc00 f i config.obj
 0001:0000ac60       ??0?$CW2AEX@$0IA@@ATL@@QAE@PBG@Z 1000bc60 f i config.obj
 0001:0000aca0       ??1?$CW2AEX@$0IA@@ATL@@QAE@XZ 1000bca0 f i config.obj
 0001:0000ace0       ??B?$CW2AEX@$0IA@@ATL@@QBEPADXZ 1000bce0 f i config.obj
 0001:0000ad00       ?Init@?$CW2AEX@$0IA@@ATL@@AAEXPBGI@Z 1000bd00 f i config.obj
 0001:0000add0       ?AtlThrowLastWin32@ATL@@YGXXZ 1000bdd0 f i config.obj
 0001:0000ae40       ??0?$CAtlSafeAllocBufferManager@VCCRTAllocator@ATL@@@_ATL_SAFE_ALLOCA_IMPL@ATL@@QAE@XZ 1000be40 f i config.obj
 0001:0000ae60       ?Allocate@?$CAtlSafeAllocBufferManager@VCCRTAllocator@ATL@@@_ATL_SAFE_ALLOCA_IMPL@ATL@@QAEPAXK@Z 1000be60 f i config.obj
 0001:0000aec0       ?Allocate@CCRTAllocator@ATL@@SAPAXI@Z 1000bec0 f i config.obj
 0001:0000aee0       ??1?$CAtlSafeAllocBufferManager@VCCRTAllocator@ATL@@@_ATL_SAFE_ALLOCA_IMPL@ATL@@QAE@XZ 1000bee0 f i config.obj
 0001:0000af30       ?Free@CCRTAllocator@ATL@@SAXPAX@Z 1000bf30 f i config.obj
 0001:0000af50       ??0?$CTempBuffer@D$0IA@VCCRTAllocator@ATL@@@ATL@@QAE@XZ 1000bf50 f i config.obj
 0001:0000af70       ??1?$CTempBuffer@D$0IA@VCCRTAllocator@ATL@@@ATL@@QAE@XZ 1000bf70 f i config.obj
 0001:0000afb0       ??B?$CTempBuffer@D$0IA@VCCRTAllocator@ATL@@@ATL@@QBEPADXZ 1000bfb0 f i config.obj
 0001:0000afd0       ?Allocate@?$CTempBuffer@D$0IA@VCCRTAllocator@ATL@@@ATL@@QAEPADI@Z 1000bfd0 f i config.obj
 0001:0000b000       ?AllocateBytes@?$CTempBuffer@D$0IA@VCCRTAllocator@ATL@@@ATL@@QAEPADI@Z 1000c000 f i config.obj
 0001:0000b070       ?FreeHeap@?$CTempBuffer@D$0IA@VCCRTAllocator@ATL@@@ATL@@AAEXXZ 1000c070 f i config.obj
 0001:0000b0a0       ?GetData@CAtlSafeAllocBufferNode@?$CAtlSafeAllocBufferManager@VCCRTAllocator@ATL@@@_ATL_SAFE_ALLOCA_IMPL@ATL@@QAEPAXXZ 1000c0a0 f i config.obj
 0001:0000b0c0       ?AllocateHeap@?$CTempBuffer@D$0IA@VCCRTAllocator@ATL@@@ATL@@AAEXI@Z 1000c0c0 f i config.obj
 0001:0000b110       ?GetTimeDifferenceInMinutes@@YAJPAU_SYSTEMTIME@@0@Z 1000c110 f   CRLCache.obj
 0001:0000b1d0       ??0CRLCache@@QAE@PAGPAU_GLOBAL_SIG@@@Z 1000c1d0 f   CRLCache.obj
 0001:0000b6b0       ??1CRLCache@@QAE@XZ        1000c6b0 f   CRLCache.obj
 0001:0000b710       ?FetchCRLFromCRLCache@CRLCache@@QAEPAPAU_DS_DATA_BLOB@@PAU_CRYPTOAPI_BLOB@@PAIPAU_GLOBAL_SIG@@@Z 1000c710 f   CRLCache.obj
 0001:0000c800       ?EnterCRLIntoCRLCache@CRLCache@@QAEXPAU_CRYPTOAPI_BLOB@@PAU_DS_DATA_BLOB@@PAU_GLOBAL_SIG@@@Z 1000d800 f   CRLCache.obj
 0001:0000d140       ?DeleteCRLFromCRLCache@CRLCache@@QAEXPAU_CRYPTOAPI_BLOB@@PAU_DS_DATA_BLOB@@PAU_GLOBAL_SIG@@@Z 1000e140 f   CRLCache.obj
 0001:0000d900       ??0_bstr_t@@QAE@PBD@Z      1000e900 f i CRLCache.obj
 0001:0000d9b0       ??0_bstr_t@@QAE@PBG@Z      1000e9b0 f i CRLCache.obj
 0001:0000da60       ??1_bstr_t@@QAE@XZ         1000ea60 f i CRLCache.obj
 0001:0000da90       ??H_bstr_t@@QBE?AV0@ABV0@@Z 1000ea90 f i CRLCache.obj
 0001:0000db50       ??0_bstr_t@@QAE@ABV0@@Z    1000eb50 f i CRLCache.obj
 0001:0000db90       ??Y_bstr_t@@QAEAAV0@ABV0@@Z 1000eb90 f i CRLCache.obj
 0001:0000dc50       ??B_bstr_t@@QBEPADXZ       1000ec50 f i CRLCache.obj
 0001:0000dca0       ?_AddRef@_bstr_t@@AAEXXZ   1000eca0 f i CRLCache.obj
 0001:0000dcd0       ?_Free@_bstr_t@@AAEXXZ     1000ecd0 f i CRLCache.obj
 0001:0000dd10       ??0Data_t@_bstr_t@@QAE@PBD@Z 1000ed10 f i CRLCache.obj
 0001:0000dd60       ??0Data_t@_bstr_t@@QAE@PBG@Z 1000ed60 f i CRLCache.obj
 0001:0000ddd0       ??0Data_t@_bstr_t@@QAE@ABV1@0@Z 1000edd0 f i CRLCache.obj
 0001:0000dec0       ??B_bstr_t@@QBEPBGXZ       1000eec0 f i CRLCache.obj
 0001:0000df10       ?length@_bstr_t@@QBEIXZ    1000ef10 f i CRLCache.obj
 0001:0000df60       ?AddRef@Data_t@_bstr_t@@QAEKXZ 1000ef60 f i CRLCache.obj
 0001:0000dfa0       ?Release@Data_t@_bstr_t@@QAEKXZ 1000efa0 f i CRLCache.obj
 0001:0000e020       ?GetWString@Data_t@_bstr_t@@QAEAAPAGXZ 1000f020 f i CRLCache.obj
 0001:0000e040       ?GetString@Data_t@_bstr_t@@QBEPBDXZ 1000f040 f i CRLCache.obj
 0001:0000e080       ?Length@Data_t@_bstr_t@@QBEIXZ 1000f080 f i CRLCache.obj
 0001:0000e0e0       ??2Data_t@_bstr_t@@SAPAXI@Z 1000f0e0 f i CRLCache.obj
 0001:0000e100       ??0_variant_t@@QAE@JG@Z    1000f100 f i CRLCache.obj
 0001:0000e1a0       ??1_variant_t@@QAE@XZ      1000f1a0 f i CRLCache.obj
 0001:0000e1e0       ?CheckError@_com_util@@YAXJ@Z 1000f1e0 f i CRLCache.obj
 0001:0000e200       ??0_bstr_t@@QAE@ABV_variant_t@@@Z 1000f200 f i CRLCache.obj
 0001:0000e2e0       ??4_bstr_t@@QAEAAV0@PBG@Z  1000f2e0 f i CRLCache.obj
 0001:0000e3c0       ??0_variant_t@@QAE@XZ      1000f3c0 f i CRLCache.obj
 0001:0000e400       ?ChangeType@_variant_t@@QAEXGPBV1@@Z 1000f400 f i CRLCache.obj
 0001:0000e470       ?Error@_com_error@@QBEJXZ  1000f470 f i CRLCache.obj
 0001:0000e490       ?Description@_com_error@@QBE?AV_bstr_t@@XZ 1000f490 f i CRLCache.obj
 0001:0000e540       ??0_bstr_t@@QAE@PAG_N@Z    1000f540 f i CRLCache.obj
 0001:0000e5f0       ??0Data_t@_bstr_t@@QAE@PAG_N@Z 1000f5f0 f i CRLCache.obj
 0001:0000e680       ?Source@_com_error@@QBE?AV_bstr_t@@XZ 1000f680 f i CRLCache.obj
 0001:0000e730       ?ErrorMessage@_com_error@@QBEPBDXZ 1000f730 f i CRLCache.obj
 0001:0000e890       ?WCode@_com_error@@QBEGXZ  1000f890 f i CRLCache.obj
 0001:0000e8c0       ?HRESULTToWCode@_com_error@@SAGJ@Z 1000f8c0 f i CRLCache.obj
 0001:0000e900       ??_GData_t@_bstr_t@@AAEPAXI@Z 1000f900 f i CRLCache.obj
 0001:0000e940       ??1Data_t@_bstr_t@@AAE@XZ  1000f940 f i CRLCache.obj
 0001:0000e970       ?_Free@Data_t@_bstr_t@@AAEXXZ 1000f970 f i CRLCache.obj
 0001:0000e9e0       ?PutConnectionString@Connection15@@QAEXV_bstr_t@@@Z 1000f9e0 f i CRLCache.obj
 0001:0000ea80       ??B_bstr_t@@QBEPAGXZ       1000fa80 f i CRLCache.obj
 0001:0000ead0       ?Close@Connection15@@QAEJXZ 1000fad0 f i CRLCache.obj
 0001:0000eb30       ?Open@Connection15@@QAEJV_bstr_t@@00J@Z 1000fb30 f i CRLCache.obj
 0001:0000ec10       ??B_bstr_t@@QBEPBDXZ       1000fc10 f i CRLCache.obj
 0001:0000ec60       ??0_variant_t@@QAE@ABV_bstr_t@@@Z 1000fc60 f i CRLCache.obj
 0001:0000ed00       ?GetValue@Field20@@QAE?AV_variant_t@@XZ 1000fd00 f i CRLCache.obj
 0001:0000edd0       ??0_variant_t@@QAE@AAUtagVARIANT@@_N@Z 1000fdd0 f i CRLCache.obj
 0001:0000ee50       ?GetItem@Fields15@@QAE?AV?$_com_ptr_t@V?$_com_IIID@UField@@$1?_GUID_00000569_0000_0010_8000_00aa006d2ea4@@3U__s_GUID@@B@@@@ABV_variant_t@@@Z 1000fe50 f i CRLCache.obj
 0001:0000ef40       ?PutRefActiveConnection@Recordset15@@QAEXPAUIDispatch@@@Z 1000ff40 f i CRLCache.obj
 0001:0000efa0       ?GetadoEOF@Recordset15@@QAEFXZ 1000ffa0 f i CRLCache.obj
 0001:0000f040       ?GetFields@Recordset15@@QAE?AV?$_com_ptr_t@V?$_com_IIID@UFields@@$1?_GUID_00000564_0000_0010_8000_00aa006d2ea4@@3U__s_GUID@@B@@@@XZ 10010040 f i CRLCache.obj
 0001:0000f100       ?GetRecordCount@Recordset15@@QAEJXZ 10010100 f i CRLCache.obj
 0001:0000f1a0       ?Close@Recordset15@@QAEJXZ 100101a0 f i CRLCache.obj
 0001:0000f200       ?Delete@Recordset15@@QAEJW4AffectEnum@@@Z 10010200 f i CRLCache.obj
 0001:0000f270       ?MoveNext@Recordset15@@QAEJXZ 10010270 f i CRLCache.obj
 0001:0000f2d0       ?Open@Recordset15@@QAEJABV_variant_t@@0W4CursorTypeEnum@@W4LockTypeEnum@@J@Z 100102d0 f i CRLCache.obj
 0001:0000f3b0       ?Execute@Connection15@@QAE?AV?$_com_ptr_t@V?$_com_IIID@U_Recordset@@$1?_GUID_00000556_0000_0010_8000_00aa006d2ea4@@3U__s_GUID@@B@@@@V_bstr_t@@PAUtagVARIANT@@J@Z 100103b0 f i CRLCache.obj
 0001:0000f4c0       ??0?$_com_ptr_t@V?$_com_IIID@UField@@$1?_GUID_00000569_0000_0010_8000_00aa006d2ea4@@3U__s_GUID@@B@@@@QAE@PAUField@@_N@Z 100104c0 f i CRLCache.obj
 0001:0000f500       ??1?$_com_ptr_t@V?$_com_IIID@UField@@$1?_GUID_00000569_0000_0010_8000_00aa006d2ea4@@3U__s_GUID@@B@@@@QAE@XZ 10010500 f i CRLCache.obj
 0001:0000f530       ??C?$_com_ptr_t@V?$_com_IIID@UField@@$1?_GUID_00000569_0000_0010_8000_00aa006d2ea4@@3U__s_GUID@@B@@@@QBEPAUField@@XZ 10010530 f i CRLCache.obj
 0001:0000f570       ??0?$_com_ptr_t@V?$_com_IIID@U_Connection@@$1?_GUID_00000550_0000_0010_8000_00aa006d2ea4@@3U__s_GUID@@B@@@@QAE@XZ 10010570 f i CRLCache.obj
 0001:0000f590       ??1?$_com_ptr_t@V?$_com_IIID@U_Connection@@$1?_GUID_00000550_0000_0010_8000_00aa006d2ea4@@3U__s_GUID@@B@@@@QAE@XZ 10010590 f i CRLCache.obj
 0001:0000f5c0       ??B?$_com_ptr_t@V?$_com_IIID@U_Connection@@$1?_GUID_00000550_0000_0010_8000_00aa006d2ea4@@3U__s_GUID@@B@@@@QBEPAU_Connection@@XZ 100105c0 f i CRLCache.obj
 0001:0000f5e0       ??C?$_com_ptr_t@V?$_com_IIID@U_Connection@@$1?_GUID_00000550_0000_0010_8000_00aa006d2ea4@@3U__s_GUID@@B@@@@QBEPAU_Connection@@XZ 100105e0 f i CRLCache.obj
 0001:0000f620       ?CreateInstance@?$_com_ptr_t@V?$_com_IIID@U_Connection@@$1?_GUID_00000550_0000_0010_8000_00aa006d2ea4@@3U__s_GUID@@B@@@@QAEJABU_GUID@@PAUIUnknown@@K@Z 10010620 f i CRLCache.obj
 0001:0000f750       ??0?$_com_ptr_t@V?$_com_IIID@U_Recordset@@$1?_GUID_00000556_0000_0010_8000_00aa006d2ea4@@3U__s_GUID@@B@@@@QAE@XZ 10010750 f i CRLCache.obj
 0001:0000f770       ??0?$_com_ptr_t@V?$_com_IIID@U_Recordset@@$1?_GUID_00000556_0000_0010_8000_00aa006d2ea4@@3U__s_GUID@@B@@@@QAE@PAU_Recordset@@_N@Z 10010770 f i CRLCache.obj
 0001:0000f7b0       ??1?$_com_ptr_t@V?$_com_IIID@U_Recordset@@$1?_GUID_00000556_0000_0010_8000_00aa006d2ea4@@3U__s_GUID@@B@@@@QAE@XZ 100107b0 f i CRLCache.obj
 0001:0000f7e0       ??C?$_com_ptr_t@V?$_com_IIID@U_Recordset@@$1?_GUID_00000556_0000_0010_8000_00aa006d2ea4@@3U__s_GUID@@B@@@@QBEPAU_Recordset@@XZ 100107e0 f i CRLCache.obj
 0001:0000f820       ?CreateInstance@?$_com_ptr_t@V?$_com_IIID@U_Recordset@@$1?_GUID_00000556_0000_0010_8000_00aa006d2ea4@@3U__s_GUID@@B@@@@QAEJABU_GUID@@PAUIUnknown@@K@Z 10010820 f i CRLCache.obj
 0001:0000f950       ??0?$_com_ptr_t@V?$_com_IIID@UFields@@$1?_GUID_00000564_0000_0010_8000_00aa006d2ea4@@3U__s_GUID@@B@@@@QAE@PAUFields@@_N@Z 10010950 f i CRLCache.obj
 0001:0000f990       ??1?$_com_ptr_t@V?$_com_IIID@UFields@@$1?_GUID_00000564_0000_0010_8000_00aa006d2ea4@@3U__s_GUID@@B@@@@QAE@XZ 10010990 f i CRLCache.obj
 0001:0000f9c0       ??C?$_com_ptr_t@V?$_com_IIID@UFields@@$1?_GUID_00000564_0000_0010_8000_00aa006d2ea4@@3U__s_GUID@@B@@@@QBEPAUFields@@XZ 100109c0 f i CRLCache.obj
 0001:0000fa00       ?_Release@?$_com_ptr_t@V?$_com_IIID@UField@@$1?_GUID_00000569_0000_0010_8000_00aa006d2ea4@@3U__s_GUID@@B@@@@AAEXXZ 10010a00 f i CRLCache.obj
 0001:0000fa40       ?_AddRef@?$_com_ptr_t@V?$_com_IIID@UField@@$1?_GUID_00000569_0000_0010_8000_00aa006d2ea4@@3U__s_GUID@@B@@@@AAEXXZ 10010a40 f i CRLCache.obj
 0001:0000fa80       ?GetIID@?$_com_ptr_t@V?$_com_IIID@U_Connection@@$1?_GUID_00000550_0000_0010_8000_00aa006d2ea4@@3U__s_GUID@@B@@@@SAABU_GUID@@XZ 10010a80 f i CRLCache.obj
 0001:0000faa0       ?_Release@?$_com_ptr_t@V?$_com_IIID@U_Connection@@$1?_GUID_00000550_0000_0010_8000_00aa006d2ea4@@3U__s_GUID@@B@@@@AAEXXZ 10010aa0 f i CRLCache.obj
 0001:0000fae0       ?GetIID@?$_com_ptr_t@V?$_com_IIID@U_Recordset@@$1?_GUID_00000556_0000_0010_8000_00aa006d2ea4@@3U__s_GUID@@B@@@@SAABU_GUID@@XZ 10010ae0 f i CRLCache.obj
 0001:0000fb00       ?_Release@?$_com_ptr_t@V?$_com_IIID@U_Recordset@@$1?_GUID_00000556_0000_0010_8000_00aa006d2ea4@@3U__s_GUID@@B@@@@AAEXXZ 10010b00 f i CRLCache.obj
 0001:0000fb40       ?_AddRef@?$_com_ptr_t@V?$_com_IIID@U_Recordset@@$1?_GUID_00000556_0000_0010_8000_00aa006d2ea4@@3U__s_GUID@@B@@@@AAEXXZ 10010b40 f i CRLCache.obj
 0001:0000fb80       ?_Release@?$_com_ptr_t@V?$_com_IIID@UFields@@$1?_GUID_00000564_0000_0010_8000_00aa006d2ea4@@3U__s_GUID@@B@@@@AAEXXZ 10010b80 f i CRLCache.obj
 0001:0000fbc0       ?_AddRef@?$_com_ptr_t@V?$_com_IIID@UFields@@$1?_GUID_00000564_0000_0010_8000_00aa006d2ea4@@3U__s_GUID@@B@@@@AAEXXZ 10010bc0 f i CRLCache.obj
 0001:0000fc00       ?GetIID@?$_com_IIID@U_Connection@@$1?_GUID_00000550_0000_0010_8000_00aa006d2ea4@@3U__s_GUID@@B@@SAABU_GUID@@XZ 10010c00 f i CRLCache.obj
 0001:0000fc10       ?GetIID@?$_com_IIID@U_Recordset@@$1?_GUID_00000556_0000_0010_8000_00aa006d2ea4@@3U__s_GUID@@B@@SAABU_GUID@@XZ 10010c10 f i CRLCache.obj
 0001:0000fc20       ??0CLicense@@QAE@XZ        10010c20 f   License.obj
 0001:0000fe40       ??1CLicense@@UAE@XZ        10010e40 f   License.obj
 0001:0000ff00       ?getLicenseDetails@CLicense@@QAEHPAU_GLOBAL_SIG@@@Z 10010f00 f   License.obj
 0001:00010af0       ?getHostOsType@CLicense@@SAJXZ 10011af0 f   License.obj
 0001:00010d80       ?verifyLicense@CLicense@@QAEHPAU_GLOBAL_SIG@@@Z 10011d80 f   License.obj
 0001:00011780       ?Get_CRC_CheckSum@CLicense@@SAXPAXKPAK@Z 10012780 f   License.obj
 0001:00011800       ?verifyFloatingLicense@CLicense@@QAEXPAEKPAU_GLOBAL_SIG@@@Z 10012800 f   License.obj
 0001:00012700       ?floatingLicenseStatus@CLicense@@QAEHXZ 10013700 f   License.obj
 0001:000128b0       ?verifyTemplateSignature@CLicense@@QAEHPAEIPAU_GLOBAL_SIG@@@Z 100138b0 f   License.obj
 0001:00012d50       ?validateXmlWithSchema@CLicense@@QAEHPAEPAU_xmlDoc@@PAU_GLOBAL_SIG@@@Z 10013d50 f   License.obj
 0001:00012e00       ?verifyFormSchema@CLicense@@QAEHPAEPAU_xmlDoc@@PAU_GLOBAL_SIG@@@Z 10013e00 f   License.obj
 0001:00013160       ?getFormSignAllowed@CLicense@@QAEHPAEIPAU_GLOBAL_SIG@@@Z 10014160 f   License.obj
 0001:00013560       ?verifyTemplateSchema@CLicense@@QAEHPAEPAU_GLOBAL_SIG@@@Z 10014560 f   License.obj
 0001:00013850       ??_GCLicense@@UAEPAXI@Z    10014850 f i License.obj
 0001:00013850       ??_ECLicense@@UAEPAXI@Z    10014850 f i License.obj
 0001:00013890       ??0?$basic_string@DU?$char_traits@D@std@@V?$allocator@D@2@@std@@QAE@XZ 10014890 f i License.obj
 0001:000138e0       ??4?$basic_string@DU?$char_traits@D@std@@V?$allocator@D@2@@std@@QAEAAV01@PBD@Z 100148e0 f i License.obj
 0001:00013910       ?length@?$basic_string@DU?$char_traits@D@std@@V?$allocator@D@2@@std@@QBEIXZ 10014910 f i License.obj
 0001:00013930       ??$?HDU?$char_traits@D@std@@V?$allocator@D@1@@std@@YA?AV?$basic_string@DU?$char_traits@D@std@@V?$allocator@D@2@@0@ABV10@0@Z 10014930 f i License.obj
 0001:000139d0       ??$?9DU?$char_traits@D@std@@V?$allocator@D@1@@std@@YA_NABV?$basic_string@DU?$char_traits@D@std@@V?$allocator@D@2@@0@0@Z 100149d0 f i License.obj
 0001:00013a00       ??Y?$basic_string@DU?$char_traits@D@std@@V?$allocator@D@2@@std@@QAEAAV01@ABV01@@Z 10014a00 f i License.obj
 0001:00013a30       ?append@?$basic_string@DU?$char_traits@D@std@@V?$allocator@D@2@@std@@QAEAAV12@ABV12@@Z 10014a30 f i License.obj
 0001:00013a60       ?append@?$basic_string@DU?$char_traits@D@std@@V?$allocator@D@2@@std@@QAEAAV12@ABV12@II@Z 10014a60 f i License.obj
 0001:00013b30       ??$?8DU?$char_traits@D@std@@V?$allocator@D@1@@std@@YA_NABV?$basic_string@DU?$char_traits@D@std@@V?$allocator@D@2@@0@0@Z 10014b30 f i License.obj
 0001:00013b50       ?compare@?$basic_string@DU?$char_traits@D@std@@V?$allocator@D@2@@std@@QBEHABV12@@Z 10014b50 f i License.obj
 0001:00013ba0       ?compare@?$basic_string@DU?$char_traits@D@std@@V?$allocator@D@2@@std@@QBEHIIPBDI@Z 10014ba0 f i License.obj
 0001:00013c80       ?compare@?$char_traits@D@std@@SAHPBD0I@Z 10014c80 f i License.obj
 0001:00013ca0       ??0CShowSelectCert@@QAE@PAEPAPAU_CERT_DESCR@@J@Z 10014ca0 f   ShowSelectCert.obj
 0001:00014030       ??1CShowSelectCert@@UAE@XZ 10015030 f   ShowSelectCert.obj
 0001:00014130       ?getCertificateData@CShowSelectCert@@QAEPADH@Z 10015130 f   ShowSelectCert.obj
 0001:00014170       ?OnClickedButton1@CShowSelectCert@@QAEJGGPAUHWND__@@AAH@Z 10015170 f   ShowSelectCert.obj
 0001:000141b0       ?ProcessWindowMessage@CShowSelectCert@@UAEHPAUHWND__@@IIJAAJK@Z 100151b0 f i ShowSelectCert.obj
 0001:00014420       ?OnInitDialog@CShowSelectCert@@QAEJIIJAAH@Z 10015420 f i ShowSelectCert.obj
 0001:00014600       ?OnOK@CShowSelectCert@@QAEJGGPAUHWND__@@AAH@Z 10015600 f i ShowSelectCert.obj
 0001:00014650       ?OnCancel@CShowSelectCert@@QAEJGGPAUHWND__@@AAH@Z 10015650 f i ShowSelectCert.obj
 0001:00014690       ?CreateHeader@CShowSelectCert@@QAEXXZ 10015690 f i ShowSelectCert.obj
 0001:00014860       ?SetCell@CShowSelectCert@@QAEXPAGHH@Z 10015860 f i ShowSelectCert.obj
 0001:00014950       ?OnClickList@CShowSelectCert@@QAEJHPAUtagNMHDR@@AAH@Z 10015950 f i ShowSelectCert.obj
 0001:00014990       ?setSelection@CShowSelectCert@@QAEXXZ 10015990 f i ShowSelectCert.obj
 0001:00014a50       ??_GCShowSelectCert@@UAEPAXI@Z 10015a50 f i ShowSelectCert.obj
 0001:00014a50       ??_ECShowSelectCert@@UAEPAXI@Z 10015a50 f i ShowSelectCert.obj
 0001:00014a90       ??BCComBSTR@ATL@@QBEPAGXZ  10015a90 f i ShowSelectCert.obj
 0001:00014ab0       ?LoadStringA@CComBSTR@ATL@@QAE_NI@Z 10015ab0 f i ShowSelectCert.obj
 0001:00014b00       ?LoadStringResource@CComBSTR@ATL@@SA_NIAAPAG@Z 10015b00 f i ShowSelectCert.obj
 0001:00014b90       ?AtlGetStringResourceImage@ATL@@YAPBUATLSTRINGRESOURCEIMAGE@1@I@Z 10015b90 f i ShowSelectCert.obj
 0001:00014c20       ?AtlGetStringResourceImage@ATL@@YAPBUATLSTRINGRESOURCEIMAGE@1@PAUHINSTANCE__@@I@Z 10015c20 f i ShowSelectCert.obj
 0001:00014c80       ?_AtlGetStringResourceImage@ATL@@YAPBUATLSTRINGRESOURCEIMAGE@1@PAUHINSTANCE__@@PAUHRSRC__@@I@Z 10015c80 f i ShowSelectCert.obj
 0001:00014d70       ??BCWindow@ATL@@QBEPAUHWND__@@XZ 10015d70 f i ShowSelectCert.obj
 0001:00014d90       ?SendMessageA@CWindow@ATL@@QAEJIIJ@Z 10015d90 f i ShowSelectCert.obj
 0001:00014e10       ?GetDlgItem@CWindow@ATL@@QBE?AV12@H@Z 10015e10 f i ShowSelectCert.obj
 0001:00014e90       ??0CWindow@ATL@@QAE@PAUHWND__@@@Z 10015e90 f i ShowSelectCert.obj
 0001:00014eb0       ??1?$CAxDialogImpl@VCShowSelectCert@@VCWindow@ATL@@@ATL@@UAE@XZ 10015eb0 f i ShowSelectCert.obj
 0001:00014ee0       ?Detach@CWindow@ATL@@QAEPAUHWND__@@XZ 10015ee0 f i ShowSelectCert.obj
 0001:00014f10       ?CenterWindow@CWindow@ATL@@QAEHPAUHWND__@@@Z 10015f10 f i ShowSelectCert.obj
 0001:00015260       ?GetStyle@CWindow@ATL@@QBEKXZ 10016260 f i ShowSelectCert.obj
 0001:000152d0       ??0?$CAxDialogImpl@VCShowSelectCert@@VCWindow@ATL@@@ATL@@QAE@XZ 100162d0 f i ShowSelectCert.obj
 0001:00015300       ?GetDialogProc@?$CAxDialogImpl@VCShowSelectCert@@VCWindow@ATL@@@ATL@@UAEP6GHPAUHWND__@@IIJ@ZXZ 10016300 f i ShowSelectCert.obj
 0001:00015320       ?EndDialog@?$CAxDialogImpl@VCShowSelectCert@@VCWindow@ATL@@@ATL@@QAEHH@Z 10016320 f i ShowSelectCert.obj
 0001:000153d0       ?CreateActiveXControls@?$CAxDialogImpl@VCShowSelectCert@@VCWindow@ATL@@@ATL@@UAEJI@Z 100163d0 f i ShowSelectCert.obj
 0001:00015a40       ?GetResourceInstance@CAtlBaseModule@ATL@@QAEPAUHINSTANCE__@@XZ 10016a40 f i ShowSelectCert.obj
 0001:00015a60       ?AtlHresultFromLastError@ATL@@YAJXZ 10016a60 f i ShowSelectCert.obj
 0001:00015ac0       ??0_U_RECT@ATL@@QAE@PAUtagRECT@@@Z 10016ac0 f i ShowSelectCert.obj
 0001:00015ae0       ??0_U_MENUorID@ATL@@QAE@I@Z 10016ae0 f i ShowSelectCert.obj
 0001:00015b00       ?IsDialogEx@_DialogSplitHelper@ATL@@SAHPBUDLGTEMPLATE@@@Z 10016b00 f i ShowSelectCert.obj
 0001:00015b20       ?DlgTemplateItemCount@_DialogSplitHelper@ATL@@SAAAGPAUDLGTEMPLATE@@@Z 10016b20 f i ShowSelectCert.obj
 0001:00015b50       ?FindFirstDlgItem@_DialogSplitHelper@ATL@@SAPAUDLGITEMTEMPLATE@@PBUDLGTEMPLATE@@@Z 10016b50 f i ShowSelectCert.obj
 0001:00015c90       ?FindNextDlgItem@_DialogSplitHelper@ATL@@SAPAUDLGITEMTEMPLATE@@PAU3@H@Z 10016c90 f i ShowSelectCert.obj
 0001:00015d70       ?FindCreateData@_DialogSplitHelper@ATL@@SAKKPAEPAPAE@Z 10016d70 f i ShowSelectCert.obj
 0001:00015e40       ?IsActiveXControl@_DialogSplitHelper@ATL@@SA_NPAUDLGITEMTEMPLATE@@H@Z 10016e40 f i ShowSelectCert.obj
 0001:00015e90       ?ParseInitData@_DialogSplitHelper@ATL@@SAJPAUIStream@@PAPAG@Z 10016e90 f i ShowSelectCert.obj
 0001:000161c0       ??0CComBSTR@ATL@@QAE@H@Z   100171c0 f i ShowSelectCert.obj
 0001:00016220       ?Detach@CComBSTR@ATL@@QAEPAGXZ 10017220 f i ShowSelectCert.obj
 0001:00016250       ?SetWindowPos@CWindow@ATL@@QAEHPAUHWND__@@HHHHI@Z 10017250 f i ShowSelectCert.obj
 0001:000162e0       ?GetWindow@CWindow@ATL@@QBE?AV12@I@Z 100172e0 f i ShowSelectCert.obj
 0001:00016360       ?SetWindowContextHelpId@CWindow@ATL@@QAEHK@Z 10017360 f i ShowSelectCert.obj
 0001:000163e0       ??0?$CDialogImplBaseT@VCWindow@ATL@@@ATL@@QAE@XZ 100173e0 f i ShowSelectCert.obj
 0001:00016410       ?MapDialogRect@?$CDialogImplBaseT@VCWindow@ATL@@@ATL@@QAEHPAUtagRECT@@@Z 10017410 f i ShowSelectCert.obj
 0001:00016490       ??0?$CAxWindow2T@VCWindow@ATL@@@ATL@@QAE@PAUHWND__@@@Z 10017490 f i ShowSelectCert.obj
 0001:000164c0       ?Create@?$CAxWindow2T@VCWindow@ATL@@@ATL@@QAEPAUHWND__@@PAU3@V_U_RECT@2@PBDKKV_U_MENUorID@2@PAX@Z 100174c0 f i ShowSelectCert.obj
 0001:00016510       ?Create@CWindow@ATL@@QAEPAUHWND__@@PBDPAU3@V_U_RECT@2@0KKV_U_MENUorID@2@PAX@Z 10017510 f i ShowSelectCert.obj
 0001:000165d0       ?CreateControlLic@?$CAxWindow2T@VCWindow@ATL@@@ATL@@QAEJPBGPAUIStream@@PAPAUIUnknown@@PAG@Z 100175d0 f i ShowSelectCert.obj
 0001:00016610       ?GetWndClassName@?$CAxWindow2T@VCWindow@ATL@@@ATL@@SAPBDXZ 10017610 f i ShowSelectCert.obj
 0001:00016620       ?CreateControlLicEx@?$CAxWindow2T@VCWindow@ATL@@@ATL@@QAEJPBGPAUIStream@@PAPAUIUnknown@@2ABU_GUID@@PAU4@PAG@Z 10017620 f i ShowSelectCert.obj
 0001:00016830       ??1?$CComPtr@UIUnknown@@@ATL@@QAE@XZ 10017830 f i ShowSelectCert.obj
 0001:00016860       ??0?$CAxWindowT@VCWindow@ATL@@@ATL@@QAE@PAUHWND__@@@Z 10017860 f i ShowSelectCert.obj
 0001:000168a0       ??1?$CComPtr@UIAxWinHostWindowLic@@@ATL@@QAE@XZ 100178a0 f i ShowSelectCert.obj
 0001:000168d0       ?Detach@?$CComPtrBase@UIUnknown@@@ATL@@QAEPAUIUnknown@@XZ 100178d0 f i ShowSelectCert.obj
 0001:00016900       ??0?$CComPtr@UIAxWinHostWindowLic@@@ATL@@QAE@XZ 10017900 f i ShowSelectCert.obj
 0001:00016930       ??1?$CComPtrBase@UIAxWinHostWindowLic@@@ATL@@QAE@XZ 10017930 f i ShowSelectCert.obj
 0001:00016970       ??I?$CComPtrBase@UIAxWinHostWindowLic@@@ATL@@QAEPAPAUIAxWinHostWindowLic@@XZ 10017970 f i ShowSelectCert.obj
 0001:000169c0       ??C?$CComPtrBase@UIAxWinHostWindowLic@@@ATL@@QBEPAV?$_NoAddRefReleaseOnCComPtr@UIAxWinHostWindowLic@@@1@XZ 100179c0 f i ShowSelectCert.obj
 0001:00016a10       ??0?$CComPtrBase@UIAxWinHostWindowLic@@@ATL@@IAE@XZ 10017a10 f i ShowSelectCert.obj
 0001:00016a30       ?DialogProc@?$CAxDialogImpl@VCShowSelectCert@@VCWindow@ATL@@@ATL@@SGHPAUHWND__@@IIJ@Z 10017a30 f i ShowSelectCert.obj
 0001:00016ad0       ??$QueryHost@UIAxWinHostWindowLic@@@?$CAxWindowT@VCWindow@ATL@@@ATL@@QAEJPAPAUIAxWinHostWindowLic@@@Z 10017ad0 f i ShowSelectCert.obj
 0001:00016b00       ??$QueryInterface@UIUnknown@@@?$CComPtrBase@UIAxWinHostWindowLic@@@ATL@@QBEJPAPAUIUnknown@@@Z 10017b00 f i ShowSelectCert.obj
 0001:00016b70       ?GetIDD@?$CAxDialogImpl@VCShowSelectCert@@VCWindow@ATL@@@ATL@@QAEHXZ 10017b70 f i ShowSelectCert.obj
 0001:00016b90       ?DestroyWindow@?$CAxDialogImpl@VCShowSelectCert@@VCWindow@ATL@@@ATL@@QAEHXZ 10017b90 f i ShowSelectCert.obj
 0001:00016c30       ?QueryHost@?$CAxWindowT@VCWindow@ATL@@@ATL@@QAEJABU_GUID@@PAPAX@Z 10017c30 f i ShowSelectCert.obj
 0001:00016d70       ??1?$CComPtr@UIStream@@@ATL@@QAE@XZ 10017d70 f i ShowSelectCert.obj
 0001:00016da0       ??0?$CComPtr@UIUnknown@@@ATL@@QAE@XZ 10017da0 f i ShowSelectCert.obj
 0001:00016dd0       ??1?$CComPtrBase@UIUnknown@@@ATL@@QAE@XZ 10017dd0 f i ShowSelectCert.obj
 0001:00016e10       ??I?$CComPtrBase@UIUnknown@@@ATL@@QAEPAPAUIUnknown@@XZ 10017e10 f i ShowSelectCert.obj
 0001:00016e60       ??C?$CComPtrBase@UIUnknown@@@ATL@@QBEPAV?$_NoAddRefReleaseOnCComPtr@UIUnknown@@@1@XZ 10017e60 f i ShowSelectCert.obj
 0001:00016eb0       ??1?$CDialogImplBaseT@VCWindow@ATL@@@ATL@@UAE@XZ 10017eb0 f i ShowSelectCert.obj
 0001:00016ee0       ?OnFinalMessage@?$CDialogImplBaseT@VCWindow@ATL@@@ATL@@UAEXPAUHWND__@@@Z 10017ee0 f i ShowSelectCert.obj
 0001:00016f00       ??1?$CWindowImplRoot@VCWindow@ATL@@@ATL@@UAE@XZ 10017f00 f i ShowSelectCert.obj
 0001:00016fc0       ??0?$CComPtr@UIStream@@@ATL@@QAE@XZ 10017fc0 f i ShowSelectCert.obj
 0001:00016ff0       ??1?$CComPtrBase@UIStream@@@ATL@@QAE@XZ 10017ff0 f i ShowSelectCert.obj
 0001:00017030       ??B?$CComPtrBase@UIStream@@@ATL@@QBEPAUIStream@@XZ 10018030 f i ShowSelectCert.obj
 0001:00017050       ??I?$CComPtrBase@UIStream@@@ATL@@QAEPAPAUIStream@@XZ 10018050 f i ShowSelectCert.obj
 0001:000170a0       ??1CWndProcThunk@ATL@@QAE@XZ 100180a0 f i ShowSelectCert.obj
 0001:000170d0       ??1CDynamicStdCallThunk@ATL@@QAE@XZ 100180d0 f i ShowSelectCert.obj
 0001:00017120       ??0?$CComPtrBase@UIUnknown@@@ATL@@IAE@XZ 10018120 f i ShowSelectCert.obj
 0001:00017140       ??0?$CWindowImplRoot@VCWindow@ATL@@@ATL@@QAE@XZ 10018140 f i ShowSelectCert.obj
 0001:000171a0       ??0?$CComPtrBase@UIStream@@@ATL@@IAE@XZ 100181a0 f i ShowSelectCert.obj
 0001:000171c0       ??0CMessageMap@ATL@@QAE@XZ 100181c0 f i ShowSelectCert.obj
 0001:000171e0       ??0CWndProcThunk@ATL@@QAE@XZ 100181e0 f i ShowSelectCert.obj
 0001:00017210       ??0CDynamicStdCallThunk@ATL@@QAE@XZ 10018210 f i ShowSelectCert.obj
 0001:00017230       ?DialogProc@?$CDialogImplBaseT@VCWindow@ATL@@@ATL@@SGHPAUHWND__@@IIJ@Z 10018230 f i ShowSelectCert.obj
 0001:00017400       ?SetWindowLongPtrA@@YAJPAUHWND__@@HJ@Z 10018400 f i ShowSelectCert.obj
 0001:00017430       ??0_ATL_MSG@ATL@@QAE@PAUHWND__@@IIJH@Z 10018430 f i ShowSelectCert.obj
 0001:000174a0       ?encryptCallback@@YGHPBXPAEKH@Z 100184a0 f   Signature.obj
 0001:00017510       ??0CSignature@@QAE@XZ      10018510 f   Signature.obj
 0001:00018e70       ??1CSignature@@QAE@XZ      10019e70 f   Signature.obj
 0001:000191a0       ?Empty@CSignature@@QAEXXZ  1001a1a0 f   Signature.obj
 0001:0001a1e0       ?FreeUriArr@CSignature@@QAEXXZ 1001b1e0 f   Signature.obj
 0001:0001a420       ?AddRef@CSignature@@UAGKXZ 1001b420 f   Signature.obj
 0001:0001a440       ?Release@CSignature@@UAGKXZ 1001b440 f   Signature.obj
 0001:0001a4b0       ?get_EnvelopingFlag@CSignature@@UAGJPAF@Z 1001b4b0 f   Signature.obj
 0001:0001a550       ?put_EnvelopingFlag@CSignature@@UAGJF@Z 1001b550 f   Signature.obj
 0001:0001a5e0       ?get_RecipientCertificateStore@CSignature@@UAGJPAPAG@Z 1001b5e0 f   Signature.obj
 0001:0001a680       ?put_RecipientCertificateStore@CSignature@@UAGJPAG@Z 1001b680 f   Signature.obj
 0001:0001a9a0       ?get_SignerCertificate@CSignature@@UAGJJPAPAG@Z 1001b9a0 f   Signature.obj
 0001:0001aad0       ?put_SignerCertificate@CSignature@@UAGJJPAG@Z 1001bad0 f   Signature.obj
 0001:0001aba0       ?get_SignatureID@CSignature@@UAGJJPAPAG@Z 1001bba0 f   Signature.obj
 0001:0001acd0       ?put_SignatureID@CSignature@@UAGJJPAG@Z 1001bcd0 f   Signature.obj
 0001:0001ad70       ?get_Properties@CSignature@@UAGJJJPAPAG@Z 1001bd70 f   Signature.obj
 0001:0001afa0       ?put_Properties@CSignature@@UAGJJJPAG@Z 1001bfa0 f   Signature.obj
 0001:0001b0a0       ?get_IncludeCamResponse@CSignature@@UAGJPAH@Z 1001c0a0 f   Signature.obj
 0001:0001b120       ?put_IncludeCamResponse@CSignature@@UAGJH@Z 1001c120 f   Signature.obj
 0001:0001b1a0       ?get_Base64EncodeXML@CSignature@@UAGJPAH@Z 1001c1a0 f   Signature.obj
 0001:0001b220       ?put_Base64EncodeXML@CSignature@@UAGJH@Z 1001c220 f   Signature.obj
 0001:0001b2a0       ?get_Base64DecodeXML@CSignature@@UAGJPAH@Z 1001c2a0 f   Signature.obj
 0001:0001b320       ?put_Base64DecodeXML@CSignature@@UAGJH@Z 1001c320 f   Signature.obj
 0001:0001b3a0       ?get_DocumentURI@CSignature@@UAGJJJPAPAG@Z 1001c3a0 f   Signature.obj
 0001:0001b600       ?get_DigestObjectStatus@CSignature@@UAGJJJPAH@Z 1001c600 f   Signature.obj
 0001:0001b750       ?get_Language@CSignature@@UAGJPAPAG@Z 1001c750 f   Signature.obj
 0001:0001b790       ?put_Language@CSignature@@UAGJPAG@Z 1001c790 f   Signature.obj
 0001:0001ca00       ?get_SignatureStatus@CSignature@@UAGJJPAH@Z 1001da00 f   Signature.obj
 0001:0001cb20       ?get_PhysicalSignatureUsage@CSignature@@UAGJPAJ@Z 1001db20 f   Signature.obj
 0001:0001cbb0       ?put_PhysicalSignatureUsage@CSignature@@UAGJJ@Z 1001dbb0 f   Signature.obj
 0001:0001ccd0       ?get_PhysicalSignatureFile@CSignature@@UAGJPAPAG@Z 1001dcd0 f   Signature.obj
 0001:0001cdd0       ?put_PhysicalSignatureFile@CSignature@@UAGJPAG@Z 1001ddd0 f   Signature.obj
 0001:0001cfb0       ?get_CapturedSignatureFile@CSignature@@UAGJPAPAG@Z 1001dfb0 f   Signature.obj
 0001:0001d0b0       ?xsRemoveBstrPath@CSignature@@QAEPAEPAG@Z 1001e0b0 f   Signature.obj
 0001:0001d370       ?Sign@CSignature@@UAGJPAGPAPAG@Z 1001e370 f   Signature.obj
 0001:0001e270       ?SaveXMLSignature@CSignature@@UAGJPAG@Z 1001f270 f   Signature.obj
 0001:0001e4a0       ?Verify@CSignature@@UAGJPAGPAH@Z 1001f4a0 f   Signature.obj
 0001:0001e600       ?VerifyDetached@CSignature@@UAGJPAGPAH@Z 1001f600 f   Signature.obj
 0001:0001e6f0       ?GetError@CSignature@@UAGJPAPAG@Z 1001f6f0 f   Signature.obj
 0001:0001e7f0       ?GetLastError@CSignature@@UAGJPAJ@Z 1001f7f0 f   Signature.obj
 0001:0001e880       ?GetX509Certificate@CSignature@@UAGJPAGPAPAG@Z 1001f880 f   Signature.obj
 0001:0001eb60       ?ViewCertificate@CSignature@@UAGJPAG@Z 1001fb60 f   Signature.obj
 0001:0001edf0       ?get_CertificateCount@CSignature@@UAGJPAJ@Z 1001fdf0 f   Signature.obj
 0001:0001ee70       ?GetCertificateInfo@CSignature@@UAGJJJPAPAG@Z 1001fe70 f   Signature.obj
 0001:0001f380       ?SetActiveCertificate@CSignature@@UAGJPAGPAH@Z 10020380 f   Signature.obj
 0001:0001f910       ?get_SignedDocumentPath@CSignature@@UAGJJJPAPAG@Z 10020910 f   Signature.obj
 0001:0001fb20       ?FetchSignatureStatus@CSignature@@QAEXHH@Z 10020b20 f   Signature.obj
 0001:000208a0       ?get_SignerSubject@CSignature@@UAGJPAGPAPAG@Z 100218a0 f   Signature.obj
 0001:00020b40       ?get_CertIssuer@CSignature@@UAGJPAGPAPAG@Z 10021b40 f   Signature.obj
 0001:00020de0       ?get_CertExpiry@CSignature@@UAGJPAGPAPAG@Z 10021de0 f   Signature.obj
 0001:00021070       ?get_CertSerialNumber@CSignature@@UAGJPAGPAPAG@Z 10022070 f   Signature.obj
 0001:00021390       ?FileExists@CSignature@@UAGJPAGPAH@Z 10022390 f   Signature.obj
 0001:00021530       ?get_FailedUriCount@CSignature@@UAGJPAJ@Z 10022530 f   Signature.obj
 0001:000215b0       ?get_TotalUriCount@CSignature@@UAGJPAJ@Z 100225b0 f   Signature.obj
 0001:00021630       ?get_FailedUriFullPath@CSignature@@UAGJJPAPAG@Z 10022630 f   Signature.obj
 0001:00021780       ?put_FailedUriFullPath@CSignature@@UAGJJPAG@Z 10022780 f   Signature.obj
 0001:000219e0       ?get_FailedUri@CSignature@@UAGJJPAPAG@Z 100229e0 f   Signature.obj
 0001:00021b30       ?get_SignatureCount@CSignature@@UAGJPAJ@Z 10022b30 f   Signature.obj
 0001:00021bb0       ?SignXMLStr@CSignature@@UAGJPAG0PAPAG@Z 10022bb0 f   Signature.obj
 0001:00022930       ?xsDereferenceBstrURI@CSignature@@QAEPAEPAGPAK@Z 10023930 f   Signature.obj
 0001:00022c50       ?ReadAll@CSignature@@UAGJPAGPAPAG@Z 10023c50 f   Signature.obj
 0001:00022f10       ?ReadAllBin@CSignature@@QAEHPAGPAPAEPAK@Z 10023f10 f   Signature.obj
 0001:00022ff0       ?SaveXMLStr@CSignature@@UAGJPAG0PAPAG@Z 10023ff0 f   Signature.obj
 0001:00023630       ?SignHTML@CSignature@@UAGJPAUIDispatch@@PAPAG@Z 10024630 f   Signature.obj
 0001:00023f80       ?SecureXMLVerify@CSignature@@UAGJPAGPAPAG@Z 10024f80 f   Signature.obj
 0001:00025550       ?SetCSP@CSignature@@UAGJPAG@Z 10026550 f   Signature.obj
 0001:00025700       ?GetSignedHTML@CSignature@@UAGJPAGPAPAG@Z 10026700 f   Signature.obj
 0001:00025a30       ?SignFile@CSignature@@UAGJPAG0@Z 10026a30 f   Signature.obj
 0001:00026550       ?GetSignedFileObject@CSignature@@UAGJPAG0PAPAG@Z 10027550 f   Signature.obj
 0001:00026f30       ?SetStoreName@CSignature@@UAGJPAG@Z 10027f30 f   Signature.obj
 0001:00027ee0       ?GetStoreName@CSignature@@UAGJPAPAG@Z 10028ee0 f   Signature.obj
 0001:00027f60       ?SignXMLEnveloped@CSignature@@UAGJPAG0PAPAG@Z 10028f60 f   Signature.obj
 0001:00028c00       ?GetVersion@CSignature@@UAGJPAPAG@Z 10029c00 f   Signature.obj
 0001:00028c60       ?GetLicenseStatus@CSignature@@UAGJPAJ@Z 10029c60 f   Signature.obj
 0001:00028de0       ?GetPropertyCount@CSignature@@UAGJJPAJ@Z 10029de0 f   Signature.obj
 0001:00028e80       ?QueryStatus@CSignature@@UAGJPBU_GUID@@KQAU_tagOLECMD@@PAU_tagOLECMDTEXT@@@Z 10029e80 f   Signature.obj
 0001:00028ee0       ?Exec@CSignature@@UAGJPBU_GUID@@KKPAUtagVARIANT@@1@Z 10029ee0 f   Signature.obj
 0001:00029680       ?SetSite@CSignature@@UAGJPAUIUnknown@@@Z 1002a680 f   Signature.obj
 0001:000297a0       ?GetSite@CSignature@@UAGJABU_GUID@@PAPAX@Z 1002a7a0 f   Signature.obj
 0001:000297f0       ?ViewAnyCertificate@CSignature@@UAGJPAG@Z 1002a7f0 f   Signature.obj
 0001:00029970       ?SelectActiveCertificate@CSignature@@UAGJPAPAG@Z 1002a970 f   Signature.obj
 0001:00029d70       ?VerifyXMLStr@CSignature@@UAGJPAGPAH@Z 1002ad70 f   Signature.obj
 0001:0002a2c0       ?SetActivePFXFileCert@CSignature@@UAGJPAG0PAPAG@Z 1002b2c0 f   Signature.obj
 0001:0002a790       ?PFXExportCertificate@CSignature@@UAGJPAG0PAPAG@Z 1002b790 f   Signature.obj
 0001:0002acf0       ?CreateSigFromTmplBlob@CSignature@@QAEHPAU_xmlDoc@@PADPAPAEPAH@Z 1002bcf0 f   Signature.obj
 0001:0002ebd0       ?PFXExportActiveCertificate@CSignature@@UAGJPAGPAPAG@Z 1002fbd0 f   Signature.obj
 0001:0002ecd0       ?get_HostName@CSignature@@UAGJPAPAG@Z 1002fcd0 f   Signature.obj
 0001:0002ee20       ?get_TimeStampURL@CSignature@@UAGJPAPAG@Z 1002fe20 f   Signature.obj
 0001:0002eea0       ?put_TimeStampURL@CSignature@@UAGJPAG@Z 1002fea0 f   Signature.obj
 0001:0002ef30       ?get_TimeStamping@CSignature@@UAGJPAH@Z 1002ff30 f   Signature.obj
 0001:0002efb0       ?put_TimeStamping@CSignature@@UAGJH@Z 1002ffb0 f   Signature.obj
 0001:0002f060       ?get_HostOsType@CSignature@@UAGJPAJ@Z 10030060 f   Signature.obj
 0001:0002f0e0       ?get_CrlChecking@CSignature@@UAGJPAH@Z 100300e0 f   Signature.obj
 0001:0002f160       ?put_CrlChecking@CSignature@@UAGJH@Z 10030160 f   Signature.obj
 0001:0002f210       ?get_SigCertStatus@CSignature@@UAGJJPAGJPAJ@Z 10030210 f   Signature.obj
 0001:0002fc80       ?VerifyX509CertCRL@CSignature@@UAGJPAG0JPAH@Z 10030c80 f   Signature.obj
 0001:000300a0       ?VerifyPFXCertCRL@CSignature@@UAGJPAG00JPAH@Z 100310a0 f   Signature.obj
 0001:000306e0       ?GuidToString@@YAXPAU_GUID@@PAD@Z 100316e0 f   Signature.obj
 0001:000307c0       ?AddPhysicalSignature@CSignature@@QAEXPAU_xmlNode@@0PAD@Z 100317c0 f   Signature.obj
 0001:000314d0       ?GetPhysicalSignatureFromTablet@CSignature@@QAEHPADH0@Z 100324d0 f   Signature.obj
 0001:000317f0       ?GetPhysicalSignatureFromMouse@CSignature@@QAEHPADH0@Z 100327f0 f   Signature.obj
 0001:00031a50       ?AddWindowImage@CSignature@@QAEXPAU_xmlNode@@0PAD@Z 10032a50 f   Signature.obj
 0001:00031f10       ?get_AddWindowImage@CSignature@@UAGJPAH@Z 10032f10 f   Signature.obj
 0001:00031f90       ?put_AddWindowImage@CSignature@@UAGJH@Z 10032f90 f   Signature.obj
 0001:00032010       ?SignXMLXpathStr@CSignature@@UAGJPAG00PAPAG@Z 10033010 f   Signature.obj
 0001:00033350       ?get_UseHMAC@CSignature@@UAGJPAH@Z 10034350 f   Signature.obj
 0001:000333d0       ?put_UseHMAC@CSignature@@UAGJH@Z 100343d0 f   Signature.obj
 0001:00033450       ?get_HMACPassword@CSignature@@UAGJPAPAG@Z 10034450 f   Signature.obj
 0001:000334d0       ?put_HMACPassword@CSignature@@UAGJPAG@Z 100344d0 f   Signature.obj
 0001:000336e0       ?ChangeOrAddProperty@CSignature@@UAGJPAG0@Z 100346e0 f   Signature.obj
 0001:00033a20       ?put_DetailedVerificationFlag@CSignature@@UAGJH@Z 10034a20 f   Signature.obj
 0001:00033aa0       ?CaptureLiveSignature@CSignature@@UAGJPAPAG@Z 10034aa0 f   Signature.obj
 0001:00033f00       ?SignDataStr@CSignature@@UAGJPAGPAPAG@Z 10034f00 f   Signature.obj
 0001:00034920       ?put_ExcludeSignerCertificate@CSignature@@UAGJH@Z 10035920 f   Signature.obj
 0001:000349a0       ?put_OverwriteFile@CSignature@@UAGJH@Z 100359a0 f   Signature.obj
 0001:00034a20       ?CoSignXMLStr@CSignature@@UAGJPAGPAPAG@Z 10035a20 f   Signature.obj
 0001:00035aa0       ?CoSignFile@CSignature@@UAGJPAG0PAPAG@Z 10036aa0 f   Signature.obj
 0001:00035d20       ?SignFiles@CSignature@@UAGJUtagVARIANT@@PAGPAPAG@Z 10036d20 f   Signature.obj
 0001:00036b20       ?GetBstrArrayFromVariant@CSignature@@QAEPAPAGUtagVARIANT@@PAI@Z 10037b20 f   Signature.obj
 0001:000374e0       ?put_ConfigFileName@CSignature@@UAGJPAG@Z 100384e0 f   Signature.obj
 0001:00037670       ?put_CRLLocation@CSignature@@UAGJUtagVARIANT@@@Z 10038670 f   Signature.obj
 0001:00037960       ?VerifyActiveCertificate@CSignature@@UAGJPAH@Z 10038960 f   Signature.obj
 0001:00037c20       ?put_CertificatePolicy@CSignature@@UAGJUtagVARIANT@@@Z 10038c20 f   Signature.obj
 0001:00037f00       ?get_AuthorityConstrainedPolicy@CSignature@@UAGJPAUtagVARIANT@@@Z 10038f00 f   Signature.obj
 0001:00038110       ?get_UserConstrainedPolicy@CSignature@@UAGJPAUtagVARIANT@@@Z 10039110 f   Signature.obj
 0001:00038320       ?put_CertificatePolicyChecking@CSignature@@UAGJH@Z 10039320 f   Signature.obj
 0001:000383d0       ?put_CertificateChainValidation@CSignature@@UAGJH@Z 100393d0 f   Signature.obj
 0001:000384b0       ?put_CertificatePathLengthChecking@CSignature@@UAGJH@Z 100394b0 f   Signature.obj
 0001:00038560       ?put_DoDCompliance@CSignature@@UAGJH@Z 10039560 f   Signature.obj
 0001:00038660       ?get_CertificatePolicyExplicit@CSignature@@UAGJPAH@Z 10039660 f   Signature.obj
 0001:000386f0       ?put_CertificatePolicyExplicit@CSignature@@UAGJH@Z 100396f0 f   Signature.obj
 0001:000387a0       ?put_CertificateTrustExplicit@CSignature@@UAGJH@Z 100397a0 f   Signature.obj
 0001:00038850       ?put_RecipientCertificates@CSignature@@UAGJUtagVARIANT@@@Z 10039850 f   Signature.obj
 0001:00038b20       ?EncryptStr@CSignature@@UAGJPAGPAPAG@Z 10039b20 f   Signature.obj
 0001:00038e00       ?DecryptStr@CSignature@@UAGJPAGPAPAG@Z 10039e00 f   Signature.obj
 0001:00038fa0       ?DecryptBlob@CSignature@@IAEHPAU_DS_DATA_BLOB@@0PAE1@Z 10039fa0 f   Signature.obj
 0001:0003a190       ?EncryptFileA@CSignature@@UAGJPAG0PAPAG@Z 1003b190 f   Signature.obj
 0001:0003a780       ?DecryptFileA@CSignature@@UAGJPAG0PAPAG@Z 1003b780 f   Signature.obj
 0001:0003aba0       ?EncryptBlob@CSignature@@QAEPAEPAU_DS_DATA_BLOB@@HPAKPAG2@Z 1003bba0 f   Signature.obj
 0001:0003c1e0       ?put_TrustedRoots@CSignature@@UAGJUtagVARIANT@@@Z 1003d1e0 f   Signature.obj
 0001:0003c960       ?put_RecipientCertificateFiles@CSignature@@UAGJUtagVARIANT@@@Z 1003d960 f   Signature.obj
 0001:0003d0a0       ?CheckCertificateValidity@CSignature@@QAEHPAEPAU_SYSTEMTIME@@PAU_DS_DATA_BLOB@@PAU_CERTVERIFICATIONPARAMS@@PAU_GLOBAL_SIG@@@Z 1003e0a0 f   Signature.obj
 0001:0003d540       ?put_DetachedObjects@CSignature@@UAGJUtagVARIANT@@@Z 1003e540 f   Signature.obj
 0001:0003d810       ?put_AttachedObjects@CSignature@@UAGJUtagVARIANT@@@Z 1003e810 f   Signature.obj
 0001:0003d9a0       ?ReadAllBase64@CSignature@@UAGJPAGPAPAG@Z 1003e9a0 f   Signature.obj
 0001:0003dcf0       ?put_DecryptionPFXCertFile@CSignature@@UAGJPAG@Z 1003ecf0 f   Signature.obj
 0001:0003dd70       ?put_DecryptUsingPFXFileCert@CSignature@@UAGJH@Z 1003ed70 f   Signature.obj
 0001:0003ddf0       ?put_DecryptionPFXPassword@CSignature@@UAGJPAG@Z 1003edf0 f   Signature.obj
 0001:0003df20       ?put_XpathNamespace@CSignature@@UAGJUtagVARIANT@@@Z 1003ef20 f   Signature.obj
 0001:0003e1f0       ?get_CamServerHost@CSignature@@UAGJPAPAG@Z 1003f1f0 f   Signature.obj
 0001:0003e280       ?put_CamServerHost@CSignature@@UAGJPAG@Z 1003f280 f   Signature.obj
 0001:0003e340       ?get_CamServerPort@CSignature@@UAGJPAG@Z 1003f340 f   Signature.obj
 0001:0003e3c0       ?put_CamServerPort@CSignature@@UAGJG@Z 1003f3c0 f   Signature.obj
 0001:0003e440       ?get_UseCam@CSignature@@UAGJPAH@Z 1003f440 f   Signature.obj
 0001:0003e4c0       ?put_UseCam@CSignature@@UAGJH@Z 1003f4c0 f   Signature.obj
 0001:0003e6e0       ?get_AgencyId@CSignature@@UAGJPAPAG@Z 1003f6e0 f   Signature.obj
 0001:0003e770       ?put_AgencyId@CSignature@@UAGJPAG@Z 1003f770 f   Signature.obj
 0001:0003e860       ?crVerifyCertificateUsingCam@CSignature@@QAEHPAPAEIPAU_SYSTEMTIME@@PAGPAU_CERTVERIFICATIONPARAMS@@PAU_GLOBAL_SIG@@@Z 1003f860 f   Signature.obj
 0001:0003ec80       ?get_CamValidationResponse@CSignature@@UAGJPAPAG@Z 1003fc80 f   Signature.obj
 0001:0003ed20       ?crVerifyCertificateUsingOcsp@CSignature@@QAEHPAPAEIPAU_SYSTEMTIME@@PAGPAU_CERTVERIFICATIONPARAMS@@PAU_GLOBAL_SIG@@@Z 1003fd20 f   Signature.obj
 0001:0003f2c0       ?GetSigPropValueByName@CSignature@@UAGJJPAGPAPAG@Z 100402c0 f   Signature.obj
 0001:0003f4e0       ?Base64DecodeBufferToFile@CSignature@@UAGJPAG0PAPAG@Z 100404e0 f   Signature.obj
 0001:0003fca0       ?Base64DecodeFileToFile@CSignature@@UAGJPAG0PAPAG@Z 10040ca0 f   Signature.obj
 0001:0003fdf0       ?GunZipFile@CSignature@@UAGJPAG0PAPAG@Z 10040df0 f   Signature.obj
 0001:000402d0       ?FreeBufferLinkedList@CSignature@@QAEXPAUBufferLinkedList@@@Z 100412d0 f   Signature.obj
 0001:000403a0       ?get_CertSerialNumberFormat@CSignature@@UAGJPAJ@Z 100413a0 f   Signature.obj
 0001:00040430       ?put_CertSerialNumberFormat@CSignature@@UAGJJ@Z 10041430 f   Signature.obj
 0001:000404c0       ?Base64BinToPlainHex@CSignature@@QAEPAEPAE@Z 100414c0 f   Signature.obj
 0001:000406d0       ?HexToUnsignedChar@@YAEE@Z 100416d0 f   Signature.obj
 0001:00040800       ?HexStrToUnsignedChar@@YAEPAE@Z 10041800 f   Signature.obj
 0001:00040850       ?PlainHexToBase64Bin@CSignature@@QAEPAEPAE@Z 10041850 f   Signature.obj
 0001:00040ab0       ?SecureXMLVerifyFileToBuffer@CSignature@@UAGJPAGPAPAG@Z 10041ab0 f   Signature.obj
 0001:00040bd0       ?SecureXMLVerifyFileToFile@CSignature@@UAGJPAG0PAPAG@Z 10041bd0 f   Signature.obj
 0001:00040d60       ?DeleteSignatureFromXMLStr@CSignature@@UAGJPAG0PAPAG@Z 10041d60 f   Signature.obj
 0001:000412d0       ?DeleteSignatureFromFile@CSignature@@UAGJPAG00PAPAG@Z 100422d0 f   Signature.obj
 0001:00041450       ?put_AllowedCertIssuerNames@CSignature@@UAGJUtagVARIANT@@@Z 10042450 f   Signature.obj
 0001:000423f0       ?get_CRLCacheDbConnectionString@CSignature@@UAGJPAPAG@Z 100433f0 f   Signature.obj
 0001:00042470       ?put_CRLCacheDbConnectionString@CSignature@@UAGJPAG@Z 10043470 f   Signature.obj
 0001:000424f0       ?get_UseCRLCache@CSignature@@UAGJPAH@Z 100434f0 f   Signature.obj
 0001:00042580       ?put_UseCRLCache@CSignature@@UAGJH@Z 10043580 f   Signature.obj
 0001:00042780       ?put_CRLCacheTimeoutInMinutes@CSignature@@UAGJJ@Z 10043780 f   Signature.obj
 0001:00042820       ?put_CanonicalizationMethod@CSignature@@UAGJJ@Z 10043820 f   Signature.obj
 0001:000428b0       ?get_NetscapeStorePassword@CSignature@@UAGJPAPAG@Z 100438b0 f   Signature.obj
 0001:00042940       ?put_NetscapeStorePassword@CSignature@@UAGJPAG@Z 10043940 f   Signature.obj
 0001:000429d0       ?SetActivePEMFileCert@CSignature@@UAGJPAG0PAPAG@Z 100439d0 f   Signature.obj
 0001:00042ca0       ?get_SecureXMLPath@CSignature@@UAGJPAPAG@Z 10043ca0 f   Signature.obj
 0001:00042d20       ?get_SignedDocumentCount@CSignature@@UAGJJPAJ@Z 10043d20 f   Signature.obj
 0001:00042e00       ?SignXMLByteArray@CSignature@@UAGJUtagVARIANT@@PAGPAU2@@Z 10043e00 f   Signature.obj
 0001:000439e0       ?SaveXMLByteArray@CSignature@@UAGJUtagVARIANT@@PAGPAPAG@Z 100449e0 f   Signature.obj
 0001:00044070       ?ReadAllByteArray@CSignature@@UAGJPAGPAUtagVARIANT@@@Z 10045070 f   Signature.obj
 0001:00044350       ?VerifyXMLByteArray@CSignature@@UAGJUtagVARIANT@@PAH@Z 10045350 f   Signature.obj
 0001:00044740       ?SecureXMLVerifyByteArray@CSignature@@UAGJUtagVARIANT@@PAU2@@Z 10045740 f   Signature.obj
 0001:00045c60       ?SignXMLXpathByteArray@CSignature@@UAGJUtagVARIANT@@PAG1PAU2@@Z 10046c60 f   Signature.obj
 0001:00046d90       ?SignXMLEnvelopedByteArray@CSignature@@UAGJUtagVARIANT@@PAGPAU2@@Z 10047d90 f   Signature.obj
 0001:00047990       ?Base64DecodeByteArrayToFile@CSignature@@UAGJUtagVARIANT@@PAGPAPAG@Z 10048990 f   Signature.obj
 0001:00048020       ?Base64DecodeByteArrayToByteArray@CSignature@@UAGJUtagVARIANT@@PAU2@@Z 10049020 f   Signature.obj
 0001:00048360       ?Base64EncodeByteArrayToByteArray@CSignature@@UAGJUtagVARIANT@@PAU2@@Z 10049360 f   Signature.obj
 0001:000486a0       ?Base64EncodeByteArrayToFile@CSignature@@UAGJUtagVARIANT@@PAGPAPAG@Z 100496a0 f   Signature.obj
 0001:00048c00       ?Base64EncodeStrToFile@CSignature@@UAGJPAG0PAPAG@Z 10049c00 f   Signature.obj
 0001:00049410       ?Base64EncodeStrToStr@CSignature@@UAGJPAGPAPAG@Z 1004a410 f   Signature.obj
 0001:000497d0       ?SetActivePFXB64Data@CSignature@@UAGJPAG0PAPAG@Z 1004a7d0 f   Signature.obj
 0001:00049d90       ?put_FloatingLicense@CSignature@@UAGJPAG@Z 1004ad90 f   Signature.obj
 0001:0004a030       ?get_FloatingLicense@CSignature@@UAGJPAPAG@Z 1004b030 f   Signature.obj
 0001:0004a060       _localTimeToUtcTime        1004b060 f   Signature.obj
 0001:0004a270       ?get_LicensedUserCount@CSignature@@UAGJPAJ@Z 1004b270 f   Signature.obj
 0001:0004a2a0       ?put_IncludeCRLInSignature@CSignature@@UAGJH@Z 1004b2a0 f   Signature.obj
 0001:0004a2c0       ?get_UsedCRLList@CSignature@@UAGJPAUtagVARIANT@@@Z 1004b2c0 f   Signature.obj
 0001:0004a4d0       ?GetErrorDetail@CSignature@@UAGJJPAPAG@Z 1004b4d0 f   Signature.obj
 0001:0004a530       ?put_PhysicalSignatureB64Str@CSignature@@UAGJPAG@Z 1004b530 f   Signature.obj
 0001:0004a5b0       ?GetSignedInfoDigest@CSignature@@UAGJPAG0PAPAG@Z 1004b5b0 f   Signature.obj
 0001:0004b3f0       ?GetX509CertificateChain@CSignature@@UAGJPAGPAPAG@Z 1004c3f0 f   Signature.obj
 0001:0004bad0       ?getSignerCertChain@CSignature@@QAEPAPAEPAI@Z 1004cad0 f   Signature.obj
 0001:0004be90       ?put_SignerCertificateChain@CSignature@@UAGJPAG@Z 1004ce90 f   Signature.obj
 0001:0004c0c0       ?get_SignatureImageId@CSignature@@UAGJPAPAG@Z 1004d0c0 f   Signature.obj
 0001:0004c0f0       ?put_SignatureImageId@CSignature@@UAGJPAG@Z 1004d0f0 f   Signature.obj
 0001:0004c150       ?SignSignedInfoDigest@CSignature@@UAGJPAG0PAPAG@Z 1004d150 f   Signature.obj
 0001:0004d210       ?ApplySignatureValue@CSignature@@UAGJPAGPAPAG@Z 1004e210 f   Signature.obj
 0001:0004e730       ?GetSignedInfoDigestFromByteArray@CSignature@@UAGJUtagVARIANT@@PAGPAPAG@Z 1004f730 f   Signature.obj
 0001:0004f420       ?ApplySignatureValueGetByteArray@CSignature@@UAGJPAGPAUtagVARIANT@@@Z 10050420 f   Signature.obj
 0001:00050ab0       ?GetSignedDocumentB64Str@CSignature@@UAGJJJPAPAG@Z 10051ab0 f   Signature.obj
 0001:00050c40       ?GetSignedDocumentByteArray@CSignature@@UAGJJJPAUtagVARIANT@@@Z 10051c40 f   Signature.obj
 0001:00050fd0       ?get_CertValidationTransactionId@CSignature@@UAGJPAPAG@Z 10051fd0 f   Signature.obj
 0001:00051010       ?put_CertValidationTransactionId@CSignature@@UAGJPAG@Z 10052010 f   Signature.obj
 0001:00051020       ?get_IgnoreIncompleteSignature@CSignature@@UAGJPAH@Z 10052020 f   Signature.obj
 0001:00051040       ?put_IgnoreIncompleteSignature@CSignature@@UAGJH@Z 10052040 f   Signature.obj
 0001:00051060       ?get_SignatureIndexToVerify@CSignature@@UAGJPAJ@Z 10052060 f   Signature.obj
 0001:00051080       ?put_SignatureIndexToVerify@CSignature@@UAGJJ@Z 10052080 f   Signature.obj
 0001:000510a0       ?get_UseOcsp@CSignature@@UAGJPAH@Z 100520a0 f   Signature.obj
 0001:000510c0       ?put_UseOcsp@CSignature@@UAGJH@Z 100520c0 f   Signature.obj
 0001:000510e0       ?get_OcspTrustedRespSignerCertPath@CSignature@@UAGJPAPAG@Z 100520e0 f   Signature.obj
 0001:00051110       ?put_OcspTrustedRespSignerCertPath@CSignature@@UAGJPAG@Z 10052110 f   Signature.obj
 0001:00051140       ?get_OcspReqSignerPFXCertPath@CSignature@@UAGJPAPAG@Z 10052140 f   Signature.obj
 0001:00051170       ?put_OcspReqSignerPFXCertPath@CSignature@@UAGJPAG@Z 10052170 f   Signature.obj
 0001:00051240       ?get_OcspReqSignerPFXCertPassword@CSignature@@UAGJPAPAG@Z 10052240 f   Signature.obj
 0001:00051270       ?put_OcspReqSignerPFXCertPassword@CSignature@@UAGJPAG@Z 10052270 f   Signature.obj
 0001:000512a0       ?get_OcspResponderURL@CSignature@@UAGJPAPAG@Z 100522a0 f   Signature.obj
 0001:000512d0       ?put_OcspResponderURL@CSignature@@UAGJPAG@Z 100522d0 f   Signature.obj
 0001:00051300       ?get_OcspTextResponse@CSignature@@UAGJPAPAG@Z 10052300 f   Signature.obj
 0001:00051330       ?get_OcspB64Response@CSignature@@UAGJPAPAG@Z 10052330 f   Signature.obj
 0001:00051360       ?get_CertRevocationDate@CSignature@@UAGJPAPAG@Z 10052360 f   Signature.obj
 0001:00051390       ?get_IncludeOcspResponse@CSignature@@UAGJPAJ@Z 10052390 f   Signature.obj
 0001:000513b0       ?put_IncludeOcspResponse@CSignature@@UAGJJ@Z 100523b0 f   Signature.obj
 0001:000513d0       ?ShowFileSignature@CSignature@@QAEJPAD0HPAUtagRECT@@0@Z 100523d0 f   Signature.obj
 0001:00051650       ?CaptureCurrentWindowImage@CSignature@@QAEHPAD0@Z 10052650 f   Signature.obj
 0001:000518a0       ?put_ProxyHost@CSignature@@UAGJPAG@Z 100528a0 f   Signature.obj
 0001:000518d0       ?put_ProxyPort@CSignature@@UAGJG@Z 100528d0 f   Signature.obj
 0001:000518f0       ?put_ProxyUserName@CSignature@@UAGJPAG@Z 100528f0 f   Signature.obj
 0001:00051920       ?put_ProxyPassword@CSignature@@UAGJPAG@Z 10052920 f   Signature.obj
 0001:00051950       ?put_InclusiveNamespacePrefixList@CSignature@@UAGJUtagVARIANT@@@Z 10052950 f   Signature.obj
 0001:00051c70       ?PrepareSignatureEnvelopeFromObjects@CSignature@@QAEPAU_xmlDoc@@PADPAPAU_xmlNode@@1@Z 10052c70 f   Signature.obj
 0001:000526b0       ?createSgts@CSignature@@QAEPAGXZ 100536b0 f   Signature.obj
 0001:000530d0       ?get_TimeStampFormat@CSignature@@UAGJPAJ@Z 100540d0 f   Signature.obj
 0001:000530f0       ?put_TimeStampFormat@CSignature@@UAGJJ@Z 100540f0 f   Signature.obj
 0001:00053110       ?get_TimeStampCritical@CSignature@@UAGJPAJ@Z 10054110 f   Signature.obj
 0001:00053130       ?put_TimeStampCritical@CSignature@@UAGJJ@Z 10054130 f   Signature.obj
 0001:00053150       ?put_SignedObjectId@CSignature@@UAGJUtagVARIANT@@@Z 10054150 f   Signature.obj
 0001:000532e0       ?setConfigFile@CConfig@@QAEXPAD@Z 100542e0 f i Signature.obj
 0001:00053340       ??0CConfig@@QAE@XZ         10054340 f i Signature.obj
 0001:00053370       ??4CComBSTR@ATL@@QAEAAV01@PBD@Z 10054370 f i Signature.obj
 0001:000533e0       ?SetResourceInstance@CComModule@ATL@@QAEPAUHINSTANCE__@@PAU3@@Z 100543e0 f i Signature.obj
 0001:00053410       ?SetResourceInstance@CAtlBaseModule@ATL@@QAEPAUHINSTANCE__@@PAU3@@Z 10054410 f i Signature.obj
 0001:00053440       ?GetResourceInstance@CComModule@ATL@@QAEPAUHINSTANCE__@@XZ 10054440 f i Signature.obj
 0001:00053460       ?setLicenseFile@CLicense@@QAEXPAD@Z 10054460 f i Signature.obj
 0001:00053480       ??0SigException@@QAE@PAD@Z 10054480 f i Signature.obj
 0001:000534c0       ?what@SigException@@UBEPBDXZ 100544c0 f i Signature.obj
 0001:000534e0       ??_GSigException@@UAEPAXI@Z 100544e0 f i Signature.obj
 0001:000534e0       ??_ESigException@@UAEPAXI@Z 100544e0 f i Signature.obj
 0001:00053520       ??1SigException@@UAE@XZ    10054520 f i Signature.obj
 0001:00053550       ??0?$CComObjectRootEx@VCComSingleThreadModel@ATL@@@ATL@@QAE@XZ 10054550 f i Signature.obj
 0001:00053580       ??0CComObjectRootBase@ATL@@QAE@XZ 10054580 f i Signature.obj
 0001:000535a0       ??0?$IDispatchImpl@UISignature@@$1?IID_ISignature@@3U_GUID@@B$1?LIBID_XMLSIGNLib@@3U3@B$00$0A@VCComTypeInfoHolder@ATL@@@ATL@@QAE@XZ 100545a0 f i Signature.obj
 0001:000535d0       ??0IOleCommandTarget@@QAE@XZ 100545d0 f i Signature.obj
 0001:00053600       ??0IUnknown@@QAE@XZ        10054600 f i Signature.obj
 0001:00053620       ??4CConfig@@QAEAAV0@ABV0@@Z 10054620 f i Signature.obj
 0001:00053660       ??0SigException@@QAE@ABV0@@Z 10054660 f i Signature.obj
 0001:000536b0       ??0ISignature@@QAE@XZ      100546b0 f i Signature.obj
 0001:000536e0       ?Empty@CComBSTR@ATL@@QAEXXZ 100546e0 f i Signature.obj
 0001:00053720       ??_G?$list@PAUTempFilePathInfo@@V?$allocator@PAUTempFilePathInfo@@@std@@@std@@QAEPAXI@Z 10054720 f i Signature.obj
 0001:00053760       ??_GCSignature@@QAEPAXI@Z  10054760 f i Signature.obj
 0001:000537a0       ?Copy@CComBSTR@ATL@@QBEPAGXZ 100547a0 f i Signature.obj
 0001:00053800       ??0IObjectWithSite@@QAE@XZ 10054800 f i Signature.obj
 0001:00053830       ??0IDispatch@@QAE@XZ       10054830 f i Signature.obj
 0001:00053860       ?getSignAllowed@CLicense@@QAEHXZ 10054860 f i Signature.obj
 0001:000538a0       ?checkLicense@CLicense@@QAEHXZ 100548a0 f i Signature.obj
 0001:000538e0       ??0_variant_t@@QAE@_N@Z    100548e0 f i Signature.obj
 0001:00053910       ?ExportNetscapeCert@ICertStore@NetscapeCert@@QAE?AV_bstr_t@@V3@@Z 10054910 f i Signature.obj
 0001:00053a10       ?getVerifyAllowed@CLicense@@QAEHXZ 10054a10 f i Signature.obj
 0001:00053a50       ?GetCertificateList@ICertStore@NetscapeCert@@QAE?AV_bstr_t@@PAK@Z 10054a50 f i Signature.obj
 0001:00053b10       ?PutNetscapeStorePassword@ICertStore@NetscapeCert@@QAEXV_bstr_t@@@Z 10054b10 f i Signature.obj
 0001:00053bb0       ?StringCbCopyW@@YGJPAGIPBG@Z 10054bb0 f i Signature.obj
 0001:00053c10       ?StringCopyWorkerW@@YGJPAGIPBG@Z 10054c10 f i Signature.obj
 0001:00053ca0       ?getEncryptAllowed@CLicense@@QAEHXZ 10054ca0 f i Signature.obj
 0001:00053ce0       ?getDecryptAllowed@CLicense@@QAEHXZ 10054ce0 f i Signature.obj
 0001:00053d20       ?getSecureSignAllowed@CLicense@@QAEHXZ 10054d20 f i Signature.obj
[...]
 0001:0017d408       $L229353                   1017e408 f   Signature.obj
 0001:0017d413       __ehhandler$??0?$ctype@D@std@@QAE@PBF_NI@Z 1017e413 f   Signature.obj
 0001:0017d420       $L229404                   1017e420 f   Signature.obj
 0001:0017d428       __ehhandler$??1?$ctype@D@std@@MAE@XZ 1017e428 f   Signature.obj
 0001:0017d440       $L229414                   1017e440 f   Signature.obj
 0001:0017d448       $L229415                   1017e448 f   Signature.obj
 0001:0017d461       __ehhandler$??$?HDU?$char_traits@D@std@@V?$allocator@D@1@@std@@YA?AV?$basic_string@DU?$char_traits@D@std@@V?$allocator@D@2@@0@ABV10@PBD@Z 1017e461 f   Signature.obj
 0001:0017d470       $L229439                   1017e470 f   Signature.obj
 0001:0017d478       __ehhandler$??$?6U?$char_traits@D@std@@@std@@YAAAV?$basic_ostream@DU?$char_traits@D@std@@@0@AAV10@PBD@Z 1017e478 f   Signature.obj
 0001:0017d490       $L229476                   1017e490 f   Signature.obj
 0001:0017d498       __ehhandler$??$use_facet@V?$codecvt@DDH@std@@@std@@YAABV?$codecvt@DDH@0@ABVlocale@0@@Z 1017e498 f   Signature.obj
 0001:0017d4b0       $L229526                   1017e4b0 f   Signature.obj
 0001:0017d4cc       __ehhandler$?_Getcat@?$codecvt@DDH@std@@SAIPAPBVfacet@locale@2@@Z 1017e4cc f   Signature.obj
 0001:0017d4e0       $L229536                   1017e4e0 f   Signature.obj
 0001:0017d4e8       $L229537                   1017e4e8 f   Signature.obj
 0001:0017d4f3       __ehhandler$??0?$codecvt@DDH@std@@QAE@I@Z 1017e4f3 f   Signature.obj
 0001:0017d500       $L162707                   1017e500 f   Sntp.obj
 0001:0017d50e       __ehhandler$?GetServerTime@CSNTPClient@@QAEHPBDAAUNtpServerResponse@@H@Z 1017e50e f   Sntp.obj
 0001:0017d520       $L205991                   1017e520 f   XMLSign.obj
 0001:0017d52b       __ehhandler$?CreateInstance@?$CComCreator@V?$CComObjectCached@VCComClassFactory@ATL@@@ATL@@@ATL@@SGJPAXABU_GUID@@PAPAX@Z 1017e52b f   XMLSign.obj
 0001:0017d540       $L206024                   1017e540 f   XMLSign.obj
 0001:0017d548       __ehhandler$??0?$CComObjectCached@VCComClassFactory@ATL@@@ATL@@QAE@PAX@Z 1017e548 f   XMLSign.obj
 0001:0017d560       __ehhandler$?CreateInstance@?$CComCreator@V?$CComObject@VCSignature@@@ATL@@@ATL@@SGJPAXABU_GUID@@PAPAX@Z 1017e560 f   XMLSign.obj
 0001:0017d570       $L206145                   1017e570 f   XMLSign.obj
 0001:0017d57b       __ehhandler$?CreateInstance@?$CComCreator@V?$CComAggObject@VCSignature@@@ATL@@@ATL@@SGJPAXABU_GUID@@PAPAX@Z 1017e57b f   XMLSign.obj
 0001:0017d590       $L206158                   1017e590 f   XMLSign.obj
 0001:0017d598       $L206159                   1017e598 f   XMLSign.obj
 0001:0017d5a3       __ehhandler$??1?$CComObjectCached@VCComClassFactory@ATL@@@ATL@@UAE@XZ 1017e5a3 f   XMLSign.obj
 0001:0017d5b0       $L206226                   1017e5b0 f   XMLSign.obj
 0001:0017d5b8       $L206227                   1017e5b8 f   XMLSign.obj
 0001:0017d5c3       $L206228                   1017e5c3 f   XMLSign.obj
 0001:0017d5ce       $L206229                   1017e5ce f   XMLSign.obj
 0001:0017d5d9       $L206230                   1017e5d9 f   XMLSign.obj
 0001:0017d5e4       $L206231                   1017e5e4 f   XMLSign.obj
 0001:0017d5ef       $L206232                   1017e5ef f   XMLSign.obj
 0001:0017d5fa       __ehhandler$?GetTI@CComTypeInfoHolder@ATL@@QAEJK@Z 1017e5fa f   XMLSign.obj
 0001:0017d610       $L206275                   1017e610 f   XMLSign.obj
 0001:0017d61b       $L206276                   1017e61b f   XMLSign.obj
 0001:0017d623       __ehhandler$?LoadNameCache@CComTypeInfoHolder@ATL@@QAEJPAUITypeInfo@@@Z 1017e623 f   XMLSign.obj
 0001:0017d630       $L206335                   1017e630 f   XMLSign.obj
 0001:0017d63b       __ehhandler$??0?$CComAggObject@VCSignature@@@ATL@@QAE@PAX@Z 1017e63b f   XMLSign.obj
 0001:0017d650       $L206365                   1017e650 f   XMLSign.obj
 0001:0017d65b       __ehhandler$??1?$CComAggObject@VCSignature@@@ATL@@UAE@XZ 1017e65b f   XMLSign.obj
 0001:0017d670       __ehhandler$_AddLog        1017e670 f   xmlsigd:DebugLog.obj
 0001:0017d67a       __ehhandler$_AddLogDetail  1017e67a f   xmlsigd:DebugLog.obj
 0001:0017d684       __ehhandler$_AddLogDetailWithMutex 1017e684 f   xmlsigd:DebugLog.obj
 0001:0017d690       __ehhandler$?_Buynode@?$list@PAUAllocInfo@@V?$allocator@PAUAllocInfo@@@std@@@std@@IAEPAU_Node@?$_List_nod@PAUAllocInfo@@V?$allocator@PAUAllocInfo@@@std@@@2@XZ 1017e690 f   xmlsigd:DebugLog.obj
 0001:0017d6a0       $L85445                    1017e6a0 f   xmlsigd:DebugLog.obj
 0001:0017d6b1       __ehhandler$?_Buynode@?$list@PAUAllocInfo@@V?$allocator@PAUAllocInfo@@@std@@@std@@IAEPAU_Node@?$_List_nod@PAUAllocInfo@@V?$allocator@PAUAllocInfo@@@std@@@2@PAU342@0ABQAUAllocInfo@@@Z 1017e6b1 f   xmlsigd:DebugLog.obj
 0001:0017d6c0       $L85462                    1017e6c0 f   xmlsigd:DebugLog.obj
 0001:0017d6c8       __ehhandler$?_Incsize@?$list@PAUAllocInfo@@V?$allocator@PAUAllocInfo@@@std@@@std@@IAEXI@Z 1017e6c8 f   xmlsigd:DebugLog.obj
 0001:0017d6e0       $L12204                    1017e6e0 f   libcpmtd:string.obj
 0001:0017d6e8       __ehhandler$?_Xlen@_String_base@std@@QBEXXZ 1017e6e8 f   libcpmtd:string.obj
 0001:0017d700       $L12264                    1017e700 f   libcpmtd:string.obj
 0001:0017d708       __ehhandler$?_Xran@_String_base@std@@QBEXXZ 1017e708 f   libcpmtd:string.obj
 0001:0017d720       $L9002                     1017e720 f   libcpmtd:ios.obj
 0001:0017d728       $L9003                     1017e728 f   libcpmtd:ios.obj
 0001:0017d733       $L9004                     1017e733 f   libcpmtd:ios.obj
 0001:0017d73e       __ehhandler$?clear@ios_base@std@@QAEXH_N@Z 1017e73e f   libcpmtd:ios.obj
 0001:0017d750       $L9020                     1017e750 f   libcpmtd:ios.obj
 0001:0017d758       __ehhandler$??0runtime_error@std@@QAE@ABV?$basic_string@DU?$char_traits@D@std@@V?$allocator@D@2@@1@@Z 1017e758 f   libcpmtd:ios.obj
 0001:0017d770       $L9034                     1017e770 f   libcpmtd:ios.obj
 0001:0017d778       __ehhandler$??1runtime_error@std@@UAE@XZ 1017e778 f   libcpmtd:ios.obj
 0001:0017d790       $L9052                     1017e790 f   libcpmtd:ios.obj
 0001:0017d798       __ehhandler$??0runtime_error@std@@QAE@ABV01@@Z 1017e798 f   libcpmtd:ios.obj
 0001:0017d7b0       $L9081                     1017e7b0 f   libcpmtd:ios.obj
 0001:0017d7b8       __ehhandler$?imbue@ios_base@std@@QAE?AVlocale@2@ABV32@@Z 1017e7b8 f   libcpmtd:ios.obj
 0001:0017d7d0       $L9101                     1017e7d0 f   libcpmtd:ios.obj
 0001:0017d7e9       __ehhandler$?register_callback@ios_base@std@@QAEXP6AXW4event@12@AAV12@H@ZH@Z 1017e7e9 f   libcpmtd:ios.obj
 0001:0017d800       $L9122                     1017e800 f   libcpmtd:ios.obj
 0001:0017d80e       $L9123                     1017e80e f   libcpmtd:ios.obj
 0001:0017d827       __ehhandler$?_Findarr@ios_base@std@@AAEAAU_Iosarray@12@H@Z 1017e827 f   libcpmtd:ios.obj
 0001:0017d840       $L13285                    1017e840 f   libcpmtd:locale0.obj
 0001:0017d859       __ehhandler$?empty@locale@std@@SA?AV12@XZ 1017e859 f   libcpmtd:locale0.obj
 0001:0017d870       $L13317                    1017e870 f   libcpmtd:locale0.obj
 0001:0017d889       $L13319                    1017e889 f   libcpmtd:locale0.obj
 0001:0017d8a2       $L13321                    1017e8a2 f   libcpmtd:locale0.obj
 0001:0017d8bb       __ehhandler$??8locale@std@@QBE_NABV01@@Z 1017e8bb f   libcpmtd:locale0.obj
 0001:0017d8d0       $L13335                    1017e8d0 f   libcpmtd:locale0.obj
 0001:0017d8d8       $L13336                    1017e8d8 f   libcpmtd:locale0.obj
 0001:0017d8f1       __ehhandler$?name@locale@std@@QBE?AV?$basic_string@DU?$char_traits@D@std@@V?$allocator@D@2@@2@XZ 1017e8f1 f   libcpmtd:locale0.obj
 0001:0017d900       $L13361                    1017e900 f   libcpmtd:locale0.obj
 0001:0017d908       $L13362                    1017e908 f   libcpmtd:locale0.obj
 0001:0017d924       $L13363                    1017e924 f   libcpmtd:locale0.obj
 0001:0017d92c       $L13364                    1017e92c f   libcpmtd:locale0.obj
 0001:0017d93e       __ehhandler$?_Init@locale@std@@CAPAV_Locimp@12@XZ 1017e93e f   libcpmtd:locale0.obj
 0001:0017d950       $L13389                    1017e950 f   libcpmtd:locale0.obj
 0001:0017d96c       __ehhandler$?_Register@facet@locale@std@@QAEXXZ 1017e96c f   libcpmtd:locale0.obj
 0001:0017d980       $L13400                    1017e980 f   libcpmtd:locale0.obj
 0001:0017d988       __ehhandler$??0_Locimp@locale@std@@AAE@_N@Z 1017e988 f   libcpmtd:locale0.obj
 0001:0017d9a0       $L13418                    1017e9a0 f   libcpmtd:locale0.obj
 0001:0017d9a8       $L13419                    1017e9a8 f   libcpmtd:locale0.obj
 0001:0017d9b3       $L13420                    1017e9b3 f   libcpmtd:locale0.obj
 0001:0017d9bb       __ehhandler$??1_Locimp@locale@std@@MAE@XZ 1017e9bb f   libcpmtd:locale0.obj
 0001:0017d9d0       $L13431                    1017e9d0 f   libcpmtd:locale0.obj
 0001:0017d9d8       $L13432                    1017e9d8 f   libcpmtd:locale0.obj
 0001:0017d9e3       $L13433                    1017e9e3 f   libcpmtd:locale0.obj
 0001:0017d9ee       $L13434                    1017e9ee f   libcpmtd:locale0.obj
 0001:0017d9f9       $L13435                    1017e9f9 f   libcpmtd:locale0.obj
 0001:0017da04       __ehhandler$??0_Locinfo@std@@QAE@PBD@Z 1017ea04 f   libcpmtd:locale0.obj
 0001:0017da10       $L13444                    1017ea10 f   libcpmtd:locale0.obj
 0001:0017da18       $L13445                    1017ea18 f   libcpmtd:locale0.obj
 0001:0017da23       $L13446                    1017ea23 f   libcpmtd:locale0.obj
 0001:0017da2e       $L13447                    1017ea2e f   libcpmtd:locale0.obj
 0001:0017da39       $L13448                    1017ea39 f   libcpmtd:locale0.obj
 0001:0017da44       __ehhandler$??1_Locinfo@std@@QAE@XZ 1017ea44 f   libcpmtd:locale0.obj
 0001:0017da50       __ehhandler$?ConvertBSTRToString@_com_util@@YGPADPAG@Z 1017ea50 f   comsuppd:comutil.obj
 0001:0017da60       _$E1                       1017ea60 f   CAMClient.obj
 0001:0017da90       _$E1                       1017ea90 f   CertVerify.obj
 0001:0017dac0       _$E1                       1017eac0 f   CharConversion.obj
 0001:0017daf0       _$E1                       1017eaf0 f   config.obj
 0001:0017db20       _$E1                       1017eb20 f   CRLCache.obj
 0001:0017db50       _$E4                       1017eb50 f   CRLCache.obj
 0001:0017db80       _$E7                       1017eb80 f   CRLCache.obj
 0001:0017dbb0       _$E10                      1017ebb0 f   CRLCache.obj
 0001:0017dbe0       _$E1                       1017ebe0 f   License.obj
 0001:0017dc10       _$E1                       1017ec10 f   ShowSelectCert.obj
 0001:0017dc40       _$E1                       1017ec40 f   Signature.obj
 0001:0017dc70       _$E4                       1017ec70 f   Signature.obj
 0001:0017dca0       _$E7                       1017eca0 f   Signature.obj
 0001:0017dcd0       _$E10                      1017ecd0 f   Signature.obj
 0001:0017dd00       _$E13                      1017ed00 f   Signature.obj
 0001:0017dd30       _$E16                      1017ed30 f   Signature.obj
 0001:0017dd60       _$E19                      1017ed60 f   Signature.obj
 0001:0017dd90       _$E22                      1017ed90 f   Signature.obj
 0001:0017ddc0       _$E25                      1017edc0 f   Signature.obj
 0001:0017ddf0       _$E28                      1017edf0 f   Signature.obj
 0001:0017de20       _$E31                      1017ee20 f   Signature.obj
 0001:0017de50       _$E34                      1017ee50 f   Signature.obj
 0001:0017de70       _$E1                       1017ee70 f   Sntp.obj
 0001:0017dea0       _$E1                       1017eea0 f   StdAfx.obj
 0001:0017ded0       _$E1                       1017eed0 f   XMLSign.obj
 0001:0017df00       _$E4                       1017ef00 f   XMLSign.obj
 0001:0017df30       _$E5                       1017ef30 f   atlsd:atlbase.obj
 0001:0017df50       _$E1                       1017ef50 f   atlsd:atlbase.obj
 0001:0017df70       _$E5                       1017ef70 f   atlsd:atltrace.obj
 0001:0017df90       _$E7                       1017ef90 f   atlsd:atltrace.obj
 0001:0017dfb0       _$E9                       1017efb0 f   atlsd:atltrace.obj
 0001:0017dfd0       _$E11                      1017efd0 f   atlsd:atltrace.obj
 0001:0017dff0       _$E13                      1017eff0 f   atlsd:atltrace.obj
 0001:0017e010       _$E15                      1017f010 f   atlsd:atltrace.obj
 0001:0017e030       _$E17                      1017f030 f   atlsd:atltrace.obj
 0001:0017e050       _$E19                      1017f050 f   atlsd:atltrace.obj
 0001:0017e070       _$E21                      1017f070 f   atlsd:atltrace.obj
 0001:0017e090       _$E23                      1017f090 f   atlsd:atltrace.obj
 0001:0017e0b0       _$E25                      1017f0b0 f   atlsd:atltrace.obj
 0001:0017e0d0       _$E27                      1017f0d0 f   atlsd:atltrace.obj
 0001:0017e0f0       _$E29                      1017f0f0 f   atlsd:atltrace.obj
 0001:0017e110       _$E31                      1017f110 f   atlsd:atltrace.obj
 0001:0017e130       _$E33                      1017f130 f   atlsd:atltrace.obj
 0001:0017e150       _$E35                      1017f150 f   atlsd:atltrace.obj
 0001:0017e170       _$E37                      1017f170 f   atlsd:atltrace.obj
 0001:0017e190       _$E39                      1017f190 f   atlsd:atltrace.obj
 0001:0017e1b0       _$E41                      1017f1b0 f   atlsd:atltrace.obj
 0001:0017e1d0       _$E43                      1017f1d0 f   atlsd:atltrace.obj
 0001:0017e1f0       _$E45                      1017f1f0 f   atlsd:atltrace.obj
 0001:0017e210       _$E47                      1017f210 f   atlsd:atltrace.obj
 0001:0017e230       _$E49                      1017f230 f   atlsd:atltrace.obj
 0001:0017e250       _$E51                      1017f250 f   atlsd:atltrace.obj
 0001:0017e270       _$E53                      1017f270 f   atlsd:atltrace.obj
 0001:0017e290       _$E55                      1017f290 f   atlsd:atltrace.obj
 0001:0017e2b0       _$E57                      1017f2b0 f   atlsd:atltrace.obj
 0001:0017e2d0       _$E1                       1017f2d0 f   atlsd:atltrace.obj
 0001:0017e2f0       _$E5                       1017f2f0 f   atlsd:Externs.obj
 0001:0017e310       _$E8                       1017f310 f   atlsd:Externs.obj
 0001:0017e320       _$E10                      1017f320 f   atlsd:Externs.obj
 0001:0017e350       _$E1                       1017f350 f   atlsd:Externs.obj
 0001:0017e370       _$E1                       1017f370 f   atlsd:AtlDebugAPI.obj
 0001:0017e390       _$E1                       1017f390 f   atlsd:atltime.obj
 0001:0017e3b0       _$E5                       1017f3b0 f   atlsd:atlstr.obj
 0001:0017e3e0       _$E8                       1017f3e0 f   atlsd:atlstr.obj
 0001:0017e410       _$E1                       1017f410 f   atlsd:atlstr.obj
 0001:0017e430       _$E5                       1017f430 f   atlsd:atlcommodule.obj
 0001:0017e450       _$E1                       1017f450 f   atlsd:atlcommodule.obj
 0001:0017e470       _$E1                       1017f470 f   atlsd:atlfuncs.obj
 0001:0017e490       _$E1                       1017f490 f   atlsd:Allocate.obj
 0001:0017e4b0       _$E1                       1017f4b0 f   atlsd:AtlTraceModuleManager.obj
 0001:0017e4d0       _$E1                       1017f4d0 f   libcpmtd:xlock.obj
 0001:0017e4f0       _$E1                       1017f4f0 f   libcpmtd:locale0.obj
 0001:0017e510       _$E4                       1017f510 f   libcpmtd:locale0.obj
 0001:0017e530       _$E6                       1017f530 f   libcpmtd:locale0.obj
 0001:0017e550       _$E8                       1017f550 f   libcpmtd:locale0.obj
 0001:0017e570       _$E10                      1017f570 f   libcpmtd:locale0.obj
 0001:0017e590       _$E12                      1017f590 f   libcpmtd:locale0.obj
 0001:0017e5b0       _$E1                       1017f5b0 f   libcpmtd:iosptrs.obj
 0001:0017e5d0       _$E4                       1017f5d0 f   libcpmtd:iosptrs.obj
 0001:0017e5f0       _$E1                       1017f5f0 f   comsuppd:comutil.obj
 0001:0017e620       _$E2                       1017f620 f   CAMClient.obj
 0001:0017e640       _$E2                       1017f640 f   CertVerify.obj
 0001:0017e660       _$E2                       1017f660 f   CharConversion.obj
 0001:0017e680       _$E2                       1017f680 f   config.obj
 0001:0017e6a0       _$E2                       1017f6a0 f   CRLCache.obj
 0001:0017e6c0       _$E5                       1017f6c0 f   CRLCache.obj
 0001:0017e6e0       _$E8                       1017f6e0 f   CRLCache.obj
 0001:0017e700       _$E11                      1017f700 f   CRLCache.obj
 0001:0017e720       _$E2                       1017f720 f   License.obj
 0001:0017e740       _$E2                       1017f740 f   ShowSelectCert.obj
 0001:0017e760       _$E2                       1017f760 f   Signature.obj
 0001:0017e780       _$E5                       1017f780 f   Signature.obj
 0001:0017e7a0       _$E8                       1017f7a0 f   Signature.obj
 0001:0017e7c0       _$E11                      1017f7c0 f   Signature.obj
 0001:0017e7e0       _$E14                      1017f7e0 f   Signature.obj
 0001:0017e800       _$E17                      1017f800 f   Signature.obj
 0001:0017e820       _$E20                      1017f820 f   Signature.obj
 0001:0017e840       _$E23                      1017f840 f   Signature.obj
 0001:0017e860       _$E26                      1017f860 f   Signature.obj
 0001:0017e880       _$E29                      1017f880 f   Signature.obj
 0001:0017e8a0       _$E32                      1017f8a0 f   Signature.obj
 0001:0017e8c0       _$E2                       1017f8c0 f   Sntp.obj
 0001:0017e8e0       _$E2                       1017f8e0 f   StdAfx.obj
 0001:0017e900       _$E2                       1017f900 f   XMLSign.obj
 0001:0017e920       _$E5                       1017f920 f   XMLSign.obj
 0001:0017e940       _$E6                       1017f940 f   atlsd:atlbase.obj
 0001:0017e950       _$E2                       1017f950 f   atlsd:atlbase.obj
 0001:0017e960       _$E2                       1017f960 f   atlsd:atltrace.obj
 0001:0017e970       _$E6                       1017f970 f   atlsd:Externs.obj
 0001:0017e980       _$E11                      1017f980 f   atlsd:Externs.obj
 0001:0017e990       _$E2                       1017f990 f   atlsd:Externs.obj
 0001:0017e9a0       _$E2                       1017f9a0 f   atlsd:AtlDebugAPI.obj
 0001:0017e9b0       _$E2                       1017f9b0 f   atlsd:atltime.obj
 0001:0017e9c0       _$E6                       1017f9c0 f   atlsd:atlstr.obj
 0001:0017e9d0       _$E9                       1017f9d0 f   atlsd:atlstr.obj
 0001:0017e9e0       _$E2                       1017f9e0 f   atlsd:atlstr.obj
 0001:0017e9f0       _$E6                       1017f9f0 f   atlsd:atlcommodule.obj
 0001:0017ea00       _$E2                       1017fa00 f   atlsd:atlcommodule.obj
 0001:0017ea10       _$E2                       1017fa10 f   atlsd:atlfuncs.obj
 0001:0017ea20       _$E2                       1017fa20 f   atlsd:Allocate.obj
 0001:0017ea30       _$E2                       1017fa30 f   atlsd:AtlTraceModuleManager.obj
 0001:0017ea40       _$E2                       1017fa40 f   libcpmtd:xlock.obj
 0001:0017ea50       _$E2                       1017fa50 f   libcpmtd:locale0.obj
 0001:0017ea60       _$E2                       1017fa60 f   libcpmtd:nomemory.obj
 0001:0017ea70       _$E2                       1017fa70 f   libcpmtd:iosptrs.obj
 0001:0017ea80       _$E5                       1017fa80 f   libcpmtd:iosptrs.obj
 0001:0017ea90       _$E2                       1017fa90 f   comsuppd:comutil.obj
