 NssXMLSign

 Timestamp is 4294c140 (Wed May 25 11:17:36 2005)

 Preferred load address is 10000000

 Start         Length     Name                   Class
 0001:00000000 0010a8a2H .text                   CODE
 0001:0010a8b0 00001c0aH .text$x                 CODE
 0001:0010c4c0 00000803H .text$yc                CODE
 0001:0010ccd0 0000023fH .text$yd                CODE
 0002:00000000 000006d0H .idata$5                DATA
 0002:000006d0 0002d834H .rdata                  DATA
 0002:0002df04 000003bcH .rdata$r                DATA
 0002:0002e2c0 000002ecH .rdata$sxdata           DATA
 0002:0002e5ac 00000004H .rtc$IAA                DATA
 0002:0002e5b0 00000004H .rtc$IMZ                DATA
 0002:0002e5b4 00000004H .rtc$IZZ                DATA
 0002:0002e5b8 00000004H .rtc$TAA                DATA
 0002:0002e5bc 00000004H .rtc$TMZ                DATA
 0002:0002e5c0 00000004H .rtc$TZZ                DATA
 0002:0002e5c4 00002f6cH .xdata$x                DATA
 0002:00031530 00000004H ATL$__a                 DATA
 0002:00031534 00000004H ATL$__z                 DATA
 0002:00031538 00000118H .idata$2                DATA
 0002:00031650 00000014H .idata$3                DATA
 0002:00031664 000006d0H .idata$4                DATA
 0002:00031d34 00001ac8H .idata$6                DATA
 0002:00033800 000000a4H .edata                  DATA
 0003:00000000 00000004H .CRT$XCA                DATA
 0003:00000004 00000004H .CRT$XCAA               DATA
 0003:00000008 00000018H .CRT$XCC                DATA
 0003:00000020 0000007cH .CRT$XCL                DATA
 0003:0000009c 00000078H .CRT$XCU                DATA
 0003:00000114 00000004H .CRT$XCZ                DATA
 0003:00000118 00000004H .CRT$XIA                DATA
 0003:0000011c 00000010H .CRT$XIC                DATA
 0003:0000012c 00000004H .CRT$XIY                DATA
 0003:00000130 00000004H .CRT$XIZ                DATA
 0003:00000134 00000004H .CRT$XPA                DATA
 0003:00000138 00000004H .CRT$XPX                DATA
 0003:0000013c 00000004H .CRT$XPZ                DATA
 0003:00000140 00000004H .CRT$XTA                DATA
 0003:00000144 00000004H .CRT$XTB                DATA
 0003:00000148 00000004H .CRT$XTZ                DATA
 0003:00000150 00006071H .data                   DATA
 0003:000061e0 00003278H .bss                    DATA
 0004:00000000 0000028cH .rsrc$01                DATA
 0004:00000290 00008038H .rsrc$02                DATA

  Address         Publics by Value              Rva+Base     Lib:Object

 0000:00000000       __except_list              00000000     <absolute>
 0000:000000bb       ___safe_se_handler_count   000000bb     <absolute>
 0000:00000000       ___ImageBase               10000000     <linker-defined>
 0001:00000000       ??0CCAMClient@@QAE@XZ      10001000 f   CAMClient.obj
 0001:00000040       ??1CCAMClient@@QAE@XZ      10001040 f   CAMClient.obj
 0001:00000060       ?validate@CCAMClient@@QAEJPAE0H0PAHPAPAE121@Z 10001060 f   CAMClient.obj
 0001:000002f0       ?full_recv@CCAMClient@@AAEHIPADH@Z 100012f0 f   CAMClient.obj
 0001:00000370       ?newBinString@CCAMClient@@AAEPAUBinString@@HPAD@Z 10001370 f   CAMClient.obj
 0001:000003d0       ?delBinString@CCAMClient@@AAEXPAUBinString@@@Z 100013d0 f   CAMClient.obj
 0001:00000420       ?serialize@CCAMClient@@AAEPAUBinString@@PAXHH@Z 10001420 f   CAMClient.obj
 0001:00000580       ?deserialize@CCAMClient@@AAEPADPAUBinString@@HH@Z 10001580 f   CAMClient.obj
 0001:00000600       ?get_ip_from_hostname@@YAKPAD@Z 10001600 f   CAMClient.obj
 0001:00000770       ?my_connect@CCAMClient@@AAEIPAD@Z 10001770 f   CAMClient.obj
 0001:00000920       ?send_header@CCAMClient@@AAEHIH@Z 10001920 f   CAMClient.obj
 0001:000009c0       ?read_header@CCAMClient@@AAEHI@Z 100019c0 f   CAMClient.obj
 0001:00000a40       ?read_msg@CCAMClient@@AAEPAUBinString@@I@Z 10001a40 f   CAMClient.obj
 0001:00000ad0       ?send_bs@CCAMClient@@AAEHIPAUBinString@@@Z 10001ad0 f   CAMClient.obj
 0001:00000b50       ?read_file@CCAMClient@@AAEHPAD0H@Z 10001b50 f   CAMClient.obj
 0001:00000bd0       ?copy_str_out@CCAMClient@@AAEXPAUBinString@@PAE@Z 10001bd0 f   CAMClient.obj
 0001:00000c90       ?copy_mem_out@CCAMClient@@AAEXPAUBinString@@PAE@Z 10001c90 f   CAMClient.obj
 0001:00000ce0       ??0CAtlWinModule@ATL@@QAE@XZ 10001ce0 f i CAMClient.obj
 0001:00000d40       ??0_ATL_WIN_MODULE70@ATL@@QAE@XZ 10001d40 f i CAMClient.obj
 0001:00000d80       ??0CComCriticalSection@ATL@@QAE@XZ 10001d80 f i CAMClient.obj
 0001:00000db0       ??1CAtlWinModule@ATL@@QAE@XZ 10001db0 f i CAMClient.obj
 0001:00000e10       ?Term@CAtlWinModule@ATL@@QAEXXZ 10001e10 f i CAMClient.obj
 0001:00000e40       ?GetModuleInstance@CAtlBaseModule@ATL@@QAEPAUHINSTANCE__@@XZ 10001e40 f i CAMClient.obj
 0001:00000e40       ?GetSize@?$CSimpleArray@GV?$CSimpleArrayEqualHelper@G@ATL@@@ATL@@QBEHXZ 10001e40 f i CAMClient.obj
 0001:00000e60       ??1_ATL_WIN_MODULE70@ATL@@QAE@XZ 10001e60 f i CAMClient.obj
 0001:00000e90       ?AtlWinModuleTerm@ATL@@YGJPAU_ATL_WIN_MODULE70@1@PAUHINSTANCE__@@@Z 10001e90 f i CAMClient.obj
 0001:00000f50       ?Term@CComCriticalSection@ATL@@QAEJXZ 10001f50 f i CAMClient.obj
 0001:00000f90       ??1?$CSimpleArray@GV?$CSimpleArrayEqualHelper@G@ATL@@@ATL@@QAE@XZ 10001f90 f i CAMClient.obj
 0001:00000fc0       ?RemoveAll@?$CSimpleArray@GV?$CSimpleArrayEqualHelper@G@ATL@@@ATL@@QAEXXZ 10001fc0 f i CAMClient.obj
 0001:00001040       ??A?$CSimpleArray@GV?$CSimpleArrayEqualHelper@G@ATL@@@ATL@@QAEAAGH@Z 10002040 f i CAMClient.obj
 0001:000010c0       ?_AtlRaiseException@ATL@@YAXKK@Z 100020c0 f i CAMClient.obj
 0001:000010f0       ?crVerifyCertificate@@YAHPAPAEIPAU_SYSTEMTIME@@PAUSECItemStr@@PAU_CERTVERIFICATIONPARAMS@@PAU_GLOBAL_SIG@@@Z 100020f0 f   CertVerify.obj
 0001:00003430       ??0?$list@PAEV?$allocator@PAE@std@@@std@@QAE@XZ 10004430 f i CertVerify.obj
 0001:00003480       ?begin@?$list@PAUAllocInfo@@V?$allocator@PAUAllocInfo@@@std@@@std@@QAE?AViterator@12@XZ 10004480 f i xmlsigd_nss:DebugLog.obj
 0001:00003480       ?begin@?$list@PAEV?$allocator@PAE@std@@@std@@QAE?AViterator@12@XZ 10004480 f i CertVerify.obj
 0001:00003480       ?begin@?$list@PAUTempFilePathInfo@@V?$allocator@PAUTempFilePathInfo@@@std@@@std@@QAE?AViterator@12@XZ 10004480 f i Signature.obj
 0001:000034c0       ?GetResourceInstance@CAtlBaseModule@ATL@@QAEPAUHINSTANCE__@@XZ 100044c0 f i ShowSelectCert.obj
 0001:000034c0       ?rdstate@ios_base@std@@QBEHXZ 100044c0 f i Signature.obj
 0001:000034c0       ?GetSize@?$CSimpleMap@PADPAGVCExpansionVectorEqualHelper@ATL@@@ATL@@QBEHXZ 100044c0 f i XMLSign.obj
 0001:000034c0       ?GetLockCount@CAtlModule@ATL@@UAEJXZ 100044c0 f i XMLSign.obj
 0001:000034c0       ?size@?$list@PAEV?$allocator@PAE@std@@@std@@QBEIXZ 100044c0 f i CertVerify.obj
 0001:000034e0       ?insert@?$list@PAEV?$allocator@PAE@std@@@std@@QAE?AViterator@12@V312@ABQAE@Z 100044e0 f i CertVerify.obj
 0001:00003520       ??Fiterator@?$list@PAEV?$allocator@PAE@std@@@std@@QAE?AV012@H@Z 10004520 f i CertVerify.obj
 0001:00003590       ??0?$vector@PAUSECItemStr@@V?$allocator@PAUSECItemStr@@@std@@@std@@QAE@XZ 10004590 f i CertVerify.obj
 0001:000035e0       ?size@?$vector@PAUSECItemStr@@V?$allocator@PAUSECItemStr@@@std@@@std@@QBEIXZ 100045e0 f i CertVerify.obj
 0001:00003630       ?at@?$vector@PAUSECItemStr@@V?$allocator@PAUSECItemStr@@@std@@@std@@QAEAAPAUSECItemStr@@I@Z 10004630 f i CertVerify.obj
 0001:000036a0       ?push_back@?$vector@PAUSECItemStr@@V?$allocator@PAUSECItemStr@@@std@@@std@@QAEXABQAUSECItemStr@@@Z 100046a0 f i CertVerify.obj
 0001:00003730       ?clear@?$vector@PAUSECItemStr@@V?$allocator@PAUSECItemStr@@@std@@@std@@QAEXXZ 10004730 f i CertVerify.obj
 0001:00003730       ??1?$vector@PAUSECItemStr@@V?$allocator@PAUSECItemStr@@@std@@@std@@QAE@XZ 10004730 f i CertVerify.obj
 0001:00003760       ?_Insert@?$list@PAEV?$allocator@PAE@std@@@std@@QAEXViterator@12@ABQAE@Z 10004760 f i CertVerify.obj
 0001:00003800       ?_Buynode@?$list@PAEV?$allocator@PAE@std@@@std@@IAEPAU_Node@?$_List_nod@PAEV?$allocator@PAE@std@@@2@XZ 10004800 f i CertVerify.obj
 0001:00003930       ?capacity@?$vector@PAUSECItemStr@@V?$allocator@PAUSECItemStr@@@std@@@std@@QBEIXZ 10004930 f i CertVerify.obj
 0001:00003980       ?end@?$list@PAUTempFilePathInfo@@V?$allocator@PAUTempFilePathInfo@@@std@@@std@@QAE?AViterator@12@XZ 10004980 f i Signature.obj
 0001:00003980       ?end@?$list@PAUAllocInfo@@V?$allocator@PAUAllocInfo@@@std@@@std@@QAE?AViterator@12@XZ 10004980 f i xmlsigd_nss:DebugLog.obj
 0001:00003980       ?end@?$list@PAEV?$allocator@PAE@std@@@std@@QAE?AViterator@12@XZ 10004980 f i CertVerify.obj
 0001:00003980       ?begin@?$vector@PAUSECItemStr@@V?$allocator@PAUSECItemStr@@@std@@@std@@QAE?AViterator@12@XZ 10004980 f i CertVerify.obj
 0001:000039b0       ?end@?$vector@PAUSECItemStr@@V?$allocator@PAUSECItemStr@@@std@@@std@@QAE?AViterator@12@XZ 100049b0 f i CertVerify.obj
 0001:000039e0       ?insert@?$vector@PAUSECItemStr@@V?$allocator@PAUSECItemStr@@@std@@@std@@QAE?AViterator@12@V312@ABQAUSECItemStr@@@Z 100049e0 f i CertVerify.obj
 0001:00003a70       ?_Buy@?$vector@PAUSECItemStr@@V?$allocator@PAUSECItemStr@@@std@@@std@@IAE_NI@Z 10004a70 f i CertVerify.obj
 0001:00003b00       ?_Tidy@?$vector@PAUSECItemStr@@V?$allocator@PAUSECItemStr@@@std@@@std@@IAEXXZ 10004b00 f i CertVerify.obj
 0001:00003b80       ?_Ufill@?$vector@PAUSECItemStr@@V?$allocator@PAUSECItemStr@@@std@@@std@@IAEPAPAUSECItemStr@@PAPAU3@IABQAU3@@Z 10004b80 f i CertVerify.obj
 0001:00003bc0       ?_Xran@?$vector@PAUSECItemStr@@V?$allocator@PAUSECItemStr@@@std@@@std@@IBEXXZ 10004bc0 f i CertVerify.obj
 0001:00003c40       ??0out_of_range@std@@QAE@ABV?$basic_string@DU?$char_traits@D@std@@V?$allocator@D@2@@1@@Z 10004c40 f i CertVerify.obj
 0001:00003c80       ??0logic_error@std@@QAE@ABV?$basic_string@DU?$char_traits@D@std@@V?$allocator@D@2@@1@@Z 10004c80 f i CertVerify.obj
 0001:00003cf0       ?what@logic_error@std@@UBEPBDXZ 10004cf0 f i CertVerify.obj
 0001:00003d20       ??_Glogic_error@std@@UAEPAXI@Z 10004d20 f i CertVerify.obj
 0001:00003d20       ??_Elogic_error@std@@UAEPAXI@Z 10004d20 f i CertVerify.obj
 0001:00003d60       ??1logic_error@std@@UAE@XZ 10004d60 f i CertVerify.obj
 0001:00003dd0       ??1out_of_range@std@@UAE@XZ 10004dd0 f i CertVerify.obj
 0001:00003e00       ??_Gout_of_range@std@@UAEPAXI@Z 10004e00 f i CertVerify.obj
 0001:00003e00       ??_Eout_of_range@std@@UAEPAXI@Z 10004e00 f i CertVerify.obj
 0001:00003e40       ??0?$basic_string@DU?$char_traits@D@std@@V?$allocator@D@2@@std@@QAE@ABV01@@Z 10004e40 f i CertVerify.obj
 0001:00003ea0       ??1?$basic_string@DU?$char_traits@D@std@@V?$allocator@D@2@@std@@QAE@XZ 10004ea0 f i CertVerify.obj
 0001:00003ed0       ?c_str@?$basic_string@DU?$char_traits@D@std@@V?$allocator@D@2@@std@@QBEPBDXZ 10004ed0 f i CertVerify.obj
 0001:00003f00       ?assign@?$basic_string@DU?$char_traits@D@std@@V?$allocator@D@2@@std@@QAEAAV12@ABV12@II@Z 10004f00 f i CertVerify.obj
 0001:00003fd0       ?copy@?$char_traits@D@std@@SAPADPADPBDI@Z 10004fd0 f i CertVerify.obj
 0001:00003fd0       ?CopyChars@?$CSimpleStringT@D$0A@@ATL@@SAXPADPBDH@Z 10004fd0 f i Signature.obj
 0001:00003ff0       ?_Tidy@?$basic_string@DU?$char_traits@D@std@@V?$allocator@D@2@@std@@IAEX_NI@Z 10004ff0 f i CertVerify.obj
 0001:00004080       ??Hiterator@?$vector@PAUSECItemStr@@V?$allocator@PAUSECItemStr@@@std@@@std@@QBE?AV012@H@Z 10005080 f i CertVerify.obj
 0001:00004100       ??0out_of_range@std@@QAE@ABV01@@Z 10005100 f i CertVerify.obj
 0001:00004140       ??0logic_error@std@@QAE@ABV01@@Z 10005140 f i CertVerify.obj
 0001:000041c0       ??0?$basic_string@DU?$char_traits@D@std@@V?$allocator@D@2@@std@@QAE@PBD@Z 100051c0 f i CertVerify.obj
 0001:00004220       ?move@?$char_traits@D@std@@SAPADPADPBDI@Z 10005220 f i CertVerify.obj
 0001:00004240       ?size@?$basic_string@DU?$char_traits@D@std@@V?$allocator@D@2@@std@@QBEIXZ 10005240 f i CertVerify.obj
 0001:00004240       ?size@?$basic_string@DU?$char_traits@D@std@@V?$_DebugHeapAllocator@D@2@@std@@QBEIXZ 10005240 f i Signature.obj
 0001:00004240       ?length@?$basic_string@DU?$char_traits@D@std@@V?$allocator@D@2@@std@@QBEIXZ 10005240 f i License.obj
 0001:00004260       ?_Eos@?$basic_string@DU?$char_traits@D@std@@V?$_DebugHeapAllocator@D@2@@std@@IAEXI@Z 10005260 f i Signature.obj
 0001:00004260       ?_Eos@?$basic_string@DU?$char_traits@D@std@@V?$allocator@D@2@@std@@IAEXI@Z 10005260 f i CertVerify.obj
 0001:000042b0       ?assign@?$char_traits@D@std@@SAXAADABD@Z 100052b0 f i CertVerify.obj
 0001:000042c0       ?_Grow@?$basic_string@DU?$char_traits@D@std@@V?$allocator@D@2@@std@@IAE_NI_N@Z 100052c0 f i CertVerify.obj
 0001:00004370       ?_Buynode@?$list@PAEV?$allocator@PAE@std@@@std@@IAEPAU_Node@?$_List_nod@PAEV?$allocator@PAE@std@@@2@PAU342@0ABQAE@Z 10005370 f i CertVerify.obj
 0001:00004450       ??$?2PAG@?$Wrapper@PAG@?$CSimpleMap@PADPAGVCExpansionVectorEqualHelper@ATL@@@ATL@@SAPAXIPAPAG@Z 10005450 f i XMLSign.obj
 0001:00004450       ??$?2PAD@?$Wrapper@PAD@?$CSimpleMap@PADPAGVCExpansionVectorEqualHelper@ATL@@@ATL@@SAPAXIPAPAD@Z 10005450 f i XMLSign.obj
 0001:00004450       ??2@YAPAXIPAX@Z            10005450 f i CertVerify.obj
 0001:00004450       ??$?2PAUHINSTANCE__@@@Wrapper@?$CSimpleArray@PAUHINSTANCE__@@V?$CSimpleArrayEqualHelper@PAUHINSTANCE__@@@ATL@@@ATL@@SAPAXIPAPAUHINSTANCE__@@@Z 10005450 f i atlsd:atlbase.obj
 0001:00004450       ??$?2G@Wrapper@?$CSimpleArray@GV?$CSimpleArrayEqualHelper@G@ATL@@@ATL@@SAPAXIPAG@Z 10005450 f i ShowSelectCert.obj
 0001:00004450       ??$?2UCModuleInfo@CTraceSnapshot@@@Wrapper@?$CSimpleArray@UCModuleInfo@CTraceSnapshot@@V?$CSimpleArrayEqualHelper@UCModuleInfo@CTraceSnapshot@@@ATL@@@ATL@@SAPAXIPAUCModuleInfo@CTraceSnapshot@@@Z 10005450 f i atlsd:Allocate.obj
 0001:00004450       ??$?2K@Wrapper@?$CSimpleArray@KV?$CSimpleArrayEqualHelper@K@ATL@@@ATL@@SAPAXIPAK@Z 10005450 f i atlsd:Allocate.obj
 0001:00004460       ?_Incsize@?$list@PAEV?$allocator@PAE@std@@@std@@IAEXI@Z 10005460 f i CertVerify.obj
 0001:00004500       ??0length_error@std@@QAE@ABV?$basic_string@DU?$char_traits@D@std@@V?$allocator@D@2@@1@@Z 10005500 f i CertVerify.obj
 0001:00004540       ??1length_error@std@@UAE@XZ 10005540 f i CertVerify.obj
 0001:00004570       ??_Glength_error@std@@UAEPAXI@Z 10005570 f i CertVerify.obj
 0001:00004570       ??_Elength_error@std@@UAEPAXI@Z 10005570 f i CertVerify.obj
 0001:000045b0       ??0?$_List_ptr@PAEV?$allocator@PAE@std@@@std@@IAE@V?$allocator@PAE@1@@Z 100055b0 f i CertVerify.obj
 0001:000045b0       ??0?$_List_ptr@PAUTempFilePathInfo@@V?$allocator@PAUTempFilePathInfo@@@std@@@std@@IAE@V?$allocator@PAUTempFilePathInfo@@@1@@Z 100055b0 f i Signature.obj
 0001:000045b0       ??0?$_List_ptr@PAUAllocInfo@@V?$allocator@PAUAllocInfo@@@std@@@std@@IAE@V?$allocator@PAUAllocInfo@@@1@@Z 100055b0 f i xmlsigd_nss:DebugLog.obj
 0001:00004600       ?allocate@?$allocator@U_Node@?$_List_nod@PAUTempFilePathInfo@@V?$allocator@PAUTempFilePathInfo@@@std@@@std@@@std@@QAEPAU_Node@?$_List_nod@PAUTempFilePathInfo@@V?$allocator@PAUTempFilePathInfo@@@std@@@2@I@Z 10005600 f i Signature.obj
 0001:00004600       ?allocate@?$allocator@U_Node@?$_List_nod@PAEV?$allocator@PAE@std@@@std@@@std@@QAEPAU_Node@?$_List_nod@PAEV?$allocator@PAE@std@@@2@I@Z 10005600 f i CertVerify.obj
 0001:00004600       ?allocate@?$allocator@U_Node@?$_List_nod@PAUAllocInfo@@V?$allocator@PAUAllocInfo@@@std@@@std@@@std@@QAEPAU_Node@?$_List_nod@PAUAllocInfo@@V?$allocator@PAUAllocInfo@@@std@@@2@I@Z 10005600 f i xmlsigd_nss:DebugLog.obj
 0001:00004630       ?destroy@?$allocator@PAU_Node@?$_List_nod@PAEV?$allocator@PAE@std@@@std@@@std@@QAEXPAPAU_Node@?$_List_nod@PAEV?$allocator@PAE@std@@@2@@Z 10005630 f i CertVerify.obj
 0001:00004630       ?destroy@?$allocator@U_Node@?$_List_nod@PAEV?$allocator@PAE@std@@@std@@@std@@QAEXPAU_Node@?$_List_nod@PAEV?$allocator@PAE@std@@@2@@Z 10005630 f i CertVerify.obj
 0001:00004630       ?destroy@?$allocator@U_Node@?$_List_nod@PAUAllocInfo@@V?$allocator@PAUAllocInfo@@@std@@@std@@@std@@QAEXPAU_Node@?$_List_nod@PAUAllocInfo@@V?$allocator@PAUAllocInfo@@@std@@@2@@Z 10005630 f i xmlsigd_nss:DebugLog.obj
 0001:00004630       ?destroy@?$allocator@U_Node@?$_List_nod@PAUTempFilePathInfo@@V?$allocator@PAUTempFilePathInfo@@@std@@@std@@@std@@QAEXPAU_Node@?$_List_nod@PAUTempFilePathInfo@@V?$allocator@PAUTempFilePathInfo@@@std@@@2@@Z 10005630 f i Signature.obj
 0001:00004630       ?destroy@?$allocator@PAU_Node@?$_List_nod@PAUTempFilePathInfo@@V?$allocator@PAUTempFilePathInfo@@@std@@@std@@@std@@QAEXPAPAU_Node@?$_List_nod@PAUTempFilePathInfo@@V?$allocator@PAUTempFilePathInfo@@@std@@@2@@Z 10005630 f i Signature.obj
 0001:00004630       ?destroy@?$allocator@PAU_Node@?$_List_nod@PAUAllocInfo@@V?$allocator@PAUAllocInfo@@@std@@@std@@@std@@QAEXPAPAU_Node@?$_List_nod@PAUAllocInfo@@V?$allocator@PAUAllocInfo@@@std@@@2@@Z 10005630 f i xmlsigd_nss:DebugLog.obj
 0001:00004660       ??Fconst_iterator@?$list@PAEV?$allocator@PAE@std@@@std@@QAEAAV012@XZ 10005660 f i CertVerify.obj
 0001:00004660       ??Fconst_iterator@?$list@PAUTempFilePathInfo@@V?$allocator@PAUTempFilePathInfo@@@std@@@std@@QAEAAV012@XZ 10005660 f i Signature.obj
 0001:00004660       ??Fconst_iterator@?$list@PAUAllocInfo@@V?$allocator@PAUAllocInfo@@@std@@@std@@QAEAAV012@XZ 10005660 f i xmlsigd_nss:DebugLog.obj
 0001:000046a0       ?max_size@?$vector@PAUSECItemStr@@V?$allocator@PAUSECItemStr@@@std@@@std@@QBEIXZ 100056a0 f i CertVerify.obj
 0001:000046d0       ?_Destroy@?$vector@PAUSECItemStr@@V?$allocator@PAUSECItemStr@@@std@@@std@@IAEXPAPAUSECItemStr@@0@Z 100056d0 f i CertVerify.obj
 0001:00004710       ?_Insert_n@?$vector@PAUSECItemStr@@V?$allocator@PAUSECItemStr@@@std@@@std@@IAEXViterator@12@IABQAUSECItemStr@@@Z 10005710 f i CertVerify.obj
 0001:00004a80       ?_Xlen@?$vector@PAUSECItemStr@@V?$allocator@PAUSECItemStr@@@std@@@std@@IBEXXZ 10005a80 f i CertVerify.obj
 0001:00004b00       ?allocate@?$allocator@PAUSECItemStr@@@std@@QAEPAPAUSECItemStr@@I@Z 10005b00 f i CertVerify.obj
 0001:00004b30       ??0iterator@?$list@PAEV?$allocator@PAE@std@@@std@@QAE@PAU_Node@?$_List_nod@PAEV?$allocator@PAE@std@@@2@@Z 10005b30 f i CertVerify.obj
 0001:00004b30       ??0iterator@?$list@PAUAllocInfo@@V?$allocator@PAUAllocInfo@@@std@@@std@@QAE@PAU_Node@?$_List_nod@PAUAllocInfo@@V?$allocator@PAUAllocInfo@@@std@@@2@@Z 10005b30 f i xmlsigd_nss:DebugLog.obj
 0001:00004b30       ??0iterator@?$basic_string@DU?$char_traits@D@std@@V?$_DebugHeapAllocator@D@2@@std@@QAE@PAD@Z 10005b30 f i Signature.obj
 0001:00004b30       ??0iterator@?$vector@PAUSECItemStr@@V?$allocator@PAUSECItemStr@@@std@@@std@@QAE@PAPAUSECItemStr@@@Z 10005b30 f i CertVerify.obj
 0001:00004b30       ??0iterator@?$list@PAUTempFilePathInfo@@V?$allocator@PAUTempFilePathInfo@@@std@@@std@@QAE@PAU_Node@?$_List_nod@PAUTempFilePathInfo@@V?$allocator@PAUTempFilePathInfo@@@std@@@2@@Z 10005b30 f i Signature.obj
 0001:00004b30       ??0iterator@?$basic_string@DU?$char_traits@D@std@@V?$allocator@D@2@@std@@QAE@PAD@Z 10005b30 f i Signature.obj
 0001:00004b60       ??Yiterator@?$vector@PAUSECItemStr@@V?$allocator@PAUSECItemStr@@@std@@@std@@QAEAAV012@H@Z 10005b60 f i CertVerify.obj
 0001:00004b90       ??Giterator@?$vector@PAUSECItemStr@@V?$allocator@PAUSECItemStr@@@std@@@std@@QBEHABVconst_iterator@12@@Z 10005b90 f i CertVerify.obj
 0001:00004bd0       ??0length_error@std@@QAE@ABV01@@Z 10005bd0 f i CertVerify.obj
 0001:00004c10       ?assign@?$basic_string@DU?$char_traits@D@std@@V?$allocator@D@2@@std@@QAEAAV12@PBD@Z 10005c10 f i CertVerify.obj
 0001:00004c50       ?length@?$char_traits@D@std@@SAIPBD@Z 10005c50 f i CertVerify.obj
 0001:00004c70       ?_Copy@?$basic_string@DU?$char_traits@D@std@@V?$allocator@D@2@@std@@IAEXII@Z 10005c70 f i CertVerify.obj
 0001:00004df0       ??Gconst_iterator@?$vector@PAUSECItemStr@@V?$allocator@PAUSECItemStr@@@std@@@std@@QBEHABV012@@Z 10005df0 f i CertVerify.obj
 0001:00004e20       ?assign@?$basic_string@DU?$char_traits@D@std@@V?$allocator@D@2@@std@@QAEAAV12@PBDI@Z 10005e20 f i CertVerify.obj
 0001:00004eb0       ?allocate@?$allocator@D@std@@QAEPADI@Z 10005eb0 f i CertVerify.obj
 0001:00004ee0       ?max_size@?$allocator@D@std@@QBEIXZ 10005ee0 f i CertVerify.obj
 0001:00004f30       ?_Inside@?$basic_string@DU?$char_traits@D@std@@V?$allocator@D@2@@std@@IAE_NPBD@Z 10005f30 f i CertVerify.obj
 0001:00004f80       ??$_Uninitialized_fill_n@PAPAUSECItemStr@@IPAU1@V?$allocator@PAUSECItemStr@@@std@@@std@@YAXPAPAUSECItemStr@@IABQAU1@AAV?$allocator@PAUSECItemStr@@@0@@Z 10005f80 f i CertVerify.obj
 0001:00004fd0       ??$_Destroy_range@PAUSECItemStr@@V?$allocator@PAUSECItemStr@@@std@@@std@@YAXPAPAUSECItemStr@@0AAV?$allocator@PAUSECItemStr@@@0@@Z 10005fd0 f i CertVerify.obj
 0001:00005020       ??$_Ucopy@PAPAUSECItemStr@@@?$vector@PAUSECItemStr@@V?$allocator@PAUSECItemStr@@@std@@@std@@IAEPAPAUSECItemStr@@PAPAU2@00@Z 10006020 f i CertVerify.obj
 0001:00005060       ??$fill@PAPAUSECItemStr@@PAU1@@std@@YAXPAPAUSECItemStr@@0ABQAU1@@Z 10006060 f i CertVerify.obj
 0001:00005090       ??$copy_backward@PAPAUSECItemStr@@PAPAU1@@std@@YAPAPAUSECItemStr@@PAPAU1@00@Z 10006090 f i CertVerify.obj
 0001:000050e0       ??$_Allocate@PAUSECItemStr@@@std@@YAPAPAUSECItemStr@@IPAPAU1@@Z 100060e0 f i CertVerify.obj
 0001:00005100       ??3@YAXPAX0@Z              10006100 f i CertVerify.obj
 0001:00005100       ??$_Destroy@U_Node@?$_List_nod@PAUAllocInfo@@V?$allocator@PAUAllocInfo@@@std@@@std@@@std@@YAXPAU_Node@?$_List_nod@PAUAllocInfo@@V?$allocator@PAUAllocInfo@@@std@@@0@@Z 10006100 f i xmlsigd_nss:DebugLog.obj
 0001:00005100       __fpclear                  10006100 f i LIBCMTD:fpinit.obj
 0001:00005100       ??$?3PAD@?$Wrapper@PAD@?$CSimpleMap@PADPAGVCExpansionVectorEqualHelper@ATL@@@ATL@@SAXPAXPAPAD@Z 10006100 f i XMLSign.obj
 0001:00005100       ??$_Destroy_range@PAUSECItemStr@@V?$allocator@PAUSECItemStr@@@std@@@std@@YAXPAPAUSECItemStr@@0AAV?$allocator@PAUSECItemStr@@@0@U_Scalar_ptr_iterator_tag@0@@Z 10006100 f i CertVerify.obj
 0001:00005100       ??$_Destroy@U_Node@?$_List_nod@PAEV?$allocator@PAE@std@@@std@@@std@@YAXPAU_Node@?$_List_nod@PAEV?$allocator@PAE@std@@@0@@Z 10006100 f i CertVerify.obj
 0001:00005100       ??$?3PAG@?$Wrapper@PAG@?$CSimpleMap@PADPAGVCExpansionVectorEqualHelper@ATL@@@ATL@@SAXPAXPAPAG@Z 10006100 f i XMLSign.obj
 0001:00005100       ??$_Destroy@PAU_Node@?$_List_nod@PAEV?$allocator@PAE@std@@@std@@@std@@YAXPAPAU_Node@?$_List_nod@PAEV?$allocator@PAE@std@@@0@@Z 10006100 f i CertVerify.obj
 0001:00005100       ?init@?$_CopyInterface@UIUnknown@@@ATL@@SAXPAPAUIUnknown@@@Z 10006100 f i ShowSelectCert.obj
 0001:00005100       ??$?3G@Wrapper@?$CSimpleArray@GV?$CSimpleArrayEqualHelper@G@ATL@@@ATL@@SAXPAXPAG@Z 10006100 f i ShowSelectCert.obj
 0001:00005100       ??$_Destroy@PAU_Node@?$_List_nod@PAUTempFilePathInfo@@V?$allocator@PAUTempFilePathInfo@@@std@@@std@@@std@@YAXPAPAU_Node@?$_List_nod@PAUTempFilePathInfo@@V?$allocator@PAUTempFilePathInfo@@@std@@@0@@Z 10006100 f i Signature.obj
 0001:00005100       ??$_Destroy@U_Node@?$_List_nod@PAUTempFilePathInfo@@V?$allocator@PAUTempFilePathInfo@@@std@@@std@@@std@@YAXPAU_Node@?$_List_nod@PAUTempFilePathInfo@@V?$allocator@PAUTempFilePathInfo@@@std@@@0@@Z 10006100 f i Signature.obj
 0001:00005100       ??$_Destroy@PAU_Node@?$_List_nod@PAUAllocInfo@@V?$allocator@PAUAllocInfo@@@std@@@std@@@std@@YAXPAPAU_Node@?$_List_nod@PAUAllocInfo@@V?$allocator@PAUAllocInfo@@@std@@@0@@Z 10006100 f i xmlsigd_nss:DebugLog.obj
 0001:00005100       ?InitLibId@?$CAtlModuleT@VCComModule@ATL@@@ATL@@SAXXZ 10006100 f i XMLSign.obj
 0001:00005110       ??$_Ptr_cat@USECItemStr@@@std@@YA?AU_Scalar_ptr_iterator_tag@0@PAPAUSECItemStr@@0@Z 10006110 f i CertVerify.obj
 0001:00005160       ??$_Uninit_fill_n@PAUSECItemStr@@IPAU1@@std@@YAXPAPAUSECItemStr@@IABQAU1@AAV?$allocator@PAUSECItemStr@@@0@U_Scalar_ptr_iterator_tag@0@@Z 10006160 f i CertVerify.obj
 0001:00005180       ??$_Uninitialized_copy@PAPAUSECItemStr@@PAPAU1@V?$allocator@PAUSECItemStr@@@std@@@std@@YAPAPAUSECItemStr@@PAPAU1@00AAV?$allocator@PAUSECItemStr@@@0@@Z 10006180 f i CertVerify.obj
 0001:000051d0       ??$_Copy_backward_opt@PAPAUSECItemStr@@PAPAU1@@std@@YAPAPAUSECItemStr@@PAPAU1@00U_Scalar_ptr_iterator_tag@0@@Z 100061d0 f i CertVerify.obj
 0001:00005220       ??$fill_n@PAPAUSECItemStr@@IPAU1@@std@@YAXPAPAUSECItemStr@@IABQAU1@@Z 10006220 f i CertVerify.obj
 0001:00005250       ??$_Uninit_copy@PAUSECItemStr@@PAU1@@std@@YAPAPAUSECItemStr@@PAPAU1@00AAV?$allocator@PAUSECItemStr@@@0@U_Scalar_ptr_iterator_tag@0@@Z 10006250 f i CertVerify.obj
 0001:000052a0       ?FileEncoding@@YAXPAE@Z    100062a0 f   CharConversion.obj
 0001:000052d0       ?PrintBstr@@YAXPAG@Z       100062d0 f   CharConversion.obj
 0001:00005350       ?UTF16LEToUTF8@@YAHPAEPAHPBE1@Z 10006350 f   CharConversion.obj
 0001:00005620       ?UTF8ToUTF16LE@@YAHPAEPAHPBE1@Z 10006620 f   CharConversion.obj
 0001:00005980       ?HeapW2A@@YAPAEPAG@Z       10006980 f   CharConversion.obj
 0001:00005d80       ?ldump@@YAXPADI@Z          10006d80 f   CharConversion.obj
 0001:00005eb0       ?head@@YAXJ@Z              10006eb0 f   CharConversion.obj
 0001:00005f20       ?dump@@YAXPADI@Z           10006f20 f   CharConversion.obj
 0001:00005fe0       ?_AtlGetThreadACPThunk@ATL@@YGIXZ 10006fe0 f i config.obj
 0001:000060c0       ?InterlockedExchangePointer@@YGPAXPAPAXPAX@Z 100070c0 f i config.obj
 0001:000060f0       ?_AtlGetThreadACPFake@ATL@@YGIXZ 100070f0 f i config.obj
 0001:000061f0       ?_AtlGetThreadACPReal@ATL@@YGIXZ 100071f0 f i config.obj
 0001:00006200       ?_AtlGetConversionACP@ATL@@YGIXZ 10007200 f i config.obj
 0001:00006220       ?_AtlVerifyStackAvailable@_ATL_SAFE_ALLOCA_IMPL@ATL@@YA_NK@Z 10007220 f i config.obj
 0001:00006300       ?AtlW2AHelper@@YGPADPADPBGHI@Z 10007300 f i config.obj
 0001:000063e0       ?AtlThrow@ATL@@YGXJ@Z      100073e0 f i config.obj
 0001:00006460       ??0CTraceFileAndLineInfo@ATL@@QAE@PBDH@Z 10007460 f i config.obj
 0001:00006490       ??RCTraceFileAndLineInfo@ATL@@QBAXKIPBDZZ 10007490 f i config.obj
 0001:000064e0       ?TraceV@CTrace@ATL@@QBAXPBDHKI0PAD@Z 100074e0 f i config.obj
 0001:00006520       ?AtlA2WHelper@@YGPAGPAGPBDHI@Z 10007520 f i config.obj
 0001:00006600       ??0CConfig@@QAE@PAVCSignature@@@Z 10007600 f   config.obj
 0001:00006810       ??1CConfig@@UAE@XZ         10007810 f   config.obj
 0001:00006860       ?getConfigDetailsFromDom@CConfig@@QAEXPAU_xmlNode@@@Z 10007860 f   config.obj
 0001:00008080       ?getConfigDetails@CConfig@@QAEHPAU_GLOBAL_SIG@@@Z 10009080 f   config.obj
 0001:00008110       ?setConfigDetails@CConfig@@QAEHPAG@Z 10009110 f   config.obj
 0001:00008280       ??_ECConfig@@UAEPAXI@Z     10009280 f i config.obj
 0001:00008280       ??_GCConfig@@UAEPAXI@Z     10009280 f i config.obj
 0001:000082c0       ?A2WBSTR@@YAPAGPBDH@Z      100092c0 f i config.obj
 0001:00008490       ??4CComBSTR@ATL@@QAEAAV01@PBG@Z 10009490 f i config.obj
 0001:00008510       ?SetCRLTimeOut@CRLCache@@QAEXK@Z 10009510 f i config.obj
 0001:00008530       ??_GCCAMClient@@QAEPAXI@Z  10009530 f i config.obj
 0001:00008570       ??_GCRLCache@@QAEPAXI@Z    10009570 f i config.obj
 0001:000085b0       ??1CComBSTR@ATL@@QAE@XZ    100095b0 f i config.obj
 0001:000085f0       ?Length@CComBSTR@ATL@@QBEIXZ 100095f0 f i config.obj
 0001:00008650       ??_Estringdispid@CComTypeInfoHolder@ATL@@QAEPAXI@Z 10009650 f i config.obj
 0001:000086d0       ??1stringdispid@CComTypeInfoHolder@ATL@@QAE@XZ 100096d0 f i config.obj
 0001:00008700       ?Allocate@?$CAtlSafeAllocBufferManager@VCCRTAllocator@ATL@@@_ATL_SAFE_ALLOCA_IMPL@ATL@@QAEPAXK@Z 10009700 f i config.obj
 0001:00008760       ?Allocate@CCRTAllocator@ATL@@SAPAXI@Z 10009760 f i config.obj
 0001:00008780       ??1?$CAtlSafeAllocBufferManager@VCCRTAllocator@ATL@@@_ATL_SAFE_ALLOCA_IMPL@ATL@@QAE@XZ 10009780 f i config.obj
 0001:000087d0       ?Free@CCRTAllocator@ATL@@SAXPAX@Z 100097d0 f i config.obj
 0001:000087f0       ?GetData@CAtlSafeAllocBufferNode@?$CAtlSafeAllocBufferManager@VCCRTAllocator@ATL@@@_ATL_SAFE_ALLOCA_IMPL@ATL@@QAEPAXXZ 100097f0 f i config.obj
 0001:00008810       ?GetTimeDifferenceInMinutes@@YAJPAU_SYSTEMTIME@@0@Z 10009810 f   CRLCache.obj
 0001:000088d0       ??0CRLCache@@QAE@PAGPAU_GLOBAL_SIG@@@Z 100098d0 f   CRLCache.obj
 0001:000088f0       ??1CRLCache@@QAE@XZ        100098f0 f   CRLCache.obj
 0001:00008950       ?FetchCRLFromCRLCache@CRLCache@@QAEPAPAU_DS_DATA_BLOB@@PAU_CRYPTOAPI_BLOB@@PAIPAU_GLOBAL_SIG@@@Z 10009950 f   CRLCache.obj
 0001:00008980       ?EnterCRLIntoCRLCache@CRLCache@@QAEXPAU_CRYPTOAPI_BLOB@@PAU_DS_DATA_BLOB@@PAU_GLOBAL_SIG@@@Z 10009980 f   CRLCache.obj
 0001:000089a0       ?DeleteCRLFromCRLCache@CRLCache@@QAEXPAU_CRYPTOAPI_BLOB@@PAU_DS_DATA_BLOB@@PAU_GLOBAL_SIG@@@Z 100099a0 f   CRLCache.obj
 0001:000089c0       ??0CLicense@@QAE@XZ        100099c0 f   License.obj
 0001:00008be0       ??1CLicense@@UAE@XZ        10009be0 f   License.obj
 0001:00008ca0       ?getLicenseDetails@CLicense@@QAEHPAU_GLOBAL_SIG@@@Z 10009ca0 f   License.obj
 0001:00009890       ?getHostOsType@CLicense@@SAJXZ 1000a890 f   License.obj
 0001:00009970       ?verifyLicense@CLicense@@QAEHPAU_GLOBAL_SIG@@@Z 1000a970 f   License.obj
 0001:0000a350       ?Get_CRC_CheckSum@CLicense@@SAXPAXKPAK@Z 1000b350 f   License.obj
 0001:0000a3d0       ?verifyFloatingLicense@CLicense@@QAEXPAEKPAU_GLOBAL_SIG@@@Z 1000b3d0 f   License.obj
 0001:0000b0f0       ?floatingLicenseStatus@CLicense@@QAEHXZ 1000c0f0 f   License.obj
 0001:0000b210       ?verifyTemplateSignature@CLicense@@QAEHPAEIPAU_GLOBAL_SIG@@@Z 1000c210 f   License.obj
 0001:0000b6b0       ?validateXmlWithSchema@CLicense@@QAEHPAEPAU_xmlDoc@@PAU_GLOBAL_SIG@@@Z 1000c6b0 f   License.obj
 0001:0000b760       ?verifyFormSchema@CLicense@@QAEHPAEPAU_xmlDoc@@PAU_GLOBAL_SIG@@@Z 1000c760 f   License.obj
 0001:0000ba60       ?getFormSignAllowed@CLicense@@QAEHPAEIPAU_GLOBAL_SIG@@@Z 1000ca60 f   License.obj
 0001:0000bdc0       ?verifyTemplateSchema@CLicense@@QAEHPAEPAU_GLOBAL_SIG@@@Z 1000cdc0 f   License.obj
 0001:0000c080       ??_ECLicense@@UAEPAXI@Z    1000d080 f i License.obj
 0001:0000c080       ??_GCLicense@@UAEPAXI@Z    1000d080 f i License.obj
 0001:0000c0c0       ??0?$basic_string@DU?$char_traits@D@std@@V?$allocator@D@2@@std@@QAE@XZ 1000d0c0 f i License.obj
 0001:0000c110       ??4?$basic_string@DU?$char_traits@D@std@@V?$allocator@D@2@@std@@QAEAAV01@PBD@Z 1000d110 f i License.obj
 0001:0000c140       ??$?HDU?$char_traits@D@std@@V?$allocator@D@1@@std@@YA?AV?$basic_string@DU?$char_traits@D@std@@V?$allocator@D@2@@0@ABV10@0@Z 1000d140 f i License.obj
 0001:0000c1e0       ??$?9DU?$char_traits@D@std@@V?$allocator@D@1@@std@@YA_NABV?$basic_string@DU?$char_traits@D@std@@V?$allocator@D@2@@0@0@Z 1000d1e0 f i License.obj
 0001:0000c210       ??Y?$basic_string@DU?$char_traits@D@std@@V?$allocator@D@2@@std@@QAEAAV01@ABV01@@Z 1000d210 f i License.obj
 0001:0000c240       ?append@?$basic_string@DU?$char_traits@D@std@@V?$allocator@D@2@@std@@QAEAAV12@ABV12@@Z 1000d240 f i License.obj
 0001:0000c270       ?append@?$basic_string@DU?$char_traits@D@std@@V?$allocator@D@2@@std@@QAEAAV12@ABV12@II@Z 1000d270 f i License.obj
 0001:0000c340       ??$?8DU?$char_traits@D@std@@V?$allocator@D@1@@std@@YA_NABV?$basic_string@DU?$char_traits@D@std@@V?$allocator@D@2@@0@0@Z 1000d340 f i License.obj
 0001:0000c360       ?compare@?$basic_string@DU?$char_traits@D@std@@V?$allocator@D@2@@std@@QBEHABV12@@Z 1000d360 f i License.obj
 0001:0000c3b0       ?compare@?$basic_string@DU?$char_traits@D@std@@V?$allocator@D@2@@std@@QBEHIIPBDI@Z 1000d3b0 f i License.obj
 0001:0000c490       ?compare@?$char_traits@D@std@@SAHPBD0I@Z 1000d490 f i License.obj
 0001:0000c4b0       ??0CShowSelectCert@@QAE@PAEPAPAU_CERT_DESCR@@J@Z 1000d4b0 f   ShowSelectCert.obj
 0001:0000c7e0       ??1CShowSelectCert@@UAE@XZ 1000d7e0 f   ShowSelectCert.obj
 0001:0000c8a0       ?getCertificateData@CShowSelectCert@@QAEPADH@Z 1000d8a0 f   ShowSelectCert.obj
 0001:0000c8e0       ?OnClickedButton1@CShowSelectCert@@QAEJGGPAUHWND__@@AAH@Z 1000d8e0 f   ShowSelectCert.obj
 0001:0000d7f0       ?ProcessWindowMessage@CShowSelectCert@@UAEHPAUHWND__@@IIJAAJK@Z 1000e7f0 f i ShowSelectCert.obj
 0001:0000da60       ?OnInitDialog@CShowSelectCert@@QAEJIIJAAH@Z 1000ea60 f i ShowSelectCert.obj
 0001:0000dc40       ?OnOK@CShowSelectCert@@QAEJGGPAUHWND__@@AAH@Z 1000ec40 f i ShowSelectCert.obj
 0001:0000dc90       ?OnCancel@CShowSelectCert@@QAEJGGPAUHWND__@@AAH@Z 1000ec90 f i ShowSelectCert.obj
 0001:0000dcd0       ?CreateHeader@CShowSelectCert@@QAEXXZ 1000ecd0 f i ShowSelectCert.obj
 0001:0000dea0       ?SetCell@CShowSelectCert@@QAEXPAGHH@Z 1000eea0 f i ShowSelectCert.obj
 0001:0000df90       ?OnClickList@CShowSelectCert@@QAEJHPAUtagNMHDR@@AAH@Z 1000ef90 f i ShowSelectCert.obj
 0001:0000dfd0       ?setSelection@CShowSelectCert@@QAEXXZ 1000efd0 f i ShowSelectCert.obj
 0001:0000e090       ??_GCShowSelectCert@@UAEPAXI@Z 1000f090 f i ShowSelectCert.obj
 0001:0000e090       ??_ECShowSelectCert@@UAEPAXI@Z 1000f090 f i ShowSelectCert.obj
 0001:0000e0d0       ?LoadStringA@CComBSTR@ATL@@QAE_NI@Z 1000f0d0 f i ShowSelectCert.obj
 0001:0000e120       ?LoadStringResource@CComBSTR@ATL@@SA_NIAAPAG@Z 1000f120 f i ShowSelectCert.obj
 0001:0000e1b0       ?AtlGetStringResourceImage@ATL@@YAPBUATLSTRINGRESOURCEIMAGE@1@I@Z 1000f1b0 f i ShowSelectCert.obj
 0001:0000e240       ?AtlGetStringResourceImage@ATL@@YAPBUATLSTRINGRESOURCEIMAGE@1@PAUHINSTANCE__@@I@Z 1000f240 f i ShowSelectCert.obj
 0001:0000e2a0       ?_AtlGetStringResourceImage@ATL@@YAPBUATLSTRINGRESOURCEIMAGE@1@PAUHINSTANCE__@@PAUHRSRC__@@I@Z 1000f2a0 f i ShowSelectCert.obj
 0001:0000e390       ??0?$CAxDialogImpl@VCShowSelectCert@@VCWindow@ATL@@@ATL@@QAE@XZ 1000f390 f i ShowSelectCert.obj
 0001:0000e3c0       ?GetDialogProc@?$CAxDialogImpl@VCShowSelectCert@@VCWindow@ATL@@@ATL@@UAEP6GHPAUHWND__@@IIJ@ZXZ 1000f3c0 f i ShowSelectCert.obj
 0001:0000e3e0       ?EndDialog@?$CAxDialogImpl@VCShowSelectCert@@VCWindow@ATL@@@ATL@@QAEHH@Z 1000f3e0 f i ShowSelectCert.obj
 0001:0000e490       ?CreateActiveXControls@?$CAxDialogImpl@VCShowSelectCert@@VCWindow@ATL@@@ATL@@UAEJI@Z 1000f490 f i ShowSelectCert.obj
 0001:0000eb00       ?AtlHresultFromLastError@ATL@@YAJXZ 1000fb00 f i ShowSelectCert.obj
 0001:0000eb60       ??0?$CDialogImplBaseT@VCWindow@ATL@@@ATL@@QAE@XZ 1000fb60 f i ShowSelectCert.obj
 0001:0000eb90       ?MapDialogRect@?$CDialogImplBaseT@VCWindow@ATL@@@ATL@@QAEHPAUtagRECT@@@Z 1000fb90 f i ShowSelectCert.obj
 0001:0000ec10       ??0?$CAxWindow2T@VCWindow@ATL@@@ATL@@QAE@PAUHWND__@@@Z 1000fc10 f i ShowSelectCert.obj
 0001:0000ec40       ?Create@?$CAxWindow2T@VCWindow@ATL@@@ATL@@QAEPAUHWND__@@PAU3@V_U_RECT@2@PBDKKV_U_MENUorID@2@PAX@Z 1000fc40 f i ShowSelectCert.obj
 0001:0000ec90       ?CreateControlLic@?$CAxWindow2T@VCWindow@ATL@@@ATL@@QAEJPBGPAUIStream@@PAPAUIUnknown@@PAG@Z 1000fc90 f i ShowSelectCert.obj
 0001:0000ecd0       ??0?$CAxWindowT@VCWindow@ATL@@@ATL@@QAE@PAUHWND__@@@Z 1000fcd0 f i ShowSelectCert.obj
 0001:0000ed10       ?CreateControlLicEx@?$CAxWindow2T@VCWindow@ATL@@@ATL@@QAEJPBGPAUIStream@@PAPAUIUnknown@@2ABU_GUID@@PAU4@PAG@Z 1000fd10 f i ShowSelectCert.obj
 0001:0000ef20       ?DialogProc@?$CAxDialogImpl@VCShowSelectCert@@VCWindow@ATL@@@ATL@@SGHPAUHWND__@@IIJ@Z 1000ff20 f i ShowSelectCert.obj
 0001:0000efc0       ??$QueryHost@UIAxWinHostWindowLic@@@?$CAxWindowT@VCWindow@ATL@@@ATL@@QAEJPAPAUIAxWinHostWindowLic@@@Z 1000ffc0 f i ShowSelectCert.obj
 0001:0000eff0       ??$QueryInterface@UIUnknown@@@?$CComPtrBase@UIAxWinHostWindowLic@@@ATL@@QBEJPAPAUIUnknown@@@Z 1000fff0 f i ShowSelectCert.obj
 0001:0000f060       ?QueryHost@?$CAxWindowT@VCWindow@ATL@@@ATL@@QAEJABU_GUID@@PAPAX@Z 10010060 f i ShowSelectCert.obj
 0001:0000f190       ?GetIDD@?$CAxDialogImpl@VCShowSelectCert@@VCWindow@ATL@@@ATL@@QAEHXZ 10010190 f i ShowSelectCert.obj
 0001:0000f1b0       ?DestroyWindow@?$CAxDialogImpl@VCShowSelectCert@@VCWindow@ATL@@@ATL@@QAEHXZ 100101b0 f i ShowSelectCert.obj
 0001:0000f250       ?IsDialogEx@_DialogSplitHelper@ATL@@SAHPBUDLGTEMPLATE@@@Z 10010250 f i ShowSelectCert.obj
 0001:0000f270       ?DlgTemplateItemCount@_DialogSplitHelper@ATL@@SAAAGPAUDLGTEMPLATE@@@Z 10010270 f i ShowSelectCert.obj
 0001:0000f2a0       ?FindFirstDlgItem@_DialogSplitHelper@ATL@@SAPAUDLGITEMTEMPLATE@@PBUDLGTEMPLATE@@@Z 100102a0 f i ShowSelectCert.obj
 0001:0000f3e0       ?FindNextDlgItem@_DialogSplitHelper@ATL@@SAPAUDLGITEMTEMPLATE@@PAU3@H@Z 100103e0 f i ShowSelectCert.obj
 0001:0000f4c0       ?FindCreateData@_DialogSplitHelper@ATL@@SAKKPAEPAPAE@Z 100104c0 f i ShowSelectCert.obj
 0001:0000f590       ?IsActiveXControl@_DialogSplitHelper@ATL@@SA_NPAUDLGITEMTEMPLATE@@H@Z 10010590 f i ShowSelectCert.obj
 0001:0000f5e0       ?ParseInitData@_DialogSplitHelper@ATL@@SAJPAUIStream@@PAPAG@Z 100105e0 f i ShowSelectCert.obj
 0001:0000f910       ??0CComBSTR@ATL@@QAE@H@Z   10010910 f i ShowSelectCert.obj
 0001:0000f970       ?Create@CWindow@ATL@@QAEPAUHWND__@@PBDPAU3@V_U_RECT@2@0KKV_U_MENUorID@2@PAX@Z 10010970 f i ShowSelectCert.obj
 0001:0000fa30       ?SendMessageA@CWindow@ATL@@QAEJIIJ@Z 10010a30 f i ShowSelectCert.obj
 0001:0000fab0       ?SetWindowPos@CWindow@ATL@@QAEHPAUHWND__@@HHHHI@Z 10010ab0 f i ShowSelectCert.obj
 0001:0000fb40       ?GetWindow@CWindow@ATL@@QBE?AV12@I@Z 10010b40 f i ShowSelectCert.obj
 0001:0000fbc0       ?GetDlgItem@CWindow@ATL@@QBE?AV12@H@Z 10010bc0 f i ShowSelectCert.obj
 0001:0000fc40       ?SetWindowContextHelpId@CWindow@ATL@@QAEHK@Z 10010c40 f i ShowSelectCert.obj
 0001:0000fcc0       ?CenterWindow@CWindow@ATL@@QAEHPAUHWND__@@@Z 10010cc0 f i ShowSelectCert.obj
 0001:00010010       ?GetStyle@CWindow@ATL@@QBEKXZ 10011010 f i ShowSelectCert.obj
 0001:00010080       _AtlAxCreateControlLicEx@32 10011080 f i ShowSelectCert.obj
 0001:00010270       ??0CComBSTR@ATL@@QAE@PBG@Z 10011270 f i ShowSelectCert.obj
 0001:000102d0       _AtlAxWinInit@0            100112d0 f i ShowSelectCert.obj
 0001:00010590       ?SetWindowLongPtrA@@YAJPAUHWND__@@HJ@Z 10011590 f i ShowSelectCert.obj
 0001:000105c0       ?GetWindowLongPtrA@@YAJPAUHWND__@@H@Z 100115c0 f i ShowSelectCert.obj
 0001:000105f0       _AtlAxCreateControlLic@20  100115f0 f i ShowSelectCert.obj
 0001:00010620       _AtlAxGetHost@8            10011620 f i ShowSelectCert.obj
 0001:000106a0       ??1?$CDialogImplBaseT@VCWindow@ATL@@@ATL@@UAE@XZ 100116a0 f i ShowSelectCert.obj
 0001:000106a0       ??1?$CWindowImplBaseT@VCWindow@ATL@@V?$CWinTraits@$0FGAAAAAA@$0A@@2@@ATL@@UAE@XZ 100116a0 f i ShowSelectCert.obj
 0001:000106d0       ?SetVoid@CComObjectRootBase@ATL@@QAEXPAX@Z 100116d0 f i ShowSelectCert.obj
 0001:000106d0       ?OnFinalMessage@?$CDialogImplBaseT@VCWindow@ATL@@@ATL@@UAEXPAUHWND__@@@Z 100116d0 f i ShowSelectCert.obj
 0001:000106d0       ?OnFinalMessage@?$CWindowImplBaseT@VCWindow@ATL@@V?$CWinTraits@$0FGAAAAAA@$0A@@2@@ATL@@UAEXPAUHWND__@@@Z 100116d0 f i ShowSelectCert.obj
 0001:000106d0       ?_Init@?$codecvt@DDH@std@@IAEXABV_Locinfo@2@@Z 100116d0 f i Signature.obj
 0001:000106d0       ?imbue@?$basic_streambuf@DU?$char_traits@D@std@@@std@@MAEXABVlocale@2@@Z 100116d0 f i Signature.obj
 0001:000106f0       ??1?$CWindowImplRoot@VCWindow@ATL@@@ATL@@UAE@XZ 100116f0 f i ShowSelectCert.obj
 0001:000107b0       ?GetWndClassName@?$CAxWindowT@VCWindow@ATL@@@ATL@@SAPBDXZ 100117b0 f i ShowSelectCert.obj
 0001:000107c0       ?GetWndClassName@?$CAxWindow2T@VCWindow@ATL@@@ATL@@SAPBDXZ 100117c0 f i ShowSelectCert.obj
 0001:000107d0       ?CreateInstance@?$CComCreator@V?$CComPolyObject@VCAxHostWindow@ATL@@@ATL@@@ATL@@SGJPAXABU_GUID@@PAPAX@Z 100117d0 f i ShowSelectCert.obj
 0001:00010980       ?Unlock@CComFakeCriticalSection@ATL@@QAEJXZ 10011980 f i XMLSign.obj
 0001:00010980       ?showmanyc@?$basic_streambuf@DU?$char_traits@D@std@@@std@@MAEHXZ 10011980 f i Signature.obj
 0001:00010980       ?FinalConstruct@CComObjectRootBase@ATL@@QAEJXZ 10011980 f i ShowSelectCert.obj
 0001:00010980       ?sync@?$basic_streambuf@DU?$char_traits@D@std@@@std@@MAEHXZ 10011980 f i Signature.obj
 0001:00010980       ?_AtlFinalConstruct@CComObjectRootBase@ATL@@QAEJXZ 10011980 f i ShowSelectCert.obj
 0001:00010980       ?Lock@CComFakeCriticalSection@ATL@@QAEJXZ 10011980 f i XMLSign.obj
 0001:000109a0       ?FinalRelease@CComObjectRootBase@ATL@@QAEXXZ 100119a0 f i ShowSelectCert.obj
 0001:000109a0       ?InternalFinalConstructAddRef@CComObjectRootBase@ATL@@QAEXXZ 100119a0 f i ShowSelectCert.obj
 0001:000109c0       ?InternalFinalConstructRelease@CComObjectRootBase@ATL@@QAEXXZ 100119c0 f i ShowSelectCert.obj
 0001:00010a10       ??1CWndProcThunk@ATL@@QAE@XZ 10011a10 f i ShowSelectCert.obj
 0001:00010a40       ??1CDynamicStdCallThunk@ATL@@QAE@XZ 10011a40 f i ShowSelectCert.obj
 0001:00010a90       ??0?$CWindowImplRoot@VCWindow@ATL@@@ATL@@QAE@XZ 10011a90 f i ShowSelectCert.obj
 0001:00010af0       ??0?$CComPolyObject@VCAxHostWindow@ATL@@@ATL@@QAE@PAX@Z 10011af0 f i ShowSelectCert.obj
 0001:00010bb0       ?FinalConstruct@?$CComPolyObject@VCAxHostWindow@ATL@@@ATL@@QAEJXZ 10011bb0 f i ShowSelectCert.obj
 0001:00010c10       ?InternalAddRef@?$CComObjectRootEx@VCComSingleThreadModel@ATL@@@ATL@@QAEKXZ 10011c10 f i ShowSelectCert.obj
 0001:00010c60       ?Increment@CComSingleThreadModel@ATL@@SGKPAJ@Z 10011c60 f i ShowSelectCert.obj
 0001:00010c80       ?InternalRelease@?$CComObjectRootEx@VCComSingleThreadModel@ATL@@@ATL@@QAEKXZ 10011c80 f i ShowSelectCert.obj
 0001:00010cf0       ?Decrement@CComSingleThreadModel@ATL@@SGKPAJ@Z 10011cf0 f i ShowSelectCert.obj
 0001:00010d10       ?QueryInterface@?$CComPolyObject@VCAxHostWindow@ATL@@@ATL@@UAGJABU_GUID@@PAPAX@Z 10011d10 f i ShowSelectCert.obj
 0001:00010dc0       ?InlineIsEqualUnknown@ATL@@YGHABU_GUID@@@Z 10011dc0 f i ShowSelectCert.obj
 0001:00010e10       ?_InternalQueryInterface@CAxHostWindow@ATL@@QAEJABU_GUID@@PAPAX@Z 10011e10 f i ShowSelectCert.obj
 0001:00010e50       ?InternalQueryInterface@CComObjectRootBase@ATL@@SGJPAXPBU_ATL_INTMAP_ENTRY@2@ABU_GUID@@PAPAX@Z 10011e50 f i ShowSelectCert.obj
 0001:00010f00       ?_GetEntries@CAxHostWindow@ATL@@SGPBU_ATL_INTMAP_ENTRY@2@XZ 10011f00 f i ShowSelectCert.obj
 0001:00010f10       ??0CWndProcThunk@ATL@@QAE@XZ 10011f10 f i ShowSelectCert.obj
 0001:00010f40       ??_G?$CComPolyObject@VCAxHostWindow@ATL@@@ATL@@UAEPAXI@Z 10011f40 f i ShowSelectCert.obj
 0001:00010f40       ??_E?$CComPolyObject@VCAxHostWindow@ATL@@@ATL@@UAEPAXI@Z 10011f40 f i ShowSelectCert.obj
 0001:00010f80       ??1?$CComPolyObject@VCAxHostWindow@ATL@@@ATL@@UAE@XZ 10011f80 f i ShowSelectCert.obj
 0001:00011010       ??1?$CComContainedObject@VCAxHostWindow@ATL@@@ATL@@UAE@XZ 10012010 f i ShowSelectCert.obj
 0001:00011040       ??1CAxHostWindow@ATL@@UAE@XZ 10012040 f i ShowSelectCert.obj
 0001:00011150       ??1?$CComPtr@UITypeInfo2@@@ATL@@QAE@XZ 10012150 f i ShowSelectCert.obj
 0001:00011150       ??1?$CComPtr@UIOleInPlaceFrame@@@ATL@@QAE@XZ 10012150 f i ShowSelectCert.obj
 0001:00011150       ??1?$CComPtr@UIDocHostUIHandlerDispatch@@@ATL@@QAE@XZ 10012150 f i ShowSelectCert.obj
 0001:00011150       ??1?$CComPtr@UIObjectWithSite@@@ATL@@QAE@XZ 10012150 f i ShowSelectCert.obj
 0001:00011150       ??1?$CComPtr@UIClassFactory2@@@ATL@@QAE@XZ 10012150 f i ShowSelectCert.obj
 0001:00011150       ??1?$CComPtr@UIViewObjectEx@@@ATL@@QAE@XZ 10012150 f i ShowSelectCert.obj
 0001:00011150       ??1?$CComPtr@UIWebBrowser2@@@ATL@@QAE@XZ 10012150 f i ShowSelectCert.obj
 0001:00011150       ??1?$CComPtr@UIPersistStreamInit@@@ATL@@QAE@XZ 10012150 f i ShowSelectCert.obj
 0001:00011150       ??1?$CComPtr@UIOleClientSite@@@ATL@@QAE@XZ 10012150 f i ShowSelectCert.obj
 0001:00011150       ??1?$CComPtr@UIFontDisp@@@ATL@@QAE@XZ 10012150 f i ShowSelectCert.obj
 0001:00011150       ??1?$CComPtr@UIHTMLDocument2@@@ATL@@QAE@XZ 10012150 f i Signature.obj
 0001:00011150       ??1?$CComPtr@UIOleInPlaceUIWindow@@@ATL@@QAE@XZ 10012150 f i ShowSelectCert.obj
 0001:00011150       ??1?$CComPtr@UIServiceProvider@@@ATL@@QAE@XZ 10012150 f i ShowSelectCert.obj
 0001:00011150       ??1?$CComPtr@UIDispatch@@@ATL@@QAE@XZ 10012150 f i ShowSelectCert.obj
 0001:00011150       ??1?$CComPtr@UIOleObject@@@ATL@@QAE@XZ 10012150 f i ShowSelectCert.obj
 0001:00011150       ??1?$CComPtr@UIAdviseSink@@@ATL@@QAE@XZ 10012150 f i ShowSelectCert.obj
 0001:00011150       ??1?$CComPtr@UITypeInfo@@@ATL@@QAE@XZ 10012150 f i ShowSelectCert.obj
 0001:00011150       ??1?$CComPtr@UICatRegister@@@ATL@@QAE@XZ 10012150 f i XMLSign.obj
 0001:00011150       ??1?$CComPtr@UIOleInPlaceActiveObject@@@ATL@@QAE@XZ 10012150 f i ShowSelectCert.obj
 0001:00011150       ??1?$CComPtr@UIOleControl@@@ATL@@QAE@XZ 10012150 f i ShowSelectCert.obj
 0001:00011150       ??1?$CComPtr@UIPersistStream@@@ATL@@QAE@XZ 10012150 f i ShowSelectCert.obj
 0001:00011150       ??1?$CComPtr@UITypeLib@@@ATL@@QAE@XZ 10012150 f i ShowSelectCert.obj
 0001:00011150       ??1?$CComPtr@UIAxWinHostWindowLic@@@ATL@@QAE@XZ 10012150 f i ShowSelectCert.obj
 0001:00011150       ??1?$CComPtr@UIUnknown@@@ATL@@QAE@XZ 10012150 f i ShowSelectCert.obj
 0001:00011150       ??1?$CComPtr@UIStream@@@ATL@@QAE@XZ 10012150 f i ShowSelectCert.obj
 0001:00011150       ??1?$CComPtr@UIOleInPlaceObjectWindowless@@@ATL@@QAE@XZ 10012150 f i ShowSelectCert.obj
 0001:00011180       ??1?$IObjectWithSiteImpl@VCAxHostWindow@ATL@@@ATL@@UAE@XZ 10012180 f i ShowSelectCert.obj
 0001:000111b0       ?FinalRelease@?$CComPolyObject@VCAxHostWindow@ATL@@@ATL@@QAEXXZ 100121b0 f i ShowSelectCert.obj
 0001:000111f0       ?FinalRelease@CAxHostWindow@ATL@@QAEXXZ 100121f0 f i ShowSelectCert.obj
 0001:00011220       ?ReleaseAll@CAxHostWindow@ATL@@QAEXXZ 10012220 f i ShowSelectCert.obj
 0001:00011550       ??Dconst_iterator@?$basic_string@DU?$char_traits@D@std@@V?$_DebugHeapAllocator@D@2@@std@@QBEABDXZ 10012550 f i Signature.obj
 0001:00011550       ??B?$CComPtrBase@UIDocHostUIHandlerDispatch@@@ATL@@QBEPAUIDocHostUIHandlerDispatch@@XZ 10012550 f i ShowSelectCert.obj
 0001:00011550       ??B?$CTempBuffer@E$0BAA@VCCRTAllocator@ATL@@@ATL@@QBEPAEXZ 10012550 f i XMLSign.obj
 0001:00011550       ??B?$CComPtrBase@UIOleInPlaceUIWindow@@@ATL@@QBEPAUIOleInPlaceUIWindow@@XZ 10012550 f i ShowSelectCert.obj
 0001:00011550       ??Dconst_iterator@?$vector@PAUSECItemStr@@V?$allocator@PAUSECItemStr@@@std@@@std@@QBEABQAUSECItemStr@@XZ 10012550 f i CertVerify.obj
 0001:00011550       ?_Mynode@const_iterator@?$list@PAUAllocInfo@@V?$allocator@PAUAllocInfo@@@std@@@std@@QBEPAU_Node@?$_List_nod@PAUAllocInfo@@V?$allocator@PAUAllocInfo@@@std@@@3@XZ 10012550 f i xmlsigd_nss:DebugLog.obj
 0001:00011550       ??B?$CComPtrBase@UIObjectWithSite@@@ATL@@QBEPAUIObjectWithSite@@XZ 10012550 f i ShowSelectCert.obj
 0001:00011550       ?_Mynode@const_iterator@?$list@PAEV?$allocator@PAE@std@@@std@@QBEPAU_Node@?$_List_nod@PAEV?$allocator@PAE@std@@@3@XZ 10012550 f i CertVerify.obj
 0001:00011550       ??B?$CComPtrBase@UIViewObjectEx@@@ATL@@QBEPAUIViewObjectEx@@XZ 10012550 f i ShowSelectCert.obj
 0001:00011550       ??B?$CTempBuffer@D$0BAA@VCCRTAllocator@ATL@@@ATL@@QBEPADXZ 10012550 f i XMLSign.obj
 0001:00011550       ??B?$CComPtrBase@UIStream@@@ATL@@QBEPAUIStream@@XZ 10012550 f i ShowSelectCert.obj
 0001:00011550       ??BCComBSTR@ATL@@QBEPAGXZ  10012550 f i ShowSelectCert.obj
 0001:00011550       ??B?$CComPtrBase@UIDispatch@@@ATL@@QBEPAUIDispatch@@XZ 10012550 f i ShowSelectCert.obj
 0001:00011550       ??B?$CComPtrBase@UIUnknown@@@ATL@@QBEPAUIUnknown@@XZ 10012550 f i ShowSelectCert.obj
 0001:00011550       ??B?$CComPtrBase@UIPersistStream@@@ATL@@QBEPAUIPersistStream@@XZ 10012550 f i ShowSelectCert.obj
 0001:00011550       ??BCWindow@ATL@@QBEPAUHWND__@@XZ 10012550 f i ShowSelectCert.obj
 0001:00011550       ??B?$CSimpleStringT@D$0A@@ATL@@QBEPBDXZ 10012550 f i Signature.obj
 0001:00011550       ??B?$CComPtrBase@UIOleInPlaceObjectWindowless@@@ATL@@QBEPAUIOleInPlaceObjectWindowless@@XZ 10012550 f i ShowSelectCert.obj
 0001:00011550       ??B?$CTempBuffer@D$0EAA@VCCRTAllocator@ATL@@@ATL@@QBEPADXZ 10012550 f i XMLSign.obj
 0001:00011550       ??Dconst_iterator@?$basic_string@DU?$char_traits@D@std@@V?$allocator@D@2@@std@@QBEABDXZ 10012550 f i Signature.obj
 0001:00011550       ??B?$CComPtrBase@UIOleClientSite@@@ATL@@QBEPAUIOleClientSite@@XZ 10012550 f i ShowSelectCert.obj
 0001:00011550       ??B?$CComPtrBase@UITypeLib@@@ATL@@QBEPAUITypeLib@@XZ 10012550 f i XMLSign.obj
 0001:00011550       ??B?$CComPtrBase@UIPersistStreamInit@@@ATL@@QBEPAUIPersistStreamInit@@XZ 10012550 f i ShowSelectCert.obj
 0001:00011550       ?_Mynode@const_iterator@?$list@PAUTempFilePathInfo@@V?$allocator@PAUTempFilePathInfo@@@std@@@std@@QBEPAU_Node@?$_List_nod@PAUTempFilePathInfo@@V?$allocator@PAUTempFilePathInfo@@@std@@@3@XZ 10012550 f i Signature.obj
 0001:00011550       ??B?$CComPtrBase@UIAdviseSink@@@ATL@@QBEPAUIAdviseSink@@XZ 10012550 f i ShowSelectCert.obj
 0001:00011550       ??B?$CComPtrBase@UIWebBrowser2@@@ATL@@QBEPAUIWebBrowser2@@XZ 10012550 f i ShowSelectCert.obj
 0001:00011550       ??B?$CComPtrBase@UIOleObject@@@ATL@@QBEPAUIOleObject@@XZ 10012550 f i ShowSelectCert.obj
 0001:00011550       ??B?$CComPtrBase@UIOleInPlaceActiveObject@@@ATL@@QBEPAUIOleInPlaceActiveObject@@XZ 10012550 f i ShowSelectCert.obj
 0001:00011550       ??B?$CComPtrBase@UITypeInfo2@@@ATL@@QBEPAUITypeInfo2@@XZ 10012550 f i ShowSelectCert.obj
 0001:00011550       ??B?$CComPtrBase@UIServiceProvider@@@ATL@@QBEPAUIServiceProvider@@XZ 10012550 f i ShowSelectCert.obj
 0001:00011550       ??BCRegKey@ATL@@QBEPAUHKEY__@@XZ 10012550 f i XMLSign.obj
 0001:00011550       ??B?$CComPtrBase@UIOleControl@@@ATL@@QBEPAUIOleControl@@XZ 10012550 f i ShowSelectCert.obj
 0001:00011550       ??BCTraceCategory@ATL@@QBEKXZ 10012550 f i config.obj
 0001:00011550       ??B?$CComPtrBase@UIOleInPlaceFrame@@@ATL@@QBEPAUIOleInPlaceFrame@@XZ 10012550 f i ShowSelectCert.obj
 0001:00011570       ?Release@?$CComPtrBase@UIOleInPlaceObjectWindowless@@@ATL@@QAEXXZ 10012570 f i ShowSelectCert.obj
 0001:00011570       ?Release@?$CComPtrBase@UIOleInPlaceActiveObject@@@ATL@@QAEXXZ 10012570 f i ShowSelectCert.obj
 0001:00011570       ?Release@?$CComPtrBase@UIOleObject@@@ATL@@QAEXXZ 10012570 f i ShowSelectCert.obj
 0001:00011570       ?Release@?$CComPtrBase@UIOleInPlaceFrame@@@ATL@@QAEXXZ 10012570 f i ShowSelectCert.obj
 0001:00011570       ?Release@?$CComPtrBase@UIOleInPlaceUIWindow@@@ATL@@QAEXXZ 10012570 f i ShowSelectCert.obj
 0001:00011570       ?Release@?$CComPtrBase@UIUnknown@@@ATL@@QAEXXZ 10012570 f i ShowSelectCert.obj
 0001:00011570       ?Release@?$CComPtrBase@UIServiceProvider@@@ATL@@QAEXXZ 10012570 f i ShowSelectCert.obj
 0001:00011570       ?Release@?$CComPtrBase@UIViewObjectEx@@@ATL@@QAEXXZ 10012570 f i ShowSelectCert.obj
 0001:000115d0       ??0?$CComContainedObject@VCAxHostWindow@ATL@@@ATL@@QAE@PAX@Z 100125d0 f i ShowSelectCert.obj
 0001:00011670       ??0CAxHostWindow@ATL@@QAE@XZ 10012670 f i ShowSelectCert.obj
 0001:00011940       ?OnFinalMessage@CAxHostWindow@ATL@@UAEXPAUHWND__@@@Z 10012940 f i ShowSelectCert.obj
 0001:000119a0       ?ProcessWindowMessage@CAxHostWindow@ATL@@UAEHPAUHWND__@@IIJAAJK@Z 100129a0 f i ShowSelectCert.obj
 0001:00012370       ?OnForwardMsg@CAxHostWindow@ATL@@QAEJIIJAAH@Z 10013370 f i ShowSelectCert.obj
 0001:000124c0       ?OnGetUnknown@CAxHostWindow@ATL@@QAEJIIJAAH@Z 100134c0 f i ShowSelectCert.obj
 0001:00012520       ?OnGetControl@CAxHostWindow@ATL@@QAEJIIJAAH@Z 10013520 f i ShowSelectCert.obj
 0001:00012580       ?OnEraseBackground@CAxHostWindow@ATL@@QAEJIIJAAH@Z 10013580 f i ShowSelectCert.obj
 0001:000125c0       ?OnMouseActivate@CAxHostWindow@ATL@@QAEJIIJAAH@Z 100135c0 f i ShowSelectCert.obj
 0001:00012760       ?OnSetFocus@CAxHostWindow@ATL@@QAEJIIJAAH@Z 10013760 f i ShowSelectCert.obj
 0001:00012960       ?IsChild@CWindow@ATL@@QBEHPAUHWND__@@@Z 10013960 f i ShowSelectCert.obj
 0001:000129e0       ?OnKillFocus@CAxHostWindow@ATL@@QAEJIIJAAH@Z 100139e0 f i ShowSelectCert.obj
 0001:00012a20       ?OnSize@CAxHostWindow@ATL@@QAEJIIJAAH@Z 10013a20 f i ShowSelectCert.obj
 0001:00012ba0       ?OnDestroy@CAxHostWindow@ATL@@QAEJIIJAAH@Z 10013ba0 f i ShowSelectCert.obj
 0001:00012c20       ?OnWindowMessage@CAxHostWindow@ATL@@QAEJIIJAAH@Z 10013c20 f i ShowSelectCert.obj
 0001:00012d20       ?OnWindowlessMouseMessage@CAxHostWindow@ATL@@QAEJIIJAAH@Z 10013d20 f i ShowSelectCert.obj
 0001:00012e10       ?OnPaint@CAxHostWindow@ATL@@QAEJIIJAAH@Z 10013e10 f i ShowSelectCert.obj
 0001:00013200       ?GetClientRect@CWindow@ATL@@QBEHPAUtagRECT@@@Z 10014200 f i ShowSelectCert.obj
 0001:00013280       ?CreateControl@CAxHostWindow@ATL@@UAGJPBGPAUHWND__@@PAUIStream@@@Z 10014280 f i ShowSelectCert.obj
 0001:00013350       ?CreateControlEx@CAxHostWindow@ATL@@UAGJPBGPAUHWND__@@PAUIStream@@PAPAUIUnknown@@ABU_GUID@@PAU5@@Z 10014350 f i ShowSelectCert.obj
 0001:00013390       ?AttachControl@CAxHostWindow@ATL@@UAGJPAUIUnknown@@PAUHWND__@@@Z 10014390 f i ShowSelectCert.obj
 0001:00013490       ?RedrawWindow@CWindow@ATL@@QAEHPBUtagRECT@@PAUHRGN__@@I@Z 10014490 f i ShowSelectCert.obj
 0001:00013510       ?QueryControl@CAxHostWindow@ATL@@UAGJABU_GUID@@PAPAX@Z 10014510 f i ShowSelectCert.obj
 0001:000135a0       ?SetExternalDispatch@CAxHostWindow@ATL@@UAGJPAUIDispatch@@@Z 100145a0 f i ShowSelectCert.obj
 0001:000135c0       ?AtlComPtrAssign@ATL@@YGPAUIUnknown@@PAPAU2@PAU2@@Z 100145c0 f i ShowSelectCert.obj
 0001:00013630       ?SetExternalUIHandler@CAxHostWindow@ATL@@UAGJPAUIDocHostUIHandlerDispatch@@@Z 10014630 f i ShowSelectCert.obj
 0001:00013650       ?CreateControlLic@CAxHostWindow@ATL@@UAGJPBGPAUHWND__@@PAUIStream@@PAG@Z 10014650 f i ShowSelectCert.obj
 0001:00013720       ?CreateControlLicEx@CAxHostWindow@ATL@@UAGJPBGPAUHWND__@@PAUIStream@@PAPAUIUnknown@@ABU_GUID@@PAU5@PAG@Z 10014720 f i ShowSelectCert.obj
 0001:00013e20       ?ocslen@@YAHPBG@Z          10014e20 f i ShowSelectCert.obj
 0001:00013e50       ??0_variant_t@@QAE@XZ      10014e50 f i Signature.obj
 0001:00013e50       ??0CComVariant@ATL@@QAE@XZ 10014e50 f i ShowSelectCert.obj
 0001:00013e90       ??1CComVariant@ATL@@QAE@XZ 10014e90 f i ShowSelectCert.obj
 0001:00013ec0       ??0CComVariant@ATL@@QAE@PBG@Z 10014ec0 f i ShowSelectCert.obj
 0001:00013f00       ??4CComVariant@ATL@@QAEAAV01@PBG@Z 10014f00 f i ShowSelectCert.obj
 0001:00013f70       ?Clear@CComVariant@ATL@@QAEJXZ 10014f70 f i ShowSelectCert.obj
 0001:00013fb0       ?SetWindowLongA@CWindow@ATL@@QAEJHJ@Z 10014fb0 f i ShowSelectCert.obj
 0001:00014030       ?IsParentDialog@CWindow@ATL@@QAEHXZ 10015030 f i ShowSelectCert.obj
 0001:00014130       ?GetParent@CWindow@ATL@@QBE?AV12@XZ 10015130 f i ShowSelectCert.obj
 0001:000141b0       ?FindOneOf@CAtlModule@ATL@@SAPBDPBD0@Z 100151b0 f i ShowSelectCert.obj
 0001:00014250       ?ShowContextMenu@CAxHostWindow@ATL@@UAGJKPAUtagPOINT@@PAUIUnknown@@PAUIDispatch@@@Z 10015250 f i ShowSelectCert.obj
 0001:00014310       ?GetHostInfo@CAxHostWindow@ATL@@UAGJPAU_DOCHOSTUIINFO@@@Z 10015310 f i ShowSelectCert.obj
 0001:000143a0       ?ShowUI@CAxHostWindow@ATL@@UAGJKPAUIOleInPlaceActiveObject@@PAUIOleCommandTarget@@PAUIOleInPlaceFrame@@PAUIOleInPlaceUIWindow@@@Z 100153a0 f i ShowSelectCert.obj
 0001:00014460       ?HideUI@CAxHostWindow@ATL@@UAGJXZ 10015460 f i ShowSelectCert.obj
 0001:000144d0       ?UpdateUI@CAxHostWindow@ATL@@UAGJXZ 100154d0 f i ShowSelectCert.obj
 0001:00014540       ?EnableModeless@CAxHostWindow@ATL@@UAGJH@Z 10015540 f i ShowSelectCert.obj
 0001:000145b0       ?OnDocWindowActivate@CAxHostWindow@ATL@@UAGJH@Z 100155b0 f i ShowSelectCert.obj
 0001:00014620       ?OnFrameWindowActivate@CAxHostWindow@ATL@@UAGJH@Z 10015620 f i ShowSelectCert.obj
 0001:00014690       ?ResizeBorder@CAxHostWindow@ATL@@UAGJPBUtagRECT@@PAUIOleInPlaceUIWindow@@H@Z 10015690 f i ShowSelectCert.obj
 0001:00014720       ?TranslateAcceleratorA@CAxHostWindow@ATL@@UAGJPAUtagMSG@@PBU_GUID@@K@Z 10015720 f i ShowSelectCert.obj
 0001:00014830       ??0CComBSTR@ATL@@QAE@ABU_GUID@@@Z 10015830 f i ShowSelectCert.obj
 0001:000148f0       ?GetOptionKeyPath@CAxHostWindow@ATL@@UAGJPAPAGK@Z 100158f0 f i ShowSelectCert.obj
 0001:00014a00       ?ocscpy@@YAPAGPAGPBG@Z     10015a00 f i ShowSelectCert.obj
 0001:00014a40       ?ByteLength@CComBSTR@ATL@@QBEIXZ 10015a40 f i ShowSelectCert.obj
 0001:00014aa0       ?GetDropTarget@CAxHostWindow@ATL@@UAGJPAUIDropTarget@@PAPAU3@@Z 10015aa0 f i ShowSelectCert.obj
 0001:00014c20       ?GetExternal@CAxHostWindow@ATL@@UAGJPAPAUIDispatch@@@Z 10015c20 f i ShowSelectCert.obj
 0001:00014d10       ?TranslateUrl@CAxHostWindow@ATL@@UAGJKPAGPAPAG@Z 10015d10 f i ShowSelectCert.obj
 0001:00014ee0       ?FilterDataObject@CAxHostWindow@ATL@@UAGJPAUIDataObject@@PAPAU3@@Z 10015ee0 f i ShowSelectCert.obj
 0001:00015050       ?Invoke@CAxHostWindow@ATL@@UAGJJABU_GUID@@KGPAUtagDISPPARAMS@@PAUtagVARIANT@@PAUtagEXCEPINFO@@PAI@Z 10016050 f i ShowSelectCert.obj
 0001:00015130       ?FireAmbientPropertyChange@CAxHostWindow@ATL@@QAEJJ@Z 10016130 f i ShowSelectCert.obj
 0001:00015230       ?put_AllowWindowlessActivation@CAxHostWindow@ATL@@UAGJF@Z 10016230 f i ShowSelectCert.obj
 0001:00015260       ?get_AllowWindowlessActivation@CAxHostWindow@ATL@@UAGJPAF@Z 10016260 f i ShowSelectCert.obj
 0001:000152c0       ?put_BackColor@CAxHostWindow@ATL@@UAGJK@Z 100162c0 f i ShowSelectCert.obj
 0001:00015310       ?get_BackColor@CAxHostWindow@ATL@@UAGJPAK@Z 10016310 f i ShowSelectCert.obj
 0001:00015370       ?put_ForeColor@CAxHostWindow@ATL@@UAGJK@Z 10016370 f i ShowSelectCert.obj
 0001:000153a0       ?get_ForeColor@CAxHostWindow@ATL@@UAGJPAK@Z 100163a0 f i ShowSelectCert.obj
 0001:00015400       ?put_LocaleID@CAxHostWindow@ATL@@UAGJK@Z 10016400 f i ShowSelectCert.obj
 0001:00015430       ?get_LocaleID@CAxHostWindow@ATL@@UAGJPAK@Z 10016430 f i ShowSelectCert.obj
 0001:00015490       ?put_UserMode@CAxHostWindow@ATL@@UAGJF@Z 10016490 f i ShowSelectCert.obj
 0001:000154d0       ?get_UserMode@CAxHostWindow@ATL@@UAGJPAF@Z 100164d0 f i ShowSelectCert.obj
 0001:00015530       ?put_DisplayAsDefault@CAxHostWindow@ATL@@UAGJF@Z 10016530 f i ShowSelectCert.obj
 0001:00015570       ?get_DisplayAsDefault@CAxHostWindow@ATL@@UAGJPAF@Z 10016570 f i ShowSelectCert.obj
 0001:000155d0       ?put_Font@CAxHostWindow@ATL@@UAGJPAUIFontDisp@@@Z 100165d0 f i ShowSelectCert.obj
 0001:00015610       ?get_Font@CAxHostWindow@ATL@@UAGJPAPAUIFontDisp@@@Z 10016610 f i ShowSelectCert.obj
 0001:00015960       ?put_MessageReflect@CAxHostWindow@ATL@@UAGJF@Z 10016960 f i ShowSelectCert.obj
 0001:000159a0       ?get_MessageReflect@CAxHostWindow@ATL@@UAGJPAF@Z 100169a0 f i ShowSelectCert.obj
 0001:00015a00       ?get_ShowGrabHandles@CAxHostWindow@ATL@@UAGJPAF@Z 10016a00 f i ShowSelectCert.obj
 0001:00015a20       ?get_ShowHatching@CAxHostWindow@ATL@@UAGJPAF@Z 10016a20 f i ShowSelectCert.obj
 0001:00015a70       ?put_DocHostFlags@CAxHostWindow@ATL@@UAGJK@Z 10016a70 f i ShowSelectCert.obj
 0001:00015aa0       ?get_DocHostFlags@CAxHostWindow@ATL@@UAGJPAK@Z 10016aa0 f i ShowSelectCert.obj
 0001:00015b00       ?put_DocHostDoubleClickFlags@CAxHostWindow@ATL@@UAGJK@Z 10016b00 f i ShowSelectCert.obj
 0001:00015b20       ?get_DocHostDoubleClickFlags@CAxHostWindow@ATL@@UAGJPAK@Z 10016b20 f i ShowSelectCert.obj
 0001:00015b80       ?put_AllowContextMenu@CAxHostWindow@ATL@@UAGJF@Z 10016b80 f i ShowSelectCert.obj
 0001:00015bb0       ?get_AllowContextMenu@CAxHostWindow@ATL@@UAGJPAF@Z 10016bb0 f i ShowSelectCert.obj
 0001:00015c10       ?put_AllowShowUI@CAxHostWindow@ATL@@UAGJF@Z 10016c10 f i ShowSelectCert.obj
 0001:00015c40       ?get_AllowShowUI@CAxHostWindow@ATL@@UAGJPAF@Z 10016c40 f i ShowSelectCert.obj
 0001:00015ca0       ?put_OptionKeyPath@CAxHostWindow@ATL@@UAGJPAG@Z 10016ca0 f i ShowSelectCert.obj
 0001:00015cd0       ?get_OptionKeyPath@CAxHostWindow@ATL@@UAGJPAPAG@Z 10016cd0 f i ShowSelectCert.obj
 0001:00015d30       ?SetAmbientDispatch@CAxHostWindow@ATL@@UAGJPAUIDispatch@@@Z 10016d30 f i ShowSelectCert.obj
 0001:00015d50       ?SetSite@CAxHostWindow@ATL@@UAGJPAUIUnknown@@@Z 10016d50 f i ShowSelectCert.obj
 0001:00015e30       ?SaveObject@CAxHostWindow@ATL@@UAGJXZ 10016e30 f i ShowSelectCert.obj
 0001:00015e90       ?GetMoniker@CAxHostWindow@ATL@@UAGJKKPAPAUIMoniker@@@Z 10016e90 f i ShowSelectCert.obj
 0001:00015ef0       ?GetContainer@CAxHostWindow@ATL@@UAGJPAPAUIOleContainer@@@Z 10016ef0 f i ShowSelectCert.obj
 0001:00016000       ?ShowObject@CAxHostWindow@ATL@@UAGJXZ 10017000 f i ShowSelectCert.obj
 0001:000160e0       ?GetDC@CWindow@ATL@@QAEPAUHDC__@@XZ 100170e0 f i ShowSelectCert.obj
 0001:00016150       ?ReleaseDC@CWindow@ATL@@QAEHPAUHDC__@@@Z 10017150 f i ShowSelectCert.obj
 0001:000161d0       ?OnShowWindow@CAxHostWindow@ATL@@UAGJH@Z 100171d0 f i ShowSelectCert.obj
 0001:00016230       ?RequestNewObjectLayout@CAxHostWindow@ATL@@UAGJXZ 10017230 f i ShowSelectCert.obj
 0001:00016290       ?GetWindow@CAxHostWindow@ATL@@UAGJPAPAUHWND__@@@Z 10017290 f i ShowSelectCert.obj
 0001:000162b0       ?ContextSensitiveHelp@CAxHostWindow@ATL@@UAGJH@Z 100172b0 f i ShowSelectCert.obj
 0001:00016310       ?OnInPlaceActivate@CAxHostWindow@ATL@@UAGJXZ 10017310 f i ShowSelectCert.obj
 0001:00016400       ?OnUIActivate@CAxHostWindow@ATL@@UAGJXZ 10017400 f i ShowSelectCert.obj
 0001:00016470       ?GetWindowContext@CAxHostWindow@ATL@@UAGJPAPAUIOleInPlaceFrame@@PAPAUIOleInPlaceUIWindow@@PAUtagRECT@@2PAUtagOIFI@@@Z 10017470 f i ShowSelectCert.obj
 0001:00016720       ?Scroll@CAxHostWindow@ATL@@UAGJUtagSIZE@@@Z 10017720 f i ShowSelectCert.obj
 0001:00016780       ?OnUIDeactivate@CAxHostWindow@ATL@@UAGJH@Z 10017780 f i ShowSelectCert.obj
 0001:000167f0       ?OnInPlaceDeactivate@CAxHostWindow@ATL@@UAGJXZ 100177f0 f i ShowSelectCert.obj
 0001:00016820       ?DiscardUndoState@CAxHostWindow@ATL@@UAGJXZ 10017820 f i ShowSelectCert.obj
 0001:00016880       ?DeactivateAndUndo@CAxHostWindow@ATL@@UAGJXZ 10017880 f i ShowSelectCert.obj
 0001:000168e0       ?OnPosRectChange@CAxHostWindow@ATL@@UAGJPBUtagRECT@@@Z 100178e0 f i ShowSelectCert.obj
 0001:00016940       ?OnInPlaceActivateEx@CAxHostWindow@ATL@@UAGJPAHK@Z 10017940 f i ShowSelectCert.obj
 0001:00016ae0       ?OnInPlaceDeactivateEx@CAxHostWindow@ATL@@UAGJH@Z 10017ae0 f i ShowSelectCert.obj
 0001:00016b10       ?CanWindowlessActivate@CAxHostWindow@ATL@@UAGJXZ 10017b10 f i ShowSelectCert.obj
 0001:00016b30       ?GetCapture@CAxHostWindow@ATL@@UAGJXZ 10017b30 f i ShowSelectCert.obj
 0001:00016b50       ?SetCapture@CAxHostWindow@ATL@@UAGJH@Z 10017b50 f i ShowSelectCert.obj
 0001:00016bb0       ?SetCapture@CWindow@ATL@@QAEPAUHWND__@@XZ 10017bb0 f i ShowSelectCert.obj
 0001:00016c20       ?GetFocus@CAxHostWindow@ATL@@UAGJXZ 10017c20 f i ShowSelectCert.obj
 0001:00016c40       ?SetFocus@CAxHostWindow@ATL@@UAGJH@Z 10017c40 f i ShowSelectCert.obj
 0001:00016c70       ?GetDC@CAxHostWindow@ATL@@UAGJPBUtagRECT@@KPAPAUHDC__@@@Z 10017c70 f i ShowSelectCert.obj
 0001:00016e40       ?ReleaseDC@CAxHostWindow@ATL@@UAGJPAUHDC__@@@Z 10017e40 f i ShowSelectCert.obj
 0001:00016f20       ?InvalidateRect@CAxHostWindow@ATL@@UAGJPBUtagRECT@@H@Z 10017f20 f i ShowSelectCert.obj
 0001:00016f50       ?InvalidateRect@CWindow@ATL@@QAEHPBUtagRECT@@H@Z 10017f50 f i ShowSelectCert.obj
 0001:00016fd0       ?InvalidateRgn@CAxHostWindow@ATL@@UAGJPAUHRGN__@@H@Z 10017fd0 f i ShowSelectCert.obj
 0001:00017000       ?InvalidateRgn@CWindow@ATL@@QAEXPAUHRGN__@@H@Z 10018000 f i ShowSelectCert.obj
 0001:00017080       ?ScrollRect@CAxHostWindow@ATL@@UAGJHHPBUtagRECT@@0@Z 10018080 f i ShowSelectCert.obj
 0001:00017090       ?OnDefWindowMessage@CAxHostWindow@ATL@@UAGJIIJPAJ@Z 10018090 f i ShowSelectCert.obj
 0001:000170c0       ?RequestUIActivate@CAxHostWindow@ATL@@UAGJXZ 100180c0 f i ShowSelectCert.obj
 0001:000170c0       ?OnControlInfoChanged@CAxHostWindow@ATL@@UAGJXZ 100180c0 f i ShowSelectCert.obj
 0001:000170c0       ?CanInPlaceActivate@CAxHostWindow@ATL@@UAGJXZ 100180c0 f i ShowSelectCert.obj
 0001:000170d0       ?GetExtendedControl@CAxHostWindow@ATL@@UAGJPAPAUIDispatch@@@Z 100180d0 f i ShowSelectCert.obj
 0001:00017100       ?TransformCoords@CAxHostWindow@ATL@@UAGJPAU_POINTL@@PAUtagPOINTF@@K@Z 10018100 f i ShowSelectCert.obj
 0001:00017160       ?OnFocus@CAxHostWindow@ATL@@UAGJH@Z 10018160 f i ShowSelectCert.obj
 0001:00017190       ?ShowPropertyFrame@CAxHostWindow@ATL@@UAGJXZ 10018190 f i ShowSelectCert.obj
 0001:000171f0       ?OnDataChange@CAxHostWindow@ATL@@UAGXPAUtagFORMATETC@@PAUtagSTGMEDIUM@@@Z 100181f0 f i ShowSelectCert.obj
 0001:000171f0       ?OnViewChange@CAxHostWindow@ATL@@UAGXKJ@Z 100181f0 f i ShowSelectCert.obj
 0001:00017200       ?OnRename@CAxHostWindow@ATL@@UAGXPAUIMoniker@@@Z 10018200 f i ShowSelectCert.obj
 0001:00017210       ?ObjectMain@CComObjectRootBase@ATL@@SGX_N@Z 10018210 f i XMLSign.obj
 0001:00017210       ?OnSave@CAxHostWindow@ATL@@UAGXXZ 10018210 f i ShowSelectCert.obj
 0001:00017210       ?OnClose@CAxHostWindow@ATL@@UAGXXZ 10018210 f i ShowSelectCert.obj
 0001:00017220       ?ParseDisplayName@CAxHostWindow@ATL@@UAGJPAUIBindCtx@@PAGPAKPAPAUIMoniker@@@Z 10018220 f i ShowSelectCert.obj
 0001:00017280       ?EnumObjects@CAxHostWindow@ATL@@UAGJKPAPAUIEnumUnknown@@@Z 10018280 f i ShowSelectCert.obj
 0001:00017420       ?LockContainer@CAxHostWindow@ATL@@UAGJH@Z 10018420 f i ShowSelectCert.obj
 0001:00017450       ?ActivateAx@CAxHostWindow@ATL@@QAEJPAUIUnknown@@_NPAUIStream@@@Z 10018450 f i ShowSelectCert.obj
 0001:00017ca0       ?SubclassWindow@CAxHostWindow@ATL@@QAEXPAUHWND__@@@Z 10018ca0 f i ShowSelectCert.obj
 0001:00017d00       ?ReleaseWindow@CAxHostWindow@ATL@@QAEXXZ 10018d00 f i ShowSelectCert.obj
 0001:00017d60       ?ReflectNotifications@CAxHostWindow@ATL@@QAEJIIJAAH@Z 10018d60 f i ShowSelectCert.obj
 0001:00018090       ?QueryService@CAxHostWindow@ATL@@UAGJABU_GUID@@0PAPAX@Z 10019090 f i ShowSelectCert.obj
 0001:00018160       ??0?$CWindowImpl@VCAxHostWindow@ATL@@VCWindow@2@V?$CWinTraits@$0FGAAAAAA@$0A@@2@@ATL@@QAE@XZ 10019160 f i ShowSelectCert.obj
 0001:00018160       ??0?$CWindowImpl@VCAxFrameWindow@ATL@@VCWindow@2@V?$CWinTraits@$0FGAAAAAA@$0A@@2@@ATL@@QAE@XZ 10019160 f i ShowSelectCert.obj
 0001:00018160       ??0?$CWindowImpl@VCAxUIWindow@ATL@@VCWindow@2@V?$CWinTraits@$0FGAAAAAA@$0A@@2@@ATL@@QAE@XZ 10019160 f i ShowSelectCert.obj
 0001:00018190       ??0IOleInPlaceSiteWindowless@@QAE@XZ 10019190 f i ShowSelectCert.obj
 0001:00018190       ??0?$IDispatchImpl@UIAxWinAmbientDispatchEx@@$1?_GUID_b2d0778b_ac99_4c58_a5c8_e7724e5316b5@@3U__s_GUID@@B$1?m_libid@CAtlModule@ATL@@2U_GUID@@A$0PPPP@$0PPPP@VCComTypeInfoHolder@ATL@@@ATL@@QAE@XZ 10019190 f i ShowSelectCert.obj
 0001:000181c0       ??0IOleInPlaceSite@@QAE@XZ 100191c0 f i ShowSelectCert.obj
 0001:000181c0       ??0IOleContainer@@QAE@XZ   100191c0 f i ShowSelectCert.obj
 0001:000181c0       ??0IAxWinAmbientDispatch@@QAE@XZ 100191c0 f i ShowSelectCert.obj
 0001:000181c0       ??0ISignature@@QAE@XZ      100191c0 f i Signature.obj
 0001:000181c0       ??0IOleInPlaceUIWindow@@QAE@XZ 100191c0 f i ShowSelectCert.obj
 0001:000181c0       ??0IAxWinHostWindowLic@@QAE@XZ 100191c0 f i ShowSelectCert.obj
 0001:000181f0       ??0?$IObjectWithSiteImpl@VCAxHostWindow@ATL@@@ATL@@QAE@XZ 100191f0 f i ShowSelectCert.obj
 0001:00018230       ??1?$CComQIPtr@UIPersistStream@@$1?_GUID_00000109_0000_0000_c000_000000000046@@3U__s_GUID@@B@ATL@@QAE@XZ 10019230 f i ShowSelectCert.obj
 0001:00018230       ??1?$CComQIPtr@UIOleInPlaceActiveObject@@$1?_GUID_00000117_0000_0000_c000_000000000046@@3U__s_GUID@@B@ATL@@QAE@XZ 10019230 f i ShowSelectCert.obj
 0001:00018230       ??1?$CComQIPtr@UIPersistStreamInit@@$1?_GUID_7fd52380_4e07_101b_ae2d_08002b2ec713@@3U__s_GUID@@B@ATL@@QAE@XZ 10019230 f i ShowSelectCert.obj
 0001:00018230       ??1?$CComQIPtr@UIOleControl@@$1?_GUID_b196b288_bab4_101a_b69c_00aa00341d07@@3U__s_GUID@@B@ATL@@QAE@XZ 10019230 f i ShowSelectCert.obj
 0001:00018230       ??1?$CComQIPtr@UIAdviseSink@@$1?_GUID_0000010f_0000_0000_c000_000000000046@@3U__s_GUID@@B@ATL@@QAE@XZ 10019230 f i ShowSelectCert.obj
 0001:00018230       ??1?$CComQIPtr@UIOleClientSite@@$1?_GUID_00000118_0000_0000_c000_000000000046@@3U__s_GUID@@B@ATL@@QAE@XZ 10019230 f i ShowSelectCert.obj
 0001:00018260       ??0IRegistrarBase@@QAE@XZ  10019260 f i XMLSign.obj
 0001:00018260       ??0IEnumUnknown@@QAE@XZ    10019260 f i ShowSelectCert.obj
 0001:00018260       ??0?$_DebugHeapAllocator@D@std@@QAE@XZ 10019260 f i Signature.obj
 0001:00018260       ??0IOleClientSite@@QAE@XZ  10019260 f i ShowSelectCert.obj
 0001:00018260       ??0IParseDisplayName@@QAE@XZ 10019260 f i ShowSelectCert.obj
 0001:00018260       ??0IDispatch@@QAE@XZ       10019260 f i ShowSelectCert.obj
 0001:00018260       ??0IDocHostUIHandler@@QAE@XZ 10019260 f i ShowSelectCert.obj
 0001:00018260       ??0IObjectWithSite@@QAE@XZ 10019260 f i ShowSelectCert.obj
 0001:00018260       ??0IAdviseSink@@QAE@XZ     10019260 f i ShowSelectCert.obj
 0001:00018260       ??0IServiceProvider@@QAE@XZ 10019260 f i ShowSelectCert.obj
 0001:00018260       ??0IOleWindow@@QAE@XZ      10019260 f i ShowSelectCert.obj
 0001:00018260       ??0IAxWinHostWindow@@QAE@XZ 10019260 f i ShowSelectCert.obj
 0001:00018260       ??0IOleControlSite@@QAE@XZ 10019260 f i ShowSelectCert.obj
 0001:00018260       ??0IOleCommandTarget@@QAE@XZ 10019260 f i Signature.obj
 0001:00018260       ??0IClassFactory@@QAE@XZ   10019260 f i XMLSign.obj
 0001:00018290       ?AtlHiMetricToPixel@ATL@@YGXPBUtagSIZE@@PAU2@@Z 10019290 f i ShowSelectCert.obj
 0001:00018390       ?AtlPixelToHiMetric@ATL@@YGXPBUtagSIZE@@PAU2@@Z 10019390 f i ShowSelectCert.obj
 0001:00018490       ??0?$CComPtr@UIUnknown@@@ATL@@QAE@PAUIUnknown@@@Z 10019490 f i ShowSelectCert.obj
 0001:000184c0       ??I?$CComPtrBase@UIServiceProvider@@@ATL@@QAEPAPAUIServiceProvider@@XZ 100194c0 f i ShowSelectCert.obj
 0001:000184c0       ??I?$CComPtrBase@UIUnknown@@@ATL@@QAEPAPAUIUnknown@@XZ 100194c0 f i ShowSelectCert.obj
 0001:000184c0       ??I?$CComPtrBase@UIStream@@@ATL@@QAEPAPAUIStream@@XZ 100194c0 f i ShowSelectCert.obj
 0001:000184c0       ??I?$CComPtrBase@UICatRegister@@@ATL@@QAEPAPAUICatRegister@@XZ 100194c0 f i XMLSign.obj
 0001:000184c0       ??I?$CComPtrBase@UIViewObjectEx@@@ATL@@QAEPAPAUIViewObjectEx@@XZ 100194c0 f i ShowSelectCert.obj
 0001:000184c0       ??I?$CComPtrBase@UIAxWinHostWindowLic@@@ATL@@QAEPAPAUIAxWinHostWindowLic@@XZ 100194c0 f i ShowSelectCert.obj
 0001:000184c0       ??I?$CComPtrBase@UIHTMLDocument2@@@ATL@@QAEPAPAUIHTMLDocument2@@XZ 100194c0 f i Signature.obj
 0001:000184c0       ??I?$CComPtrBase@UITypeInfo2@@@ATL@@QAEPAPAUITypeInfo2@@XZ 100194c0 f i ShowSelectCert.obj
 0001:000184c0       ??I?$CComPtrBase@UIOleClientSite@@@ATL@@QAEPAPAUIOleClientSite@@XZ 100194c0 f i ShowSelectCert.obj
 0001:000184c0       ??I?$CComPtrBase@UIWebBrowser2@@@ATL@@QAEPAPAUIWebBrowser2@@XZ 100194c0 f i ShowSelectCert.obj
 0001:000184c0       ??I?$CComPtrBase@UIClassFactory2@@@ATL@@QAEPAPAUIClassFactory2@@XZ 100194c0 f i ShowSelectCert.obj
 0001:000184c0       ??I?$CComPtrBase@UITypeInfo@@@ATL@@QAEPAPAUITypeInfo@@XZ 100194c0 f i ShowSelectCert.obj
 0001:000184c0       ??I?$CComPtrBase@UIOleInPlaceObjectWindowless@@@ATL@@QAEPAPAUIOleInPlaceObjectWindowless@@XZ 100194c0 f i ShowSelectCert.obj
 0001:000184c0       ??I?$CComPtrBase@UIObjectWithSite@@@ATL@@QAEPAPAUIObjectWithSite@@XZ 100194c0 f i ShowSelectCert.obj
 0001:000184c0       ??I?$CComPtrBase@UITypeLib@@@ATL@@QAEPAPAUITypeLib@@XZ 100194c0 f i ShowSelectCert.obj
 0001:000184c0       ??I?$CComPtrBase@UIFontDisp@@@ATL@@QAEPAPAUIFontDisp@@XZ 100194c0 f i ShowSelectCert.obj
 0001:000184c0       ??I?$CComPtrBase@UIPersistStreamInit@@@ATL@@QAEPAPAUIPersistStreamInit@@XZ 100194c0 f i ShowSelectCert.obj
 0001:000184c0       ??I?$CComPtrBase@UIOleInPlaceUIWindow@@@ATL@@QAEPAPAUIOleInPlaceUIWindow@@XZ 100194c0 f i ShowSelectCert.obj
 0001:000184c0       ??I?$CComPtrBase@UIOleInPlaceFrame@@@ATL@@QAEPAPAUIOleInPlaceFrame@@XZ 100194c0 f i ShowSelectCert.obj
 0001:000184c0       ??I?$CComPtrBase@UIOleObject@@@ATL@@QAEPAPAUIOleObject@@XZ 100194c0 f i ShowSelectCert.obj
 0001:00018510       ??0?$CWindowImplBaseT@VCWindow@ATL@@V?$CWinTraits@$0FGAAAAAA@$0A@@2@@ATL@@QAE@XZ 10019510 f i ShowSelectCert.obj
 0001:00018550       ?GetWindowProc@?$CWindowImplBaseT@VCWindow@ATL@@V?$CWinTraits@$0FGAAAAAA@$0A@@2@@ATL@@UAEP6GJPAUHWND__@@IIJ@ZXZ 10019550 f i ShowSelectCert.obj
 0001:00018570       ?DestroyWindow@?$CWindowImplBaseT@VCWindow@ATL@@V?$CWinTraits@$0FGAAAAAA@$0A@@2@@ATL@@QAEHXZ 10019570 f i ShowSelectCert.obj
 0001:000185e0       ?DefWindowProcA@?$CWindowImplBaseT@VCWindow@ATL@@V?$CWinTraits@$0FGAAAAAA@$0A@@2@@ATL@@QAEJXZ 100195e0 f i ShowSelectCert.obj
 0001:00018650       ?DefWindowProcA@?$CWindowImplBaseT@VCWindow@ATL@@V?$CWinTraits@$0FGAAAAAA@$0A@@2@@ATL@@QAEJIIJ@Z 10019650 f i ShowSelectCert.obj
 0001:000186a0       ?SetSite@?$IObjectWithSiteImpl@VCAxHostWindow@ATL@@@ATL@@UAGJPAUIUnknown@@@Z 100196a0 f i ShowSelectCert.obj
 0001:00018730       ?GetSite@?$IObjectWithSiteImpl@VCAxHostWindow@ATL@@@ATL@@UAGJABU_GUID@@PAPAX@Z 10019730 f i ShowSelectCert.obj
 0001:00018830       ?GetTypeInfoCount@?$IDispatchImpl@UISignature@@$1?IID_ISignature@@3U_GUID@@B$1?LIBID_XMLSIGNLib@@3U3@B$00$0A@VCComTypeInfoHolder@ATL@@@ATL@@UAGJPAI@Z 10019830 f i XMLSign.obj
 0001:00018830       ?GetTypeInfoCount@?$IDispatchImpl@UIAxWinAmbientDispatchEx@@$1?_GUID_b2d0778b_ac99_4c58_a5c8_e7724e5316b5@@3U__s_GUID@@B$1?m_libid@CAtlModule@ATL@@2U_GUID@@A$0PPPP@$0PPPP@VCComTypeInfoHolder@ATL@@@ATL@@UAGJPAI@Z 10019830 f i ShowSelectCert.obj
 0001:00018850       ?GetTypeInfo@?$IDispatchImpl@UIAxWinAmbientDispatchEx@@$1?_GUID_b2d0778b_ac99_4c58_a5c8_e7724e5316b5@@3U__s_GUID@@B$1?m_libid@CAtlModule@ATL@@2U_GUID@@A$0PPPP@$0PPPP@VCComTypeInfoHolder@ATL@@@ATL@@UAGJIKPAPAUITypeInfo@@@Z 10019850 f i ShowSelectCert.obj
 0001:00018880       ?GetTypeInfo@CComTypeInfoHolder@ATL@@QAEJIKPAPAUITypeInfo@@@Z 10019880 f i ShowSelectCert.obj
 0001:000188b0       ?GetTI@CComTypeInfoHolder@ATL@@QAEJKPAPAUITypeInfo@@@Z 100198b0 f i ShowSelectCert.obj
 0001:00018970       ?GetTI@CComTypeInfoHolder@ATL@@QAEJK@Z 10019970 f i ShowSelectCert.obj
 0001:00019390       _InlineIsEqualGUID         1001a390 f i ShowSelectCert.obj
 0001:000193f0       ?AddTermFunc@CAtlModule@ATL@@QAEJP6GXK@ZK@Z 1001a3f0 f i ShowSelectCert.obj
 0001:00019440       ?Cleanup@CComTypeInfoHolder@ATL@@SGXK@Z 1001a440 f i ShowSelectCert.obj
 0001:00019510       ?LoadNameCache@CComTypeInfoHolder@ATL@@QAEJPAUITypeInfo@@@Z 1001a510 f i ShowSelectCert.obj
 0001:000197e0       ?Attach@CComBSTR@ATL@@QAEXPAG@Z 1001a7e0 f i ShowSelectCert.obj
 0001:00019830       ??0stringdispid@CComTypeInfoHolder@ATL@@QAE@XZ 1001a830 f i ShowSelectCert.obj
 0001:00019870       ??1?$CComPtrBase@UIStream@@@ATL@@QAE@XZ 1001a870 f i ShowSelectCert.obj
 0001:00019870       ??1?$CComPtrBase@UIOleObject@@@ATL@@QAE@XZ 1001a870 f i ShowSelectCert.obj
 0001:00019870       ??1?$CComPtrBase@UIPersistStream@@@ATL@@QAE@XZ 1001a870 f i ShowSelectCert.obj
 0001:00019870       ??1?$CComPtrBase@UIOleInPlaceActiveObject@@@ATL@@QAE@XZ 1001a870 f i ShowSelectCert.obj
 0001:00019870       ??1?$CComPtrBase@UIDocHostUIHandlerDispatch@@@ATL@@QAE@XZ 1001a870 f i ShowSelectCert.obj
 0001:00019870       ??1?$CComPtrBase@UIWebBrowser2@@@ATL@@QAE@XZ 1001a870 f i ShowSelectCert.obj
 0001:00019870       ??1?$CComPtrBase@UIOleInPlaceUIWindow@@@ATL@@QAE@XZ 1001a870 f i ShowSelectCert.obj
 0001:00019870       ??1?$CComPtrBase@UITypeInfo@@@ATL@@QAE@XZ 1001a870 f i ShowSelectCert.obj
 0001:00019870       ??1?$CComPtrBase@UIAxWinHostWindowLic@@@ATL@@QAE@XZ 1001a870 f i ShowSelectCert.obj
 0001:00019870       ??1?$CComPtrBase@UIHTMLDocument2@@@ATL@@QAE@XZ 1001a870 f i Signature.obj
 0001:00019870       ??1?$CComPtrBase@UIClassFactory2@@@ATL@@QAE@XZ 1001a870 f i ShowSelectCert.obj
 0001:00019870       ??1?$CComPtrBase@UITypeLib@@@ATL@@QAE@XZ 1001a870 f i ShowSelectCert.obj
 0001:00019870       ??1?$CComPtrBase@UIAdviseSink@@@ATL@@QAE@XZ 1001a870 f i ShowSelectCert.obj
 0001:00019870       ??1?$CComPtrBase@UIOleInPlaceObjectWindowless@@@ATL@@QAE@XZ 1001a870 f i ShowSelectCert.obj
 0001:00019870       ??1?$CComPtrBase@UITypeInfo2@@@ATL@@QAE@XZ 1001a870 f i ShowSelectCert.obj
 0001:00019870       ??1?$CComPtrBase@UIFontDisp@@@ATL@@QAE@XZ 1001a870 f i ShowSelectCert.obj
 0001:00019870       ??1?$CComPtrBase@UIOleControl@@@ATL@@QAE@XZ 1001a870 f i ShowSelectCert.obj
 0001:00019870       ??1?$CComPtrBase@UIDispatch@@@ATL@@QAE@XZ 1001a870 f i ShowSelectCert.obj
 0001:00019870       ??1?$CComPtrBase@UIPersistStreamInit@@@ATL@@QAE@XZ 1001a870 f i ShowSelectCert.obj
 0001:00019870       ??1?$CComPtrBase@UIUnknown@@@ATL@@QAE@XZ 1001a870 f i ShowSelectCert.obj
 0001:00019870       ??1?$CComPtrBase@UIObjectWithSite@@@ATL@@QAE@XZ 1001a870 f i ShowSelectCert.obj
 0001:00019870       ??1?$CComPtrBase@UIServiceProvider@@@ATL@@QAE@XZ 1001a870 f i ShowSelectCert.obj
 0001:00019870       ??1?$CComPtrBase@UIOleInPlaceFrame@@@ATL@@QAE@XZ 1001a870 f i ShowSelectCert.obj
 0001:00019870       ??1?$CComPtrBase@UICatRegister@@@ATL@@QAE@XZ 1001a870 f i XMLSign.obj
 0001:00019870       ??1?$CComPtrBase@UIViewObjectEx@@@ATL@@QAE@XZ 1001a870 f i ShowSelectCert.obj
 0001:00019870       ??1?$CComPtrBase@UIOleClientSite@@@ATL@@QAE@XZ 1001a870 f i ShowSelectCert.obj
 0001:000198b0       ??0?$CComPtr@UITypeInfo@@@ATL@@QAE@ABV01@@Z 1001a8b0 f i ShowSelectCert.obj
 0001:000198e0       ?Detach@CRegKey@ATL@@QAEPAUHKEY__@@XZ 1001a8e0 f i XMLSign.obj
 0001:000198e0       ?Detach@?$CComPtrBase@UIUnknown@@@ATL@@QAEPAUIUnknown@@XZ 1001a8e0 f i ShowSelectCert.obj
 0001:000198e0       ?Detach@CWindow@ATL@@QAEPAUHWND__@@XZ 1001a8e0 f i ShowSelectCert.obj
 0001:000198e0       ?Detach@CComBSTR@ATL@@QAEPAGXZ 1001a8e0 f i ShowSelectCert.obj
 0001:000198e0       ?Detach@?$CComPtrBase@UITypeInfo@@@ATL@@QAEPAUITypeInfo@@XZ 1001a8e0 f i ShowSelectCert.obj
 0001:00019910       ?GetIDsOfNames@?$IDispatchImpl@UIAxWinAmbientDispatchEx@@$1?_GUID_b2d0778b_ac99_4c58_a5c8_e7724e5316b5@@3U__s_GUID@@B$1?m_libid@CAtlModule@ATL@@2U_GUID@@A$0PPPP@$0PPPP@VCComTypeInfoHolder@ATL@@@ATL@@UAGJABU_GUID@@PAPAGIKPAJ@Z 1001a910 f i ShowSelectCert.obj
 0001:00019940       ?GetIDsOfNames@CComTypeInfoHolder@ATL@@QAEJABU_GUID@@PAPAGIKPAJ@Z 1001a940 f i ShowSelectCert.obj
 0001:00019a80       ?EnsureTI@CComTypeInfoHolder@ATL@@QAEJK@Z 1001aa80 f i ShowSelectCert.obj
 0001:00019ae0       ?Invoke@?$IDispatchImpl@UIAxWinAmbientDispatchEx@@$1?_GUID_b2d0778b_ac99_4c58_a5c8_e7724e5316b5@@3U__s_GUID@@B$1?m_libid@CAtlModule@ATL@@2U_GUID@@A$0PPPP@$0PPPP@VCComTypeInfoHolder@ATL@@@ATL@@UAGJJABU_GUID@@KGPAUtagDISPPARAMS@@PAUtagVARIANT@@PAUtagEXCEPINFO@@PAI@Z 1001aae0 f i ShowSelectCert.obj
 0001:00019b20       ?Invoke@CComTypeInfoHolder@ATL@@QAEJPAUIDispatch@@JABU_GUID@@KGPAUtagDISPPARAMS@@PAUtagVARIANT@@PAUtagEXCEPINFO@@PAI@Z 1001ab20 f i ShowSelectCert.obj
 0001:00019ba0       ??7?$CComPtrBase@UIOleInPlaceFrame@@@ATL@@QBE_NXZ 1001aba0 f i ShowSelectCert.obj
 0001:00019ba0       ??7?$CComPtrBase@UIOleInPlaceUIWindow@@@ATL@@QBE_NXZ 1001aba0 f i ShowSelectCert.obj
 0001:00019bc0       ?CopyTo@?$CComPtrBase@UIOleInPlaceFrame@@@ATL@@QAEJPAPAUIOleInPlaceFrame@@@Z 1001abc0 f i ShowSelectCert.obj
 0001:00019bc0       ?CopyTo@?$CComPtrBase@UIOleInPlaceUIWindow@@@ATL@@QAEJPAPAUIOleInPlaceUIWindow@@@Z 1001abc0 f i ShowSelectCert.obj
 0001:00019bc0       ?CopyTo@?$CComPtrBase@UIDispatch@@@ATL@@QAEJPAPAUIDispatch@@@Z 1001abc0 f i ShowSelectCert.obj
 0001:00019bc0       ?CopyTo@?$CComPtrBase@UIFontDisp@@@ATL@@QAEJPAPAUIFontDisp@@@Z 1001abc0 f i ShowSelectCert.obj
 0001:00019c50       ??8?$CComPtrBase@UIOleInPlaceObjectWindowless@@@ATL@@QBE_NPAUIOleInPlaceObjectWindowless@@@Z 1001ac50 f i ShowSelectCert.obj
 0001:00019c50       ??8?$CComPtrBase@UIFontDisp@@@ATL@@QBE_NPAUIFontDisp@@@Z 1001ac50 f i ShowSelectCert.obj
 0001:00019c50       ??8?$CComPtrBase@UIUnknown@@@ATL@@QBE_NPAUIUnknown@@@Z 1001ac50 f i ShowSelectCert.obj
 0001:00019c50       ??8?$CComPtrBase@UIViewObjectEx@@@ATL@@QBE_NPAUIViewObjectEx@@@Z 1001ac50 f i ShowSelectCert.obj
 0001:00019c80       ??4?$CComPtr@UIUnknown@@@ATL@@QAEPAUIUnknown@@PAU2@@Z 1001ac80 f i ShowSelectCert.obj
 0001:00019c80       ??4?$CComPtr@UIFontDisp@@@ATL@@QAEPAUIFontDisp@@PAU2@@Z 1001ac80 f i ShowSelectCert.obj
 0001:00019c80       ??4?$CComPtr@UIDocHostUIHandlerDispatch@@@ATL@@QAEPAUIDocHostUIHandlerDispatch@@PAU2@@Z 1001ac80 f i ShowSelectCert.obj
 0001:00019c80       ??4?$CComPtr@UIOleInPlaceActiveObject@@@ATL@@QAEPAUIOleInPlaceActiveObject@@PAU2@@Z 1001ac80 f i ShowSelectCert.obj
[...]
 0001:0010be10       $L227695                   1010ce10 f   Signature.obj
 0001:0010be18       __ehhandler$?overflow@?$basic_filebuf@DU?$char_traits@D@std@@@std@@MAEHH@Z 1010ce18 f   Signature.obj
 0001:0010be30       $L227890                   1010ce30 f   Signature.obj
 0001:0010be4c       __ehhandler$??0?$basic_ostream@DU?$char_traits@D@std@@@std@@QAE@PAV?$basic_streambuf@DU?$char_traits@D@std@@@1@_N@Z 1010ce4c f   Signature.obj
 0001:0010be60       __ehhandler$?_Buynode@?$list@PAUTempFilePathInfo@@V?$allocator@PAUTempFilePathInfo@@@std@@@std@@IAEPAU_Node@?$_List_nod@PAUTempFilePathInfo@@V?$allocator@PAUTempFilePathInfo@@@std@@@2@XZ 1010ce60 f   Signature.obj
 0001:0010be70       $L228022                   1010ce70 f   Signature.obj
 0001:0010be78       __ehhandler$?_Endwrite@?$basic_filebuf@DU?$char_traits@D@std@@@std@@IAE_NXZ 1010ce78 f   Signature.obj
 0001:0010be90       $L228040                   1010ce90 f   Signature.obj
 0001:0010beac       __ehhandler$?_Initcvt@?$basic_filebuf@DU?$char_traits@D@std@@@std@@IAEXPAV?$codecvt@DDH@2@@Z 1010ceac f   Signature.obj
 0001:0010bec0       $L228075                   1010cec0 f   Signature.obj
 0001:0010bec0       $L228086                   1010cec0 f   Signature.obj
 0001:0010bec8       __ehhandler$??1sentry@?$basic_ostream@DU?$char_traits@D@std@@@std@@QAE@XZ 1010cec8 f   Signature.obj
 0001:0010bec8       __ehhandler$??0sentry@?$basic_ostream@DU?$char_traits@D@std@@@std@@QAE@AAV12@@Z 1010cec8 f   Signature.obj
 0001:0010bee0       $L228197                   1010cee0 f   Signature.obj
 0001:0010bef1       __ehhandler$?_Buynode@?$list@PAUTempFilePathInfo@@V?$allocator@PAUTempFilePathInfo@@@std@@@std@@IAEPAU_Node@?$_List_nod@PAUTempFilePathInfo@@V?$allocator@PAUTempFilePathInfo@@@std@@@2@PAU342@0ABQAUTempFilePathInfo@@@Z 1010cef1 f   Signature.obj
 0001:0010bf00       $L228214                   1010cf00 f   Signature.obj
 0001:0010bf08       __ehhandler$?_Incsize@?$list@PAUTempFilePathInfo@@V?$allocator@PAUTempFilePathInfo@@@std@@@std@@IAEXI@Z 1010cf08 f   Signature.obj
 0001:0010bf20       __ehhandler$?_Copy@?$basic_string@DU?$char_traits@D@std@@V?$_DebugHeapAllocator@D@2@@std@@IAEXII@Z 1010cf20 f   Signature.obj
 0001:0010bf30       $L228358                   1010cf30 f   Signature.obj
 0001:0010bf30       $L227993                   1010cf30 f   Signature.obj
 0001:0010bf38       __ehhandler$?open@?$basic_filebuf@DU?$char_traits@D@std@@@std@@QAEPAV12@PBDHH@Z 1010cf38 f   Signature.obj
 0001:0010bf38       __ehhandler$?widen@?$basic_ios@DU?$char_traits@D@std@@@std@@QBEDD@Z 1010cf38 f   Signature.obj
 0001:0010bf50       $L228465                   1010cf50 f   Signature.obj
 0001:0010bf6c       __ehhandler$?_Getcat@?$ctype@D@std@@SAIPAPBVfacet@locale@2@@Z 1010cf6c f   Signature.obj
 0001:0010bf80       $L228475                   1010cf80 f   Signature.obj
 0001:0010bf88       $L228476                   1010cf88 f   Signature.obj
 0001:0010bf93       __ehhandler$??0?$ctype@D@std@@QAE@PBF_NI@Z 1010cf93 f   Signature.obj
 0001:0010bfa0       $L228527                   1010cfa0 f   Signature.obj
 0001:0010bfa8       __ehhandler$??1?$ctype@D@std@@MAE@XZ 1010cfa8 f   Signature.obj
 0001:0010bfc0       $L228537                   1010cfc0 f   Signature.obj
 0001:0010bfc8       $L228538                   1010cfc8 f   Signature.obj
 0001:0010bfe1       __ehhandler$??$?HDU?$char_traits@D@std@@V?$allocator@D@1@@std@@YA?AV?$basic_string@DU?$char_traits@D@std@@V?$allocator@D@2@@0@ABV10@PBD@Z 1010cfe1 f   Signature.obj
 0001:0010bff0       $L228562                   1010cff0 f   Signature.obj
 0001:0010bff8       __ehhandler$??$?6U?$char_traits@D@std@@@std@@YAAAV?$basic_ostream@DU?$char_traits@D@std@@@0@AAV10@PBD@Z 1010cff8 f   Signature.obj
 0001:0010c010       $L228601                   1010d010 f   Signature.obj
 0001:0010c010       $L228441                   1010d010 f   Signature.obj
 0001:0010c018       __ehhandler$??$use_facet@V?$codecvt@DDH@std@@@std@@YAABV?$codecvt@DDH@0@ABVlocale@0@@Z 1010d018 f   Signature.obj
 0001:0010c018       __ehhandler$??$use_facet@V?$ctype@D@std@@@std@@YAABV?$ctype@D@0@ABVlocale@0@@Z 1010d018 f   Signature.obj
 0001:0010c030       $L228653                   1010d030 f   Signature.obj
 0001:0010c04c       __ehhandler$?_Getcat@?$codecvt@DDH@std@@SAIPAPBVfacet@locale@2@@Z 1010d04c f   Signature.obj
 0001:0010c060       $L228667                   1010d060 f   Signature.obj
 0001:0010c068       $L228668                   1010d068 f   Signature.obj
 0001:0010c073       __ehhandler$??0?$codecvt@DDH@std@@QAE@I@Z 1010d073 f   Signature.obj
 0001:0010c080       $L166546                   1010d080 f   Sntp.obj
 0001:0010c08e       __ehhandler$?GetServerTime@CSNTPClient@@QAEHPBDAAUNtpServerResponse@@H@Z 1010d08e f   Sntp.obj
 0001:0010c0a0       $L211923                   1010d0a0 f   XMLSign.obj
 0001:0010c0ab       __ehhandler$??1CRegObject@ATL@@UAE@XZ 1010d0ab f   XMLSign.obj
 0001:0010c0c0       $L211932                   1010d0c0 f   XMLSign.obj
 0001:0010c0c8       __ehhandler$??1CExpansionVector@ATL@@QAE@XZ 1010d0c8 f   XMLSign.obj
 0001:0010c0e0       __ehhandler$?Add@CExpansionVector@ATL@@QAEHPBDPBG@Z 1010d0e0 f   XMLSign.obj
 0001:0010c0f0       $L212035                   1010d0f0 f   XMLSign.obj
 0001:0010c0f8       $L212036                   1010d0f8 f   XMLSign.obj
 0001:0010c103       __ehhandler$?RegisterFromResource@CRegObject@ATL@@IAEJPBGPBD1H@Z 1010d103 f   XMLSign.obj
 0001:0010c110       $L212112                   1010d110 f   XMLSign.obj
 0001:0010c118       __ehhandler$?PreProcessBuffer@CRegParser@ATL@@QAEJPADPAPAD@Z 1010d118 f   XMLSign.obj
 0001:0010c130       $L212140                   1010d130 f   XMLSign.obj
 0001:0010c138       __ehhandler$?AddString@CParseBuffer@CRegParser@ATL@@QAEHPBG@Z 1010d138 f   XMLSign.obj
 0001:0010c150       $L212176                   1010d150 f   XMLSign.obj
 0001:0010c158       $L212177                   1010d158 f   XMLSign.obj
 0001:0010c163       $L212178                   1010d163 f   XMLSign.obj
 0001:0010c16e       __ehhandler$?RegisterSubkeys@CRegParser@ATL@@IAEJPADPAUHKEY__@@HH@Z 1010d16e f   XMLSign.obj
 0001:0010c180       $L212277                   1010d180 f   XMLSign.obj
 0001:0010c18b       $L212278                   1010d18b f   XMLSign.obj
 0001:0010c196       $L212279                   1010d196 f   XMLSign.obj
 0001:0010c1a1       __ehhandler$?AddValue@CRegParser@ATL@@IAEJAAVCRegKey@2@PBDPAD@Z 1010d1a1 f   XMLSign.obj
 0001:0010c1b0       $L212444                   1010d1b0 f   XMLSign.obj
 0001:0010c1bb       __ehhandler$?CreateInstance@?$CComCreator@V?$CComObjectCached@VCComClassFactory@ATL@@@ATL@@@ATL@@SGJPAXABU_GUID@@PAPAX@Z 1010d1bb f   XMLSign.obj
 0001:0010c1d0       $L212477                   1010d1d0 f   XMLSign.obj
 0001:0010c1d8       __ehhandler$??0?$CComObjectCached@VCComClassFactory@ATL@@@ATL@@QAE@PAX@Z 1010d1d8 f   XMLSign.obj
 0001:0010c1f0       __ehhandler$?CreateInstance@?$CComCreator@V?$CComObject@VCSignature@@@ATL@@@ATL@@SGJPAXABU_GUID@@PAPAX@Z 1010d1f0 f   XMLSign.obj
 0001:0010c200       $L212590                   1010d200 f   XMLSign.obj
 0001:0010c20b       __ehhandler$?CreateInstance@?$CComCreator@V?$CComAggObject@VCSignature@@@ATL@@@ATL@@SGJPAXABU_GUID@@PAPAX@Z 1010d20b f   XMLSign.obj
 0001:0010c220       $L212613                   1010d220 f   XMLSign.obj
 0001:0010c228       $L212614                   1010d228 f   XMLSign.obj
 0001:0010c233       __ehhandler$??1?$CComObjectCached@VCComClassFactory@ATL@@@ATL@@UAE@XZ 1010d233 f   XMLSign.obj
 0001:0010c240       $L212792                   1010d240 f   XMLSign.obj
 0001:0010c240       $L212820                   1010d240 f   XMLSign.obj
 0001:0010c24b       __ehhandler$??1?$CComAggObject@VCSignature@@@ATL@@UAE@XZ 1010d24b f   XMLSign.obj
 0001:0010c24b       __ehhandler$??0?$CComAggObject@VCSignature@@@ATL@@QAE@PAX@Z 1010d24b f   XMLSign.obj
 0001:0010c260       $L213078                   1010d260 f   XMLSign.obj
 0001:0010c279       $L213079                   1010d279 f   XMLSign.obj
 0001:0010c293       __ehhandler$?InternalSetAtIndex@?$CSimpleMap@PADPAGVCExpansionVectorEqualHelper@ATL@@@ATL@@QAEXHABQADABQAG@Z 1010d293 f   XMLSign.obj
 0001:0010c2a0       $L213232                   1010d2a0 f   XMLSign.obj
 0001:0010c2a0       $L212059                   1010d2a0 f   XMLSign.obj
 0001:0010c2a0       $L213255                   1010d2a0 f   XMLSign.obj
 0001:0010c2a0       $L212009                   1010d2a0 f   XMLSign.obj
 0001:0010c2a0       $L211962                   1010d2a0 f   XMLSign.obj
 0001:0010c2a8       __ehhandler$?ResourceRegister@CRegObject@ATL@@QAGJPBGI0@Z 1010d2a8 f   XMLSign.obj
 0001:0010c2a8       __ehhandler$?AddReplacement@CRegObject@ATL@@UAGJPBG0@Z 1010d2a8 f   XMLSign.obj
 0001:0010c2a8       __ehhandler$?ResourceRegisterSz@CRegObject@ATL@@QAGJPBG00@Z 1010d2a8 f   XMLSign.obj
 0001:0010c2a8       __ehhandler$?ResourceUnregister@CRegObject@ATL@@QAGJPBGI0@Z 1010d2a8 f   XMLSign.obj
 0001:0010c2a8       __ehhandler$?ResourceUnregisterSz@CRegObject@ATL@@QAGJPBG00@Z 1010d2a8 f   XMLSign.obj
 0001:0010c2c0       __ehhandler$_AddLog        1010d2c0 f   xmlsigd_nss:DebugLog.obj
 0001:0010c2ca       __ehhandler$_AddLogDetail  1010d2ca f   xmlsigd_nss:DebugLog.obj
 0001:0010c2e0       __ehhandler$?_Buynode@?$list@PAUAllocInfo@@V?$allocator@PAUAllocInfo@@@std@@@std@@IAEPAU_Node@?$_List_nod@PAUAllocInfo@@V?$allocator@PAUAllocInfo@@@std@@@2@XZ 1010d2e0 f   xmlsigd_nss:DebugLog.obj
 0001:0010c2f0       $L101201                   1010d2f0 f   xmlsigd_nss:DebugLog.obj
 0001:0010c301       __ehhandler$?_Buynode@?$list@PAUAllocInfo@@V?$allocator@PAUAllocInfo@@@std@@@std@@IAEPAU_Node@?$_List_nod@PAUAllocInfo@@V?$allocator@PAUAllocInfo@@@std@@@2@PAU342@0ABQAUAllocInfo@@@Z 1010d301 f   xmlsigd_nss:DebugLog.obj
 0001:0010c310       $L101218                   1010d310 f   xmlsigd_nss:DebugLog.obj
 0001:0010c318       __ehhandler$?_Incsize@?$list@PAUAllocInfo@@V?$allocator@PAUAllocInfo@@@std@@@std@@IAEXI@Z 1010d318 f   xmlsigd_nss:DebugLog.obj
 0001:0010c330       $L12264                    1010d330 f   libcpmtd:string.obj
 0001:0010c330       $L12204                    1010d330 f   libcpmtd:string.obj
 0001:0010c338       __ehhandler$?_Xran@_String_base@std@@QBEXXZ 1010d338 f   libcpmtd:string.obj
 0001:0010c338       __ehhandler$?_Xlen@_String_base@std@@QBEXXZ 1010d338 f   libcpmtd:string.obj
 0001:0010c350       $L9002                     1010d350 f   libcpmtd:ios.obj
 0001:0010c358       $L9003                     1010d358 f   libcpmtd:ios.obj
 0001:0010c363       $L9004                     1010d363 f   libcpmtd:ios.obj
 0001:0010c36e       __ehhandler$?clear@ios_base@std@@QAEXH_N@Z 1010d36e f   libcpmtd:ios.obj
 0001:0010c380       $L9034                     1010d380 f   libcpmtd:ios.obj
 0001:0010c380       $L9052                     1010d380 f   libcpmtd:ios.obj
 0001:0010c380       $L9020                     1010d380 f   libcpmtd:ios.obj
 0001:0010c388       __ehhandler$??1runtime_error@std@@UAE@XZ 1010d388 f   libcpmtd:ios.obj
 0001:0010c388       __ehhandler$??0runtime_error@std@@QAE@ABV?$basic_string@DU?$char_traits@D@std@@V?$allocator@D@2@@1@@Z 1010d388 f   libcpmtd:ios.obj
 0001:0010c388       __ehhandler$??0runtime_error@std@@QAE@ABV01@@Z 1010d388 f   libcpmtd:ios.obj
 0001:0010c3a0       $L13361                    1010d3a0 f   libcpmtd:locale0.obj
 0001:0010c3a8       $L13362                    1010d3a8 f   libcpmtd:locale0.obj
 0001:0010c3c4       $L13363                    1010d3c4 f   libcpmtd:locale0.obj
 0001:0010c3cc       $L13364                    1010d3cc f   libcpmtd:locale0.obj
 0001:0010c3de       __ehhandler$?_Init@locale@std@@CAPAV_Locimp@12@XZ 1010d3de f   libcpmtd:locale0.obj
 0001:0010c3f0       $L13389                    1010d3f0 f   libcpmtd:locale0.obj
 0001:0010c40c       __ehhandler$?_Register@facet@locale@std@@QAEXXZ 1010d40c f   libcpmtd:locale0.obj
 0001:0010c420       $L13400                    1010d420 f   libcpmtd:locale0.obj
 0001:0010c428       __ehhandler$??0_Locimp@locale@std@@AAE@_N@Z 1010d428 f   libcpmtd:locale0.obj
 0001:0010c440       $L13418                    1010d440 f   libcpmtd:locale0.obj
 0001:0010c448       $L13419                    1010d448 f   libcpmtd:locale0.obj
 0001:0010c453       $L13420                    1010d453 f   libcpmtd:locale0.obj
 0001:0010c45b       __ehhandler$??1_Locimp@locale@std@@MAE@XZ 1010d45b f   libcpmtd:locale0.obj
 0001:0010c470       $L13431                    1010d470 f   libcpmtd:locale0.obj
 0001:0010c470       $L13444                    1010d470 f   libcpmtd:locale0.obj
 0001:0010c478       $L13445                    1010d478 f   libcpmtd:locale0.obj
 0001:0010c478       $L13432                    1010d478 f   libcpmtd:locale0.obj
 0001:0010c483       $L13446                    1010d483 f   libcpmtd:locale0.obj
 0001:0010c483       $L13433                    1010d483 f   libcpmtd:locale0.obj
 0001:0010c48e       $L13434                    1010d48e f   libcpmtd:locale0.obj
 0001:0010c48e       $L13447                    1010d48e f   libcpmtd:locale0.obj
 0001:0010c499       $L13435                    1010d499 f   libcpmtd:locale0.obj
 0001:0010c499       $L13448                    1010d499 f   libcpmtd:locale0.obj
 0001:0010c4a4       __ehhandler$??1_Locinfo@std@@QAE@XZ 1010d4a4 f   libcpmtd:locale0.obj
 0001:0010c4a4       __ehhandler$??0_Locinfo@std@@QAE@PBD@Z 1010d4a4 f   libcpmtd:locale0.obj
 0001:0010c4b0       __ehhandler$?ConvertBSTRToString@_com_util@@YGPADPAG@Z 1010d4b0 f   comsuppd:comutil.obj
 0001:0010c4c0       _$E1                       1010d4c0 f   CAMClient.obj
 0001:0010c4f0       _$E5                       1010d4f0 f   Signature.obj
 0001:0010c520       _$E8                       1010d520 f   Signature.obj
 0001:0010c550       _$E11                      1010d550 f   Signature.obj
 0001:0010c580       _$E14                      1010d580 f   Signature.obj
 0001:0010c5b0       _$E17                      1010d5b0 f   Signature.obj
 0001:0010c5e0       _$E20                      1010d5e0 f   Signature.obj
 0001:0010c610       _$E23                      1010d610 f   Signature.obj
 0001:0010c640       _$E26                      1010d640 f   Signature.obj
 0001:0010c670       _$E29                      1010d670 f   Signature.obj
 0001:0010c6a0       _$E32                      1010d6a0 f   Signature.obj
 0001:0010c6d0       _$E35                      1010d6d0 f   Signature.obj
 0001:0010c6f0       _$E5                       1010d6f0 f   XMLSign.obj
 0001:0010c720       _$E5                       1010d720 f   atlsd:atlbase.obj
 0001:0010c740       _$E5                       1010d740 f   atlsd:atltrace.obj
 0001:0010c760       _$E7                       1010d760 f   atlsd:atltrace.obj
 0001:0010c780       _$E9                       1010d780 f   atlsd:atltrace.obj
 0001:0010c7a0       _$E11                      1010d7a0 f   atlsd:atltrace.obj
 0001:0010c7c0       _$E13                      1010d7c0 f   atlsd:atltrace.obj
 0001:0010c7e0       _$E15                      1010d7e0 f   atlsd:atltrace.obj
 0001:0010c800       _$E17                      1010d800 f   atlsd:atltrace.obj
 0001:0010c820       _$E19                      1010d820 f   atlsd:atltrace.obj
 0001:0010c840       _$E21                      1010d840 f   atlsd:atltrace.obj
 0001:0010c860       _$E23                      1010d860 f   atlsd:atltrace.obj
 0001:0010c880       _$E25                      1010d880 f   atlsd:atltrace.obj
 0001:0010c8a0       _$E27                      1010d8a0 f   atlsd:atltrace.obj
 0001:0010c8c0       _$E29                      1010d8c0 f   atlsd:atltrace.obj
 0001:0010c8e0       _$E31                      1010d8e0 f   atlsd:atltrace.obj
 0001:0010c900       _$E33                      1010d900 f   atlsd:atltrace.obj
 0001:0010c920       _$E35                      1010d920 f   atlsd:atltrace.obj
 0001:0010c940       _$E37                      1010d940 f   atlsd:atltrace.obj
 0001:0010c960       _$E39                      1010d960 f   atlsd:atltrace.obj
 0001:0010c980       _$E41                      1010d980 f   atlsd:atltrace.obj
 0001:0010c9a0       _$E43                      1010d9a0 f   atlsd:atltrace.obj
 0001:0010c9c0       _$E45                      1010d9c0 f   atlsd:atltrace.obj
 0001:0010c9e0       _$E47                      1010d9e0 f   atlsd:atltrace.obj
 0001:0010ca00       _$E49                      1010da00 f   atlsd:atltrace.obj
 0001:0010ca20       _$E51                      1010da20 f   atlsd:atltrace.obj
 0001:0010ca40       _$E53                      1010da40 f   atlsd:atltrace.obj
 0001:0010ca60       _$E55                      1010da60 f   atlsd:atltrace.obj
 0001:0010ca80       _$E57                      1010da80 f   atlsd:atltrace.obj
 0001:0010caa0       _$E5                       1010daa0 f   atlsd:Externs.obj
 0001:0010cac0       _$E8                       1010dac0 f   atlsd:Externs.obj
 0001:0010cad0       _$E10                      1010dad0 f   atlsd:Externs.obj
 0001:0010cb00       _$E5                       1010db00 f   atlsd:atlstr.obj
 0001:0010cb30       _$E8                       1010db30 f   atlsd:atlstr.obj
 0001:0010cb60       _$E5                       1010db60 f   atlsd:atlcommodule.obj
 0001:0010cb80       _$E1                       1010db80 f   libcpmtd:xlock.obj
 0001:0010cba0       _$E1                       1010dba0 f   libcpmtd:locale0.obj
 0001:0010cbc0       _$E4                       1010dbc0 f   libcpmtd:locale0.obj
 0001:0010cbe0       _$E6                       1010dbe0 f   libcpmtd:locale0.obj
 0001:0010cc00       _$E8                       1010dc00 f   libcpmtd:locale0.obj
 0001:0010cc20       _$E10                      1010dc20 f   libcpmtd:locale0.obj
 0001:0010cc40       _$E12                      1010dc40 f   libcpmtd:locale0.obj
 0001:0010cc60       _$E1                       1010dc60 f   libcpmtd:iosptrs.obj
 0001:0010cc80       _$E4                       1010dc80 f   libcpmtd:iosptrs.obj
 0001:0010cca0       _$E1                       1010dca0 f   comsuppd:comutil.obj
 0001:0010ccd0       _$E2                       1010dcd0 f   CAMClient.obj
 0001:0010ccf0       _$E6                       1010dcf0 f   Signature.obj
 0001:0010cd10       _$E9                       1010dd10 f   Signature.obj
 0001:0010cd30       _$E12                      1010dd30 f   Signature.obj
 0001:0010cd50       _$E15                      1010dd50 f   Signature.obj
 0001:0010cd70       _$E18                      1010dd70 f   Signature.obj
 0001:0010cd90       _$E21                      1010dd90 f   Signature.obj
 0001:0010cdb0       _$E24                      1010ddb0 f   Signature.obj
 0001:0010cdd0       _$E27                      1010ddd0 f   Signature.obj
 0001:0010cdf0       _$E30                      1010ddf0 f   Signature.obj
 0001:0010ce10       _$E33                      1010de10 f   Signature.obj
 0001:0010ce30       _$E6                       1010de30 f   XMLSign.obj
 0001:0010ce50       _$E6                       1010de50 f   atlsd:atlbase.obj
 0001:0010ce60       _$E6                       1010de60 f   atlsd:Externs.obj
 0001:0010ce70       _$E11                      1010de70 f   atlsd:Externs.obj
 0001:0010ce80       _$E6                       1010de80 f   atlsd:atlstr.obj
 0001:0010ce90       _$E9                       1010de90 f   atlsd:atlstr.obj
 0001:0010cea0       _$E6                       1010dea0 f   atlsd:atlcommodule.obj
 0001:0010ceb0       _$E2                       1010deb0 f   libcpmtd:xlock.obj
 0001:0010cec0       _$E2                       1010dec0 f   libcpmtd:locale0.obj
 0001:0010ced0       _$E2                       1010ded0 f   libcpmtd:nomemory.obj
 0001:0010cee0       _$E2                       1010dee0 f   libcpmtd:iosptrs.obj
 0001:0010cef0       _$E5                       1010def0 f   libcpmtd:iosptrs.obj
 0001:0010cf00       _$E2                       1010df00 f   comsuppd:comutil.obj
